<html>
<body>
<pre>
<h1>µVision Build Log</h1>
<h2>Tool Versions:</h2>
IDE-Version: µVision V5.39.0.0
Copyright (C) 2023 ARM Ltd and ARM Germany GmbH. All rights reserved.
License Information: Tran Quan, PTIT, LIC=----
 
Tool Versions:
Toolchain:       MDK-Lite  Version: 5.39.0.0
Toolchain Path:  D:\File_bai_tap\Keil_v5\ARM\ARMCLANG\Bin
C Compiler:      ArmClang.exe V6.21
Assembler:       Armasm.exe V6.21
Linker/Locator:  ArmLink.exe V6.21
Library Manager: ArmAr.exe V6.21
Hex Converter:   FromElf.exe V6.21
CPU DLL:         SARMCM3.DLL V5.39.0.0
Dialog DLL:      DCM.DLL V1.17.5.0
Target DLL:      UL2CM3.DLL V1.164.9.0
Dialog DLL:      TCM.DLL V1.56.4.0
 
<h2>Project:</h2>
D:\File_bai_tap\Ky_8\MCB\STM_prj\BH1750_I2C\bh1750_i2c.uvprojx
Project File Date:  03/22/2025

<h2>Output:</h2>
*** Using Compiler 'V6.21', folder: 'D:\File_bai_tap\Keil_v5\ARM\ARMCLANG\Bin'
Build target 'Target 1'
main.c(1): warning: In file included from...
D:/File_bai_tap/Keil_v5/Packs/Keil/STM32F1xx_DFP/2.4.1/Device/Include\stm32f10x.h(18): warning: invalid UTF-8 in comment [-Winvalid-utf8]
   18 |   *              - To use or not the peripheral<92>s drivers in application code(i.e. 
      |                                                ^
D:/File_bai_tap/Keil_v5/Packs/Keil/STM32F1xx_DFP/2.4.1/Device/Include\stm32f10x.h(19): warning: invalid UTF-8 in comment [-Winvalid-utf8]
   19 |   *                code will be based on direct access to peripheral<92>s registers 
      |                                                                     ^
D:/File_bai_tap/Keil_v5/Packs/Keil/STM32F1xx_DFP/2.4.1/Device/Include\stm32f10x.h(26): warning: invalid UTF-8 in comment [-Winvalid-utf8]
   26 |   *           - Macros to access peripheral<92>s registers hardware
      |                                            ^
main.c(1): warning: In file included from...
D:/File_bai_tap/Keil_v5/Packs/Keil/STM32F1xx_DFP/2.4.1/Device/Include\stm32f10x.h(8347): warning: In file included from...
./RTE/Device/STM32F103C8\stm32f10x_conf.h(63): warning: In file included from...
D:/File_bai_tap/Keil_v5/Packs/Keil/STM32F1xx_DFP/2.4.1/Device/StdPeriph_Driver/inc\stm32f10x_gpio.h(31): warning: In file included from...
D:/File_bai_tap/Keil_v5/Packs/Keil/STM32F1xx_DFP/2.4.1/Device/Include\stm32f10x.h(18): warning: invalid UTF-8 in comment [-Winvalid-utf8]
   18 |   *              - To use or not the peripheral<92>s drivers in application code(i.e. 
      |                                                ^
D:/File_bai_tap/Keil_v5/Packs/Keil/STM32F1xx_DFP/2.4.1/Device/Include\stm32f10x.h(19): warning: invalid UTF-8 in comment [-Winvalid-utf8]
   19 |   *                code will be based on direct access to peripheral<92>s registers 
      |                                                                     ^
D:/File_bai_tap/Keil_v5/Packs/Keil/STM32F1xx_DFP/2.4.1/Device/Include\stm32f10x.h(26): warning: invalid UTF-8 in comment [-Winvalid-utf8]
   26 |   *           - Macros to access peripheral<92>s registers hardware
      |                                            ^
main.c(1): warning: In file included from...
D:/File_bai_tap/Keil_v5/Packs/Keil/STM32F1xx_DFP/2.4.1/Device/Include\stm32f10x.h(8347): warning: In file included from...
./RTE/Device/STM32F103C8\stm32f10x_conf.h(66): warning: In file included from...
D:/File_bai_tap/Keil_v5/Packs/Keil/STM32F1xx_DFP/2.4.1/Device/StdPeriph_Driver/inc\stm32f10x_i2c.h(31): warning: In file included from...
D:/File_bai_tap/Keil_v5/Packs/Keil/STM32F1xx_DFP/2.4.1/Device/Include\stm32f10x.h(18): warning: invalid UTF-8 in comment [-Winvalid-utf8]
   18 |   *              - To use or not the peripheral<92>s drivers in application code(i.e. 
      |                                                ^
D:/File_bai_tap/Keil_v5/Packs/Keil/STM32F1xx_DFP/2.4.1/Device/Include\stm32f10x.h(19): warning: invalid UTF-8 in comment [-Winvalid-utf8]
   19 |   *                code will be based on direct access to peripheral<92>s registers 
      |                                                                     ^
D:/File_bai_tap/Keil_v5/Packs/Keil/STM32F1xx_DFP/2.4.1/Device/Include\stm32f10x.h(26): warning: invalid UTF-8 in comment [-Winvalid-utf8]
   26 |   *           - Macros to access peripheral<92>s registers hardware
      |                                            ^
main.c(1): warning: In file included from...
D:/File_bai_tap/Keil_v5/Packs/Keil/STM32F1xx_DFP/2.4.1/Device/Include\stm32f10x.h(8347): warning: In file included from...
./RTE/Device/STM32F103C8\stm32f10x_conf.h(75): warning: In file included from...
D:/File_bai_tap/Keil_v5/Packs/Keil/STM32F1xx_DFP/2.4.1/Device/StdPeriph_Driver/inc\stm32f10x_rcc.h(31): warning: In file included from...
D:/File_bai_tap/Keil_v5/Packs/Keil/STM32F1xx_DFP/2.4.1/Device/Include\stm32f10x.h(18): warning: invalid UTF-8 in comment [-Winvalid-utf8]
   18 |   *              - To use or not the peripheral<92>s drivers in application code(i.e. 
      |                                                ^
D:/File_bai_tap/Keil_v5/Packs/Keil/STM32F1xx_DFP/2.4.1/Device/Include\stm32f10x.h(19): warning: invalid UTF-8 in comment [-Winvalid-utf8]
   19 |   *                code will be based on direct access to peripheral<92>s registers 
      |                                                                     ^
D:/File_bai_tap/Keil_v5/Packs/Keil/STM32F1xx_DFP/2.4.1/Device/Include\stm32f10x.h(26): warning: invalid UTF-8 in comment [-Winvalid-utf8]
   26 |   *           - Macros to access peripheral<92>s registers hardware
      |                                            ^
main.c(1): warning: In file included from...
D:/File_bai_tap/Keil_v5/Packs/Keil/STM32F1xx_DFP/2.4.1/Device/Include\stm32f10x.h(8347): warning: In file included from...
./RTE/Device/STM32F103C8\stm32f10x_conf.h(87): warning: In file included from...
D:/File_bai_tap/Keil_v5/Packs/Keil/STM32F1xx_DFP/2.4.1/Device/StdPeriph_Driver/inc\stm32f10x_tim.h(31): warning: In file included from...
D:/File_bai_tap/Keil_v5/Packs/Keil/STM32F1xx_DFP/2.4.1/Device/Include\stm32f10x.h(18): warning: invalid UTF-8 in comment [-Winvalid-utf8]
   18 |   *              - To use or not the peripheral<92>s drivers in application code(i.e. 
      |                                                ^
D:/File_bai_tap/Keil_v5/Packs/Keil/STM32F1xx_DFP/2.4.1/Device/Include\stm32f10x.h(19): warning: invalid UTF-8 in comment [-Winvalid-utf8]
   19 |   *                code will be based on direct access to peripheral<92>s registers 
      |                                                                     ^
D:/File_bai_tap/Keil_v5/Packs/Keil/STM32F1xx_DFP/2.4.1/Device/Include\stm32f10x.h(26): warning: invalid UTF-8 in comment [-Winvalid-utf8]
   26 |   *           - Macros to access peripheral<92>s registers hardware
      |                                            ^
main.c(1): warning: In file included from...
D:/File_bai_tap/Keil_v5/Packs/Keil/STM32F1xx_DFP/2.4.1/Device/Include\stm32f10x.h(8347): warning: In file included from...
./RTE/Device/STM32F103C8\stm32f10x_conf.h(90): warning: In file included from...
D:/File_bai_tap/Keil_v5/Packs/Keil/STM32F1xx_DFP/2.4.1/Device/StdPeriph_Driver/inc\stm32f10x_usart.h(31): warning: In file included from...
D:/File_bai_tap/Keil_v5/Packs/Keil/STM32F1xx_DFP/2.4.1/Device/Include\stm32f10x.h(18): warning: invalid UTF-8 in comment [-Winvalid-utf8]
   18 |   *              - To use or not the peripheral<92>s drivers in application code(i.e. 
      |                                                ^
D:/File_bai_tap/Keil_v5/Packs/Keil/STM32F1xx_DFP/2.4.1/Device/Include\stm32f10x.h(19): warning: invalid UTF-8 in comment [-Winvalid-utf8]
   19 |   *                code will be based on direct access to peripheral<92>s registers 
      |                                                                     ^
D:/File_bai_tap/Keil_v5/Packs/Keil/STM32F1xx_DFP/2.4.1/Device/Include\stm32f10x.h(26): warning: invalid UTF-8 in comment [-Winvalid-utf8]
   26 |   *           - Macros to access peripheral<92>s registers hardware
      |                                            ^
main.c(1): warning: In file included from...
D:/File_bai_tap/Keil_v5/Packs/Keil/STM32F1xx_DFP/2.4.1/Device/Include\stm32f10x.h(8347): warning: In file included from...
./RTE/Device/STM32F103C8\stm32f10x_conf.h(96): warning: In file included from...
D:/File_bai_tap/Keil_v5/Packs/Keil/STM32F1xx_DFP/2.4.1/Device/StdPeriph_Driver/inc\misc.h(31): warning: In file included from...
D:/File_bai_tap/Keil_v5/Packs/Keil/STM32F1xx_DFP/2.4.1/Device/Include\stm32f10x.h(18): warning: invalid UTF-8 in comment [-Winvalid-utf8]
   18 |   *              - To use or not the peripheral<92>s drivers in application code(i.e. 
      |                                                ^
D:/File_bai_tap/Keil_v5/Packs/Keil/STM32F1xx_DFP/2.4.1/Device/Include\stm32f10x.h(19): warning: invalid UTF-8 in comment [-Winvalid-utf8]
   19 |   *                code will be based on direct access to peripheral<92>s registers 
      |                                                                     ^
D:/File_bai_tap/Keil_v5/Packs/Keil/STM32F1xx_DFP/2.4.1/Device/Include\stm32f10x.h(26): warning: invalid UTF-8 in comment [-Winvalid-utf8]
   26 |   *           - Macros to access peripheral<92>s registers hardware
      |                                            ^
main.c(1): warning: In file included from...
D:/File_bai_tap/Keil_v5/Packs/Keil/STM32F1xx_DFP/2.4.1/Device/Include\stm32f10x.h(8347): warning: In file included from...
./RTE/Device/STM32F103C8\stm32f10x_conf.h(87): warning: In file included from...
D:/File_bai_tap/Keil_v5/Packs/Keil/STM32F1xx_DFP/2.4.1/Device/StdPeriph_Driver/inc\stm32f10x_tim.h(50): warning: padding size of 'TIM_TimeBaseInitTypeDef' with 1 byte to alignment boundary [-Wpadded]
   50 | typedef struct
      |         ^
main.c(8): warning: mixing declarations and code is incompatible with standards before C99 [-Wdeclaration-after-statement]
    8 |     TIM_TimeBaseInitTypeDef timerInitStructure;
      |                             ^
main.c(5): warning: no previous prototype for function 'Timer_Init' [-Wmissing-prototypes]
    5 | void Timer_Init(void) {
      |      ^
main.c(5): note: declare 'static' if the function is not intended to be used outside of this translation unit
    5 | void Timer_Init(void) {
      | ^
      | static 
main.c(16): warning: no previous prototype for function 'Delay_us' [-Wmissing-prototypes]
   16 | void Delay_us(uint32_t delay) {
      |      ^
main.c(16): note: declare 'static' if the function is not intended to be used outside of this translation unit
   16 | void Delay_us(uint32_t delay) {
      | ^
      | static 
main.c(21): warning: no previous prototype for function 'delay_ms' [-Wmissing-prototypes]
   21 | void delay_ms(uint32_t delay) {
      |      ^
main.c(21): note: declare 'static' if the function is not intended to be used outside of this translation unit
   21 | void delay_ms(uint32_t delay) {
      | ^
      | static 
main.c(27): warning: a function declaration without a prototype is deprecated in all versions of C [-Wstrict-prototypes]
   27 | void UART_Init()
      |               ^
      |                void
main.c(1): warning: In file included from...
D:/File_bai_tap/Keil_v5/Packs/Keil/STM32F1xx_DFP/2.4.1/Device/Include\stm32f10x.h(8347): warning: In file included from...
./RTE/Device/STM32F103C8\stm32f10x_conf.h(90): warning: In file included from...
D:/File_bai_tap/Keil_v5/Packs/Keil/STM32F1xx_DFP/2.4.1/Device/StdPeriph_Driver/inc\stm32f10x_usart.h(49): warning: padding size of 'USART_InitTypeDef' with 2 bytes to alignment boundary [-Wpadded]
   49 | typedef struct
      |         ^
main.c(27): warning: no previous prototype for function 'UART_Init' [-Wmissing-prototypes]
   27 | void UART_Init()
      |      ^
main.c(27): note: declare 'static' if the function is not intended to be used outside of this translation unit
   27 | void UART_Init()
      | ^
      | static 
main.c(56): warning: a function declaration without a prototype is deprecated in all versions of C [-Wstrict-prototypes]
   56 | void I2C_Config()
      |                ^
      |                 void
main.c(1): warning: In file included from...
D:/File_bai_tap/Keil_v5/Packs/Keil/STM32F1xx_DFP/2.4.1/Device/Include\stm32f10x.h(8347): warning: In file included from...
./RTE/Device/STM32F103C8\stm32f10x_conf.h(66): warning: In file included from...
D:/File_bai_tap/Keil_v5/Packs/Keil/STM32F1xx_DFP/2.4.1/Device/StdPeriph_Driver/inc\stm32f10x_i2c.h(49): warning: padding size of 'I2C_InitTypeDef' with 2 bytes to alignment boundary [-Wpadded]
   49 | typedef struct
      |         ^
main.c(56): warning: no previous prototype for function 'I2C_Config' [-Wmissing-prototypes]
   56 | void I2C_Config()
      |      ^
main.c(56): note: declare 'static' if the function is not intended to be used outside of this translation unit
   56 | void I2C_Config()
      | ^
      | static 
main.c(79): warning: no previous prototype for function 'usart_sendchar' [-Wmissing-prototypes]
   79 | void usart_sendchar(char ch)
      |      ^
main.c(79): note: declare 'static' if the function is not intended to be used outside of this translation unit
   79 | void usart_sendchar(char ch)
      | ^
      | static 
main.c(92): warning: implicit conversion loses integer precision: 'int' to 'char' [-Wimplicit-int-conversion]
   92 |         usart_sendchar(ch);
      |         ~~~~~~~~~~~~~~ ^~
main.c(90): warning: unused parameter 'f' [-Wunused-parameter]
   90 | int fputc(int ch,FILE*f)
      |                       ^
main.c(96): warning: a function declaration without a prototype is deprecated in all versions of C [-Wstrict-prototypes]
   96 | void I2C_START()
      |               ^
      |                void
main.c(96): warning: no previous prototype for function 'I2C_START' [-Wmissing-prototypes]
   96 | void I2C_START()
      |      ^
main.c(96): note: declare 'static' if the function is not intended to be used outside of this translation unit
   96 | void I2C_START()
      | ^
      | static 
main.c(102): warning: no previous prototype for function 'I2C_SENDADDRESS' [-Wmissing-prototypes]
  102 | void I2C_SENDADDRESS(uint8_t addr, uint8_t direct)
      |      ^
main.c(102): note: declare 'static' if the function is not intended to be used outside of this translation unit
  102 | void I2C_SENDADDRESS(uint8_t addr, uint8_t direct)
      | ^
      | static 
main.c(116): warning: no previous prototype for function 'I2C_SENDBYTE' [-Wmissing-prototypes]
  116 | void I2C_SENDBYTE(uint8_t data)
      |      ^
main.c(116): note: declare 'static' if the function is not intended to be used outside of this translation unit
  116 | void I2C_SENDBYTE(uint8_t data)
      | ^
      | static 
main.c(122): warning: a function declaration without a prototype is deprecated in all versions of C [-Wstrict-prototypes]
  122 | void I2C_STOP()
      |              ^
      |               void
main.c(122): warning: no previous prototype for function 'I2C_STOP' [-Wmissing-prototypes]
  122 | void I2C_STOP()
      |      ^
main.c(122): note: declare 'static' if the function is not intended to be used outside of this translation unit
  122 | void I2C_STOP()
      | ^
      | static 
main.c(127): warning: a function declaration without a prototype is deprecated in all versions of C [-Wstrict-prototypes]
  127 | uint8_t I2C_RECEIVE()
      |                    ^
      |                     void
main.c(127): warning: no previous prototype for function 'I2C_RECEIVE' [-Wmissing-prototypes]
  127 | uint8_t I2C_RECEIVE()
      |         ^
main.c(127): note: declare 'static' if the function is not intended to be used outside of this translation unit
  127 | uint8_t I2C_RECEIVE()
      | ^
      | static 
main.c(133): warning: a function declaration without a prototype is deprecated in all versions of C [-Wstrict-prototypes]
  133 | uint16_t I2C_ReadLight()
      |                       ^
      |                        void
main.c(146): warning: implicit conversion loses integer precision: 'int' to 'uint16_t' (aka 'unsigned short') [-Wimplicit-int-conversion]
  146 |         return (data[0]<<8) | data[1];
      |         ~~~~~~ ~~~~~~~~~~~~~^~~~~~~~~
main.c(133): warning: no previous prototype for function 'I2C_ReadLight' [-Wmissing-prototypes]
  133 | uint16_t I2C_ReadLight()
      |          ^
main.c(133): note: declare 'static' if the function is not intended to be used outside of this translation unit
  133 | uint16_t I2C_ReadLight()
      | ^
      | static 
main.c(149): warning: a function declaration without a prototype is deprecated in all versions of C [-Wstrict-prototypes]
  149 | int main(){
      |         ^
      |          void
main.c(157): warning: implicit conversion increases floating-point precision: 'float' to 'double' [-Wdouble-promotion]
  157 |                 printf("Cuong do anh sang: %f lux\n", (float)light/1.2);
      |                                                       ^~~~~~~~~~~~~
main.c(160): warning: no newline at end of file [-Wnewline-eof]
  160 | }
      |  ^
main.c(144): warning: unsafe buffer access [-Wunsafe-buffer-usage]
  144 |         data[1]= I2C_RECEIVE();
      |         ^~~~
main.c(146): warning: unsafe buffer access [-Wunsafe-buffer-usage]
  146 |         return (data[0]<<8) | data[1];
      |                               ^~~~
51 warnings generated.
compiling main.c...
linking...
Program Size: Code=11844 RO-data=852 RW-data=0 ZI-data=1720  
".\Objects\bh1750_i2c.axf" - 0 Error(s), 51 Warning(s).

<h2>Software Packages used:</h2>

Package Vendor: ARM
                http://www.keil.com/pack/ARM.CMSIS.5.9.0.pack
                ARM::CMSIS@5.9.0
                CMSIS (Common Microcontroller Software Interface Standard)
   * Component: CORE Version: 5.6.0

Package Vendor: Keil
                https://www.keil.com/pack/Keil.STM32F1xx_DFP.2.4.1.pack
                Keil::STM32F1xx_DFP@2.4.1
                STMicroelectronics STM32F1 Series Device Support, Drivers and Examples
   * Component: Startup Version: 1.0.0
   * Component: Framework Version: 3.6.0
   * Component: GPIO Version: 3.6.0
   * Component: I2C Version: 3.6.0
   * Component: RCC Version: 3.6.0
   * Component: TIM Version: 3.6.0
   * Component: USART Version: 3.6.0

<h2>Collection of Component include folders:</h2>
  ./RTE/Device/STM32F103C8
  ./RTE/_Target_1
  D:/File_bai_tap/Keil_v5/Packs/ARM/CMSIS/5.9.0/CMSIS/Core/Include
  D:/File_bai_tap/Keil_v5/Packs/Keil/STM32F1xx_DFP/2.4.1/Device/Include
  D:/File_bai_tap/Keil_v5/Packs/Keil/STM32F1xx_DFP/2.4.1/Device/StdPeriph_Driver/inc

<h2>Collection of Component Files used:</h2>

   * Component: ARM::CMSIS:CORE@5.6.0

   * Component: Keil::Device:Startup@1.0.0
      Source file:   Device/Source/system_stm32f10x.c
      Source file:   Device/Source/ARM/startup_stm32f10x_md.s
      Include file:  RTE_Driver/Config/RTE_Device.h
      Source file:   Device/Source/ARM/STM32F1xx_OPT.s

   * Component: Keil::Device:StdPeriph Drivers:Framework@3.6.0
      Include file:  Device/StdPeriph_Driver/inc/misc.h
      Include file:  Device/StdPeriph_Driver/templates/stm32f10x_it.h
      Source file:   Device/StdPeriph_Driver/templates/stm32f10x_it.c
      Source file:   Device/StdPeriph_Driver/src/misc.c
      Source file:   Device/StdPeriph_Driver/templates/stm32f10x_conf.h

   * Component: Keil::Device:StdPeriph Drivers:GPIO@3.6.0
      Include file:  Device/StdPeriph_Driver/inc/stm32f10x_gpio.h
      Source file:   Device/StdPeriph_Driver/src/stm32f10x_gpio.c

   * Component: Keil::Device:StdPeriph Drivers:I2C@3.6.0
      Include file:  Device/StdPeriph_Driver/inc/stm32f10x_i2c.h
      Source file:   Device/StdPeriph_Driver/src/stm32f10x_i2c.c

   * Component: Keil::Device:StdPeriph Drivers:RCC@3.6.0
      Source file:   Device/StdPeriph_Driver/src/stm32f10x_rcc.c
      Include file:  Device/StdPeriph_Driver/inc/stm32f10x_rcc.h

   * Component: Keil::Device:StdPeriph Drivers:TIM@3.6.0
      Include file:  Device/StdPeriph_Driver/inc/stm32f10x_tim.h
      Source file:   Device/StdPeriph_Driver/src/stm32f10x_tim.c

   * Component: Keil::Device:StdPeriph Drivers:USART@3.6.0
      Include file:  Device/StdPeriph_Driver/inc/stm32f10x_usart.h
      Source file:   Device/StdPeriph_Driver/src/stm32f10x_usart.c
Build Time Elapsed:  00:00:03
</pre>
</body>
</html>
