Component: Arm Compiler for Embedded 6.21 Tool: armlink [5ec1fa00]

==============================================================================

Section Cross References

    main.o(.text.Timer_Init) refers to stm32f10x_rcc.o(.text.RCC_APB1PeriphClockCmd) for RCC_APB1PeriphClockCmd
    main.o(.text.Timer_Init) refers to stm32f10x_tim.o(.text.TIM_TimeBaseInit) for TIM_TimeBaseInit
    main.o(.text.Timer_Init) refers to stm32f10x_tim.o(.text.TIM_Cmd) for TIM_Cmd
    main.o(.ARM.exidx.text.Timer_Init) refers to main.o(.text.Timer_Init) for [Anonymous Symbol]
    main.o(.text.Delay_us) refers to stm32f10x_tim.o(.text.TIM_SetCounter) for TIM_SetCounter
    main.o(.text.Delay_us) refers to stm32f10x_tim.o(.text.TIM_GetCounter) for TIM_GetCounter
    main.o(.ARM.exidx.text.Delay_us) refers to main.o(.text.Delay_us) for [Anonymous Symbol]
    main.o(.text.delay_ms) refers to main.o(.text.Delay_us) for Delay_us
    main.o(.ARM.exidx.text.delay_ms) refers to main.o(.text.delay_ms) for [Anonymous Symbol]
    main.o(.text.UART_Init) refers to stm32f10x_rcc.o(.text.RCC_APB2PeriphClockCmd) for RCC_APB2PeriphClockCmd
    main.o(.text.UART_Init) refers to stm32f10x_gpio.o(.text.GPIO_Init) for GPIO_Init
    main.o(.text.UART_Init) refers to stm32f10x_usart.o(.text.USART_Init) for USART_Init
    main.o(.text.UART_Init) refers to stm32f10x_usart.o(.text.USART_Cmd) for USART_Cmd
    main.o(.ARM.exidx.text.UART_Init) refers to main.o(.text.UART_Init) for [Anonymous Symbol]
    main.o(.text.I2C_Config) refers to stm32f10x_rcc.o(.text.RCC_APB1PeriphClockCmd) for RCC_APB1PeriphClockCmd
    main.o(.text.I2C_Config) refers to stm32f10x_rcc.o(.text.RCC_APB2PeriphClockCmd) for RCC_APB2PeriphClockCmd
    main.o(.text.I2C_Config) refers to stm32f10x_gpio.o(.text.GPIO_Init) for GPIO_Init
    main.o(.text.I2C_Config) refers to stm32f10x_i2c.o(.text.I2C_Init) for I2C_Init
    main.o(.text.I2C_Config) refers to stm32f10x_i2c.o(.text.I2C_Cmd) for I2C_Cmd
    main.o(.ARM.exidx.text.I2C_Config) refers to main.o(.text.I2C_Config) for [Anonymous Symbol]
    main.o(.text.usart_sendchar) refers to stm32f10x_usart.o(.text.USART_SendData) for USART_SendData
    main.o(.text.usart_sendchar) refers to stm32f10x_usart.o(.text.USART_GetFlagStatus) for USART_GetFlagStatus
    main.o(.ARM.exidx.text.usart_sendchar) refers to main.o(.text.usart_sendchar) for [Anonymous Symbol]
    main.o(.text.fputc) refers to main.o(.text.usart_sendchar) for usart_sendchar
    main.o(.ARM.exidx.text.fputc) refers to main.o(.text.fputc) for [Anonymous Symbol]
    main.o(.text.I2C_START) refers to stm32f10x_i2c.o(.text.I2C_GenerateSTART) for I2C_GenerateSTART
    main.o(.text.I2C_START) refers to stm32f10x_i2c.o(.text.I2C_CheckEvent) for I2C_CheckEvent
    main.o(.ARM.exidx.text.I2C_START) refers to main.o(.text.I2C_START) for [Anonymous Symbol]
    main.o(.text.I2C_SENDADDRESS) refers to stm32f10x_i2c.o(.text.I2C_Send7bitAddress) for I2C_Send7bitAddress
    main.o(.text.I2C_SENDADDRESS) refers to stm32f10x_i2c.o(.text.I2C_CheckEvent) for I2C_CheckEvent
    main.o(.ARM.exidx.text.I2C_SENDADDRESS) refers to main.o(.text.I2C_SENDADDRESS) for [Anonymous Symbol]
    main.o(.text.I2C_SENDBYTE) refers to stm32f10x_i2c.o(.text.I2C_SendData) for I2C_SendData
    main.o(.text.I2C_SENDBYTE) refers to stm32f10x_i2c.o(.text.I2C_CheckEvent) for I2C_CheckEvent
    main.o(.ARM.exidx.text.I2C_SENDBYTE) refers to main.o(.text.I2C_SENDBYTE) for [Anonymous Symbol]
    main.o(.text.I2C_STOP) refers to stm32f10x_i2c.o(.text.I2C_GenerateSTOP) for I2C_GenerateSTOP
    main.o(.ARM.exidx.text.I2C_STOP) refers to main.o(.text.I2C_STOP) for [Anonymous Symbol]
    main.o(.text.I2C_RECEIVE) refers to stm32f10x_i2c.o(.text.I2C_CheckEvent) for I2C_CheckEvent
    main.o(.text.I2C_RECEIVE) refers to stm32f10x_i2c.o(.text.I2C_ReceiveData) for I2C_ReceiveData
    main.o(.ARM.exidx.text.I2C_RECEIVE) refers to main.o(.text.I2C_RECEIVE) for [Anonymous Symbol]
    main.o(.text.I2C_ReadLight) refers to main.o(.text.I2C_START) for I2C_START
    main.o(.text.I2C_ReadLight) refers to main.o(.text.I2C_SENDADDRESS) for I2C_SENDADDRESS
    main.o(.text.I2C_ReadLight) refers to main.o(.text.I2C_SENDBYTE) for I2C_SENDBYTE
    main.o(.text.I2C_ReadLight) refers to main.o(.text.I2C_STOP) for I2C_STOP
    main.o(.text.I2C_ReadLight) refers to main.o(.text.delay_ms) for delay_ms
    main.o(.text.I2C_ReadLight) refers to main.o(.text.I2C_RECEIVE) for I2C_RECEIVE
    main.o(.ARM.exidx.text.I2C_ReadLight) refers to main.o(.text.I2C_ReadLight) for [Anonymous Symbol]
    main.o(.text.main) refers to main.o(.text.I2C_Config) for I2C_Config
    main.o(.text.main) refers to main.o(.text.Timer_Init) for Timer_Init
    main.o(.text.main) refers to main.o(.text.UART_Init) for UART_Init
    main.o(.text.main) refers to main.o(.text.I2C_ReadLight) for I2C_ReadLight
    main.o(.text.main) refers to fflt_clz.o(x$fpl$ffltu) for __aeabi_ui2f
    main.o(.text.main) refers to f2d.o(x$fpl$f2d) for __aeabi_f2d
[...]
    ../clib/printf.c                         0x00000000   Number         0  _printf_oct_int.o ABSOLUTE
    ../clib/printf.c                         0x00000000   Number         0  _printf_oct_int_ll.o ABSOLUTE
    ../clib/printf.c                         0x00000000   Number         0  _printf_hex_ll.o ABSOLUTE
    ../clib/printf.c                         0x00000000   Number         0  _printf_hex_int.o ABSOLUTE
    ../clib/printf.c                         0x00000000   Number         0  _printf_hex_int_ll.o ABSOLUTE
    ../clib/printf.c                         0x00000000   Number         0  _printf_hex_ptr.o ABSOLUTE
    ../clib/printf.c                         0x00000000   Number         0  _printf_hex_int_ptr.o ABSOLUTE
    ../clib/printf.c                         0x00000000   Number         0  _printf_hex_ll_ptr.o ABSOLUTE
    ../clib/printf.c                         0x00000000   Number         0  _printf_hex_int_ll_ptr.o ABSOLUTE
    ../clib/printf.c                         0x00000000   Number         0  __printf_flags.o ABSOLUTE
    ../clib/printf.c                         0x00000000   Number         0  __printf_ss.o ABSOLUTE
    ../clib/printf.c                         0x00000000   Number         0  __printf_flags_ss.o ABSOLUTE
    ../clib/printf.c                         0x00000000   Number         0  __printf_wp.o ABSOLUTE
    ../clib/printf.c                         0x00000000   Number         0  __printf_flags_wp.o ABSOLUTE
    ../clib/printf.c                         0x00000000   Number         0  __printf_ss_wp.o ABSOLUTE
    ../clib/printf.c                         0x00000000   Number         0  __printf_flags_ss_wp.o ABSOLUTE
    ../clib/printf.c                         0x00000000   Number         0  _printf_intcommon.o ABSOLUTE
    ../clib/printf.c                         0x00000000   Number         0  _printf_fp_dec.o ABSOLUTE
    ../clib/printf.c                         0x00000000   Number         0  _printf_fp_dec_accurate.o ABSOLUTE
    ../clib/printf.c                         0x00000000   Number         0  _printf_fp_hex.o ABSOLUTE
    ../clib/printf.c                         0x00000000   Number         0  _printf_char_common.o ABSOLUTE
    ../clib/printf.c                         0x00000000   Number         0  _printf_char.o ABSOLUTE
    ../clib/printf.c                         0x00000000   Number         0  _printf_wchar.o ABSOLUTE
    ../clib/printf.c                         0x00000000   Number         0  _printf_fp_infnan.o ABSOLUTE
    ../clib/printf.c                         0x00000000   Number         0  __printf_nopercent.o ABSOLUTE
    ../clib/printf_percent.s                 0x00000000   Number         0  _printf_c.o ABSOLUTE
    ../clib/printf_percent.s                 0x00000000   Number         0  _printf_s.o ABSOLUTE
    ../clib/printf_percent.s                 0x00000000   Number         0  _printf_n.o ABSOLUTE
    ../clib/printf_percent.s                 0x00000000   Number         0  _printf_x.o ABSOLUTE
    ../clib/printf_percent.s                 0x00000000   Number         0  _printf_p.o ABSOLUTE
    ../clib/printf_percent.s                 0x00000000   Number         0  _printf_o.o ABSOLUTE
    ../clib/printf_percent.s                 0x00000000   Number         0  _printf_i.o ABSOLUTE
    ../clib/printf_percent.s                 0x00000000   Number         0  _printf_d.o ABSOLUTE
    ../clib/printf_percent.s                 0x00000000   Number         0  _printf_u.o ABSOLUTE
    ../clib/printf_percent.s                 0x00000000   Number         0  _printf_f.o ABSOLUTE
    ../clib/printf_percent.s                 0x00000000   Number         0  _printf_e.o ABSOLUTE
    ../clib/printf_percent.s                 0x00000000   Number         0  _printf_g.o ABSOLUTE
    ../clib/printf_percent.s                 0x00000000   Number         0  _printf_a.o ABSOLUTE
    ../clib/printf_percent.s                 0x00000000   Number         0  _printf_percent.o ABSOLUTE
    ../clib/printf_percent.s                 0x00000000   Number         0  _printf_lli.o ABSOLUTE
    ../clib/printf_percent.s                 0x00000000   Number         0  _printf_lld.o ABSOLUTE
    ../clib/printf_percent.s                 0x00000000   Number         0  _printf_llu.o ABSOLUTE
    ../clib/printf_percent.s                 0x00000000   Number         0  _printf_ll.o ABSOLUTE
    ../clib/printf_percent.s                 0x00000000   Number         0  _printf_l.o ABSOLUTE
    ../clib/printf_percent.s                 0x00000000   Number         0  _printf_lc.o ABSOLUTE
    ../clib/printf_percent.s                 0x00000000   Number         0  _printf_ls.o ABSOLUTE
    ../clib/printf_percent.s                 0x00000000   Number         0  _printf_llo.o ABSOLUTE
    ../clib/printf_percent.s                 0x00000000   Number         0  _printf_llx.o ABSOLUTE
    ../clib/printf_percent.s                 0x00000000   Number         0  _printf_percent_end.o ABSOLUTE
    ../clib/signal.c                         0x00000000   Number         0  defsig_rtmem_outer.o ABSOLUTE
    ../clib/signal.c                         0x00000000   Number         0  defsig_rtmem_formal.o ABSOLUTE
    ../clib/signal.c                         0x00000000   Number         0  defsig_exit.o ABSOLUTE
    ../clib/signal.c                         0x00000000   Number         0  defsig_rtmem_inner.o ABSOLUTE
    ../clib/signal.c                         0x00000000   Number         0  __raise.o ABSOLUTE
    ../clib/signal.c                         0x00000000   Number         0  defsig_general.o ABSOLUTE
    ../clib/signal.c                         0x00000000   Number         0  defsig_abrt_inner.o ABSOLUTE
    ../clib/signal.c                         0x00000000   Number         0  defsig_fpe_inner.o ABSOLUTE
    ../clib/signal.c                         0x00000000   Number         0  defsig_rtred_inner.o ABSOLUTE
    ../clib/signal.c                         0x00000000   Number         0  defsig_stak_inner.o ABSOLUTE
    ../clib/signal.c                         0x00000000   Number         0  defsig_pvfn_inner.o ABSOLUTE
    ../clib/signal.c                         0x00000000   Number         0  defsig_cppl_inner.o ABSOLUTE
    ../clib/signal.c                         0x00000000   Number         0  defsig_segv_inner.o ABSOLUTE
    ../clib/signal.c                         0x00000000   Number         0  defsig_other.o ABSOLUTE
    ../clib/signal.s                         0x00000000   Number         0  defsig.o ABSOLUTE
    ../clib/stdio.c                          0x00000000   Number         0  ferror.o ABSOLUTE
    ../clib/stdio.c                          0x00000000   Number         0  ferror_locked.o ABSOLUTE
    ../clib/stdlib.c                         0x00000000   Number         0  exit.o ABSOLUTE
    ../fplib/ddiv.s                          0x00000000   Number         0  ddiv.o ABSOLUTE
    ../fplib/dnaninf.s                       0x00000000   Number         0  dnaninf.o ABSOLUTE
    ../fplib/dretinf.s                       0x00000000   Number         0  dretinf.o ABSOLUTE
    ../fplib/f2d.s                           0x00000000   Number         0  f2d.o ABSOLUTE
    ../fplib/fflt.s                          0x00000000   Number         0  fflt_clz.o ABSOLUTE
    ../fplib/fnaninf.s                       0x00000000   Number         0  fnaninf.o ABSOLUTE
    ../fplib/fpinit.s                        0x00000000   Number         0  fpinit.o ABSOLUTE
    ../fplib/fpinit_empty.s                  0x00000000   Number         0  fpinit_empty.o ABSOLUTE
    ../fplib/istatus.s                       0x00000000   Number         0  istatus.o ABSOLUTE
    ../fplib/printf1.s                       0x00000000   Number         0  printf1.o ABSOLUTE
    ../fplib/printf2.s                       0x00000000   Number         0  printf2.o ABSOLUTE
    ../fplib/printf2a.s                      0x00000000   Number         0  printf2a.o ABSOLUTE
    ../fplib/printf2b.s                      0x00000000   Number         0  printf2b.o ABSOLUTE
    ../fplib/usenofp.s                       0x00000000   Number         0  usenofp.o ABSOLUTE
    ../mathlib/fpclassify.c                  0x00000000   Number         0  fpclassify.o ABSOLUTE
    RTE/Device/STM32F103C8/startup_stm32f10x_md.s 0x00000000   Number         0  startup_stm32f10x_md.o ABSOLUTE
    dc.s                                     0x00000000   Number         0  dc.o ABSOLUTE
    main.c                                   0x00000000   Number         0  main.o ABSOLUTE
    misc.c                                   0x00000000   Number         0  misc.o ABSOLUTE
    stm32f10x_gpio.c                         0x00000000   Number         0  stm32f10x_gpio.o ABSOLUTE
    stm32f10x_i2c.c                          0x00000000   Number         0  stm32f10x_i2c.o ABSOLUTE
    stm32f10x_rcc.c                          0x00000000   Number         0  stm32f10x_rcc.o ABSOLUTE
    stm32f10x_tim.c                          0x00000000   Number         0  stm32f10x_tim.o ABSOLUTE
    stm32f10x_usart.c                        0x00000000   Number         0  stm32f10x_usart.o ABSOLUTE
    system_stm32f10x.c                       0x00000000   Number         0  system_stm32f10x.o ABSOLUTE
    RESET                                    0x08000000   Section      236  startup_stm32f10x_md.o(RESET)
    !!!main                                  0x080000ec   Section        8  __main.o(!!!main)
    !!!scatter                               0x080000f4   Section       92  __scatter.o(!!!scatter)
    !!handler_null                           0x08000150   Section        2  __scatter.o(!!handler_null)
    !!handler_zi                             0x08000154   Section       28  __scatter_zi.o(!!handler_zi)
    .ARM.Collect$$_printf_percent$$00000000  0x08000170   Section        0  _printf_percent.o(.ARM.Collect$$_printf_percent$$00000000)
    .ARM.Collect$$_printf_percent$$00000001  0x08000170   Section        6  _printf_n.o(.ARM.Collect$$_printf_percent$$00000001)
    .ARM.Collect$$_printf_percent$$00000002  0x08000176   Section        6  _printf_p.o(.ARM.Collect$$_printf_percent$$00000002)
    .ARM.Collect$$_printf_percent$$00000003  0x0800017c   Section        6  _printf_f.o(.ARM.Collect$$_printf_percent$$00000003)
    .ARM.Collect$$_printf_percent$$00000004  0x08000182   Section        6  _printf_e.o(.ARM.Collect$$_printf_percent$$00000004)
    .ARM.Collect$$_printf_percent$$00000005  0x08000188   Section        6  _printf_g.o(.ARM.Collect$$_printf_percent$$00000005)
    .ARM.Collect$$_printf_percent$$00000006  0x0800018e   Section        6  _printf_a.o(.ARM.Collect$$_printf_percent$$00000006)
    .ARM.Collect$$_printf_percent$$00000007  0x08000194   Section       10  _printf_ll.o(.ARM.Collect$$_printf_percent$$00000007)
    .ARM.Collect$$_printf_percent$$00000008  0x0800019e   Section        6  _printf_i.o(.ARM.Collect$$_printf_percent$$00000008)
    .ARM.Collect$$_printf_percent$$00000009  0x080001a4   Section        6  _printf_d.o(.ARM.Collect$$_printf_percent$$00000009)
    .ARM.Collect$$_printf_percent$$0000000A  0x080001aa   Section        6  _printf_u.o(.ARM.Collect$$_printf_percent$$0000000A)
    .ARM.Collect$$_printf_percent$$0000000B  0x080001b0   Section        6  _printf_o.o(.ARM.Collect$$_printf_percent$$0000000B)
    .ARM.Collect$$_printf_percent$$0000000C  0x080001b6   Section        6  _printf_x.o(.ARM.Collect$$_printf_percent$$0000000C)
    .ARM.Collect$$_printf_percent$$0000000D  0x080001bc   Section        6  _printf_lli.o(.ARM.Collect$$_printf_percent$$0000000D)
    .ARM.Collect$$_printf_percent$$0000000E  0x080001c2   Section        6  _printf_lld.o(.ARM.Collect$$_printf_percent$$0000000E)
    .ARM.Collect$$_printf_percent$$0000000F  0x080001c8   Section        6  _printf_llu.o(.ARM.Collect$$_printf_percent$$0000000F)
    .ARM.Collect$$_printf_percent$$00000010  0x080001ce   Section        6  _printf_llo.o(.ARM.Collect$$_printf_percent$$00000010)
    .ARM.Collect$$_printf_percent$$00000011  0x080001d4   Section        6  _printf_llx.o(.ARM.Collect$$_printf_percent$$00000011)
    .ARM.Collect$$_printf_percent$$00000012  0x080001da   Section       10  _printf_l.o(.ARM.Collect$$_printf_percent$$00000012)
    .ARM.Collect$$_printf_percent$$00000013  0x080001e4   Section        6  _printf_c.o(.ARM.Collect$$_printf_percent$$00000013)
    .ARM.Collect$$_printf_percent$$00000014  0x080001ea   Section        6  _printf_s.o(.ARM.Collect$$_printf_percent$$00000014)
    .ARM.Collect$$_printf_percent$$00000015  0x080001f0   Section        6  _printf_lc.o(.ARM.Collect$$_printf_percent$$00000015)
    .ARM.Collect$$_printf_percent$$00000016  0x080001f6   Section        6  _printf_ls.o(.ARM.Collect$$_printf_percent$$00000016)
    .ARM.Collect$$_printf_percent$$00000017  0x080001fc   Section        4  _printf_percent_end.o(.ARM.Collect$$_printf_percent$$00000017)
    .ARM.Collect$$libinit$$00000000          0x08000200   Section        2  libinit.o(.ARM.Collect$$libinit$$00000000)
    .ARM.Collect$$libinit$$00000002          0x08000202   Section        0  libinit2.o(.ARM.Collect$$libinit$$00000002)
    .ARM.Collect$$libinit$$00000004          0x08000202   Section        0  libinit2.o(.ARM.Collect$$libinit$$00000004)
    .ARM.Collect$$libinit$$00000006          0x08000202   Section        0  libinit2.o(.ARM.Collect$$libinit$$00000006)
    .ARM.Collect$$libinit$$0000000C          0x08000202   Section        0  libinit2.o(.ARM.Collect$$libinit$$0000000C)
    .ARM.Collect$$libinit$$0000000E          0x08000202   Section        0  libinit2.o(.ARM.Collect$$libinit$$0000000E)
    .ARM.Collect$$libinit$$00000010          0x08000202   Section        0  libinit2.o(.ARM.Collect$$libinit$$00000010)
    .ARM.Collect$$libinit$$00000011          0x08000202   Section        6  libinit2.o(.ARM.Collect$$libinit$$00000011)
    .ARM.Collect$$libinit$$00000013          0x08000208   Section        0  libinit2.o(.ARM.Collect$$libinit$$00000013)
    .ARM.Collect$$libinit$$00000014          0x08000208   Section       12  libinit2.o(.ARM.Collect$$libinit$$00000014)
    .ARM.Collect$$libinit$$00000015          0x08000214   Section        0  libinit2.o(.ARM.Collect$$libinit$$00000015)
    .ARM.Collect$$libinit$$00000017          0x08000214   Section        0  libinit2.o(.ARM.Collect$$libinit$$00000017)
    .ARM.Collect$$libinit$$00000018          0x08000214   Section       10  libinit2.o(.ARM.Collect$$libinit$$00000018)
    .ARM.Collect$$libinit$$00000019          0x0800021e   Section        0  libinit2.o(.ARM.Collect$$libinit$$00000019)
    .ARM.Collect$$libinit$$0000001B          0x0800021e   Section        0  libinit2.o(.ARM.Collect$$libinit$$0000001B)
    .ARM.Collect$$libinit$$0000001D          0x0800021e   Section        0  libinit2.o(.ARM.Collect$$libinit$$0000001D)
    .ARM.Collect$$libinit$$0000001F          0x0800021e   Section        0  libinit2.o(.ARM.Collect$$libinit$$0000001F)
    .ARM.Collect$$libinit$$00000021          0x0800021e   Section        0  libinit2.o(.ARM.Collect$$libinit$$00000021)
    .ARM.Collect$$libinit$$00000023          0x0800021e   Section        0  libinit2.o(.ARM.Collect$$libinit$$00000023)
    .ARM.Collect$$libinit$$00000025          0x0800021e   Section        0  libinit2.o(.ARM.Collect$$libinit$$00000025)
    .ARM.Collect$$libinit$$00000027          0x0800021e   Section        0  libinit2.o(.ARM.Collect$$libinit$$00000027)
    .ARM.Collect$$libinit$$0000002E          0x0800021e   Section        0  libinit2.o(.ARM.Collect$$libinit$$0000002E)
    .ARM.Collect$$libinit$$00000030          0x0800021e   Section        0  libinit2.o(.ARM.Collect$$libinit$$00000030)
    .ARM.Collect$$libinit$$00000032          0x0800021e   Section        0  libinit2.o(.ARM.Collect$$libinit$$00000032)
    .ARM.Collect$$libinit$$00000034          0x0800021e   Section        0  libinit2.o(.ARM.Collect$$libinit$$00000034)
    .ARM.Collect$$libinit$$00000035          0x0800021e   Section        2  libinit2.o(.ARM.Collect$$libinit$$00000035)
    .ARM.Collect$$libshutdown$$00000000      0x08000220   Section        2  libshutdown.o(.ARM.Collect$$libshutdown$$00000000)
    .ARM.Collect$$libshutdown$$00000002      0x08000222   Section        0  libshutdown2.o(.ARM.Collect$$libshutdown$$00000002)
    .ARM.Collect$$libshutdown$$00000004      0x08000222   Section        0  libshutdown2.o(.ARM.Collect$$libshutdown$$00000004)
    .ARM.Collect$$libshutdown$$00000007      0x08000222   Section        0  libshutdown2.o(.ARM.Collect$$libshutdown$$00000007)
    .ARM.Collect$$libshutdown$$0000000A      0x08000222   Section        0  libshutdown2.o(.ARM.Collect$$libshutdown$$0000000A)
    .ARM.Collect$$libshutdown$$0000000C      0x08000222   Section        0  libshutdown2.o(.ARM.Collect$$libshutdown$$0000000C)
    .ARM.Collect$$libshutdown$$0000000F      0x08000222   Section        0  libshutdown2.o(.ARM.Collect$$libshutdown$$0000000F)
    .ARM.Collect$$libshutdown$$00000010      0x08000222   Section        2  libshutdown2.o(.ARM.Collect$$libshutdown$$00000010)
    .ARM.Collect$$rtentry$$00000000          0x08000224   Section        0  __rtentry.o(.ARM.Collect$$rtentry$$00000000)
    .ARM.Collect$$rtentry$$00000002          0x08000224   Section        0  __rtentry2.o(.ARM.Collect$$rtentry$$00000002)
    .ARM.Collect$$rtentry$$00000004          0x08000224   Section        6  __rtentry4.o(.ARM.Collect$$rtentry$$00000004)
    .ARM.Collect$$rtentry$$00000009          0x0800022a   Section        0  __rtentry2.o(.ARM.Collect$$rtentry$$00000009)
    .ARM.Collect$$rtentry$$0000000A          0x0800022a   Section        4  __rtentry2.o(.ARM.Collect$$rtentry$$0000000A)
    .ARM.Collect$$rtentry$$0000000C          0x0800022e   Section        0  __rtentry2.o(.ARM.Collect$$rtentry$$0000000C)
    .ARM.Collect$$rtentry$$0000000D          0x0800022e   Section        8  __rtentry2.o(.ARM.Collect$$rtentry$$0000000D)
    .ARM.Collect$$rtexit$$00000000           0x08000236   Section        2  rtexit.o(.ARM.Collect$$rtexit$$00000000)
    .ARM.Collect$$rtexit$$00000002           0x08000238   Section        0  rtexit2.o(.ARM.Collect$$rtexit$$00000002)
    .ARM.Collect$$rtexit$$00000003           0x08000238   Section        4  rtexit2.o(.ARM.Collect$$rtexit$$00000003)
    .ARM.Collect$$rtexit$$00000004           0x0800023c   Section        6  rtexit2.o(.ARM.Collect$$rtexit$$00000004)
    .text                                    0x08000244   Section       64  startup_stm32f10x_md.o(.text)
    .text                                    0x08000284   Section        0  printf.o(.text)
    .text                                    0x0800029c   Section        0  heapauxi.o(.text)
    .text                                    0x080002a2   Section        0  _printf_pad.o(.text)
    .text                                    0x080002f0   Section        0  _printf_truncate.o(.text)
    .text                                    0x08000314   Section        0  _printf_str.o(.text)
    .text                                    0x08000368   Section        0  _printf_dec.o(.text)
    .text                                    0x080003e0   Section        0  _printf_charcount.o(.text)
    .text                                    0x08000408   Section        0  _printf_char_file.o(.text)
    .text                                    0x0800042c   Section        0  _printf_wctomb.o(.text)
    .text                                    0x080004e8   Section        0  _printf_longlong_dec.o(.text)
    _printf_longlong_oct_internal            0x08000565   Thumb Code     0  _printf_oct_int_ll.o(.text)
    .text                                    0x08000564   Section        0  _printf_oct_int_ll.o(.text)
    _printf_hex_common                       0x080005d5   Thumb Code     0  _printf_hex_int_ll_ptr.o(.text)
    .text                                    0x080005d4   Section        0  _printf_hex_int_ll_ptr.o(.text)
    .text                                    0x08000668   Section        0  __printf_flags_ss_wp.o(.text)
    .text                                    0x080007f0   Section      138  lludiv10.o(.text)
    .text                                    0x0800087a   Section        0  _printf_intcommon.o(.text)
    _fp_digits                               0x0800092d   Thumb Code   432  _printf_fp_dec.o(.text)
    .text                                    0x0800092c   Section        0  _printf_fp_dec.o(.text)
    .text                                    0x08000d48   Section        0  _printf_fp_hex.o(.text)
    _printf_input_char                       0x08001045   Thumb Code    10  _printf_char_common.o(.text)
    .text                                    0x08001044   Section        0  _printf_char_common.o(.text)
    .text                                    0x08001074   Section        0  _printf_char.o(.text)
    .text                                    0x080010a0   Section        0  _printf_wchar.o(.text)
    .text                                    0x080010cc   Section        0  ferror.o(.text)
    .text                                    0x080010d4   Section        0  _c16rtomb.o(.text)
    .text                                    0x0800111c   Section       74  sys_stackheap_outer.o(.text)
    .text                                    0x08001168   Section       16  rt_ctype_table.o(.text)
    .text                                    0x08001178   Section        8  rt_locale_intlibspace.o(.text)
    .text                                    0x08001180   Section        0  _printf_fp_infnan.o(.text)
    .text                                    0x08001200   Section        0  bigflt0.o(.text)
    .text                                    0x080012e4   Section        0  exit.o(.text)
    .text                                    0x080012f8   Section        8  libspace.o(.text)
    .text                                    0x08001300   Section      128  strcmpv7m.o(.text)
    .text                                    0x08001380   Section        0  sys_exit.o(.text)
    .text                                    0x0800138c   Section        2  use_no_semi.o(.text)
    .text                                    0x0800138e   Section        0  indicate_semi.o(.text)
    [Anonymous Symbol]                       0x08001390   Section        0  main.o(.text.Delay_us)
    [Anonymous Symbol]                       0x080013b8   Section        0  stm32f10x_gpio.o(.text.GPIO_Init)
    [Anonymous Symbol]                       0x08001540   Section        0  stm32f10x_i2c.o(.text.I2C_CheckEvent)
    [Anonymous Symbol]                       0x08001594   Section        0  stm32f10x_i2c.o(.text.I2C_Cmd)
    [Anonymous Symbol]                       0x080015c0   Section        0  main.o(.text.I2C_Config)
    [Anonymous Symbol]                       0x08001640   Section        0  stm32f10x_i2c.o(.text.I2C_GenerateSTART)
    [Anonymous Symbol]                       0x0800166c   Section        0  stm32f10x_i2c.o(.text.I2C_GenerateSTOP)
    [Anonymous Symbol]                       0x08001698   Section        0  stm32f10x_i2c.o(.text.I2C_Init)
    [Anonymous Symbol]                       0x08001844   Section        0  main.o(.text.I2C_RECEIVE)
    [Anonymous Symbol]                       0x08001870   Section        0  main.o(.text.I2C_ReadLight)
    [Anonymous Symbol]                       0x080018bc   Section        0  stm32f10x_i2c.o(.text.I2C_ReceiveData)
    [Anonymous Symbol]                       0x080018cc   Section        0  main.o(.text.I2C_SENDADDRESS)
    [Anonymous Symbol]                       0x08001958   Section        0  main.o(.text.I2C_SENDBYTE)
    [Anonymous Symbol]                       0x08001990   Section        0  main.o(.text.I2C_START)
    [Anonymous Symbol]                       0x080019bc   Section        0  main.o(.text.I2C_STOP)
    [Anonymous Symbol]                       0x080019d0   Section        0  stm32f10x_i2c.o(.text.I2C_Send7bitAddress)
    [Anonymous Symbol]                       0x08001a0c   Section        0  stm32f10x_i2c.o(.text.I2C_SendData)
    [Anonymous Symbol]                       0x08001a20   Section        0  stm32f10x_rcc.o(.text.RCC_APB1PeriphClockCmd)
    [Anonymous Symbol]                       0x08001a58   Section        0  stm32f10x_rcc.o(.text.RCC_APB2PeriphClockCmd)
    [Anonymous Symbol]                       0x08001a90   Section        0  stm32f10x_rcc.o(.text.RCC_GetClocksFreq)
    SetSysClock                              0x08001c05   Thumb Code     8  system_stm32f10x.o(.text.SetSysClock)
    [Anonymous Symbol]                       0x08001c04   Section        0  system_stm32f10x.o(.text.SetSysClock)
    SetSysClockTo72                          0x08001c0d   Thumb Code   290  system_stm32f10x.o(.text.SetSysClockTo72)
    [Anonymous Symbol]                       0x08001c0c   Section        0  system_stm32f10x.o(.text.SetSysClockTo72)
    [Anonymous Symbol]                       0x08001d30   Section        0  system_stm32f10x.o(.text.SystemInit)
    [Anonymous Symbol]                       0x08001d98   Section        0  stm32f10x_tim.o(.text.TIM_Cmd)
    [Anonymous Symbol]                       0x08001dc4   Section        0  stm32f10x_tim.o(.text.TIM_GetCounter)
    [Anonymous Symbol]                       0x08001dd0   Section        0  stm32f10x_tim.o(.text.TIM_SetCounter)
    [Anonymous Symbol]                       0x08001de4   Section        0  stm32f10x_tim.o(.text.TIM_TimeBaseInit)
    [Anonymous Symbol]                       0x08001f28   Section        0  main.o(.text.Timer_Init)
    [Anonymous Symbol]                       0x08001f64   Section        0  main.o(.text.UART_Init)
    [Anonymous Symbol]                       0x08001ffc   Section        0  stm32f10x_usart.o(.text.USART_Cmd)
    [Anonymous Symbol]                       0x08002028   Section        0  stm32f10x_usart.o(.text.USART_GetFlagStatus)
    [Anonymous Symbol]                       0x0800206c   Section        0  stm32f10x_usart.o(.text.USART_Init)
    [Anonymous Symbol]                       0x080021c8   Section        0  stm32f10x_usart.o(.text.USART_SendData)
    [Anonymous Symbol]                       0x080021e0   Section        0  main.o(.text.delay_ms)
    [Anonymous Symbol]                       0x08002200   Section        0  main.o(.text.fputc)
    [Anonymous Symbol]                       0x08002218   Section        0  main.o(.text.main)
    [Anonymous Symbol]                       0x0800226c   Section        0  main.o(.text.usart_sendchar)
    CL$$btod_d2e                             0x0800229e   Section       62  btod.o(CL$$btod_d2e)
    CL$$btod_d2e_denorm_low                  0x080022dc   Section       70  btod.o(CL$$btod_d2e_denorm_low)
    CL$$btod_d2e_norm_op1                    0x08002322   Section       96  btod.o(CL$$btod_d2e_norm_op1)
    CL$$btod_div_common                      0x08002384   Section      824  btod.o(CL$$btod_div_common)
    CL$$btod_e2e                             0x080026bc   Section      220  btod.o(CL$$btod_e2e)
    CL$$btod_ediv                            0x08002798   Section       42  btod.o(CL$$btod_ediv)
    CL$$btod_emul                            0x080027c2   Section       42  btod.o(CL$$btod_emul)
    CL$$btod_mult_common                     0x080027ec   Section      580  btod.o(CL$$btod_mult_common)
    i.__ARM_fpclassify                       0x08002a30   Section        0  fpclassify.o(i.__ARM_fpclassify)
    i._is_digit                              0x08002a58   Section        0  __printf_wp.o(i._is_digit)
    locale$$code                             0x08002a68   Section       44  lc_numeric_c.o(locale$$code)
    locale$$code                             0x08002a94   Section       44  lc_ctype_c.o(locale$$code)
    x$fpl$ddiv                               0x08002ac0   Section      692  ddiv.o(x$fpl$ddiv)
    ddiv_entry                               0x08002ac7   Thumb Code     0  ddiv.o(x$fpl$ddiv)
    x$fpl$dnaninf                            0x08002d74   Section      156  dnaninf.o(x$fpl$dnaninf)
    x$fpl$dretinf                            0x08002e10   Section       12  dretinf.o(x$fpl$dretinf)
    x$fpl$f2d                                0x08002e1c   Section       86  f2d.o(x$fpl$f2d)
    x$fpl$ffltu                              0x08002e74   Section       38  fflt_clz.o(x$fpl$ffltu)
    x$fpl$fnaninf                            0x08002e9a   Section      140  fnaninf.o(x$fpl$fnaninf)
    x$fpl$printf1                            0x08002f26   Section        4  printf1.o(x$fpl$printf1)
    x$fpl$printf2                            0x08002f2a   Section        4  printf2.o(x$fpl$printf2)
    x$fpl$usenofp                            0x08002f2e   Section        0  usenofp.o(x$fpl$usenofp)
    initial_mbstate                          0x08002f30   Data           8  _printf_wctomb.o(.constdata)
    .constdata                               0x08002f30   Section        8  _printf_wctomb.o(.constdata)
    uc_hextab                                0x08002f38   Data          20  _printf_hex_int_ll_ptr.o(.constdata)
    .constdata                               0x08002f38   Section       40  _printf_hex_int_ll_ptr.o(.constdata)
    lc_hextab                                0x08002f4c   Data          20  _printf_hex_int_ll_ptr.o(.constdata)
    maptable                                 0x08002f60   Data          17  __printf_flags_ss_wp.o(.constdata)
    .constdata                               0x08002f60   Section       17  __printf_flags_ss_wp.o(.constdata)
    lc_hextab                                0x08002f71   Data          19  _printf_fp_hex.o(.constdata)
    .constdata                               0x08002f71   Section       38  _printf_fp_hex.o(.constdata)
    uc_hextab                                0x08002f84   Data          19  _printf_fp_hex.o(.constdata)
    tenpwrs_x                                0x08002f98   Data          60  bigflt0.o(.constdata)
    .constdata                               0x08002f98   Section      148  bigflt0.o(.constdata)
    tenpwrs_i                                0x08002fd4   Data          64  bigflt0.o(.constdata)
    ADCPrescTable                            0x0800302c   Data           4  stm32f10x_rcc.o(.rodata.ADCPrescTable)
    [Anonymous Symbol]                       0x0800302c   Section        0  stm32f10x_rcc.o(.rodata.ADCPrescTable)
    APBAHBPrescTable                         0x08003030   Data          16  stm32f10x_rcc.o(.rodata.APBAHBPrescTable)
    [Anonymous Symbol]                       0x08003030   Section        0  stm32f10x_rcc.o(.rodata.APBAHBPrescTable)
    .L.str                                   0x08003040   Data          27  main.o(.rodata.str1.1)
    [Anonymous Symbol]                       0x08003040   Section        0  main.o(.rodata.str1.1)
    locale$$data                             0x0800306c   Section       28  lc_numeric_c.o(locale$$data)
    __lcnum_c_name                           0x08003070   Data           2  lc_numeric_c.o(locale$$data)
    __lcnum_c_start                          0x08003078   Data           0  lc_numeric_c.o(locale$$data)
    __lcnum_c_point                          0x08003084   Data           0  lc_numeric_c.o(locale$$data)
    __lcnum_c_thousands                      0x08003086   Data           0  lc_numeric_c.o(locale$$data)
    __lcnum_c_grouping                       0x08003087   Data           0  lc_numeric_c.o(locale$$data)
    __lcnum_c_end                            0x08003088   Data           0  lc_numeric_c.o(locale$$data)
    locale$$data                             0x08003088   Section      272  lc_ctype_c.o(locale$$data)
    __lcctype_c_name                         0x0800308c   Data           2  lc_ctype_c.o(locale$$data)
    __lcctype_c_start                        0x08003094   Data           0  lc_ctype_c.o(locale$$data)
    __lcctype_c_end                          0x08003198   Data           0  lc_ctype_c.o(locale$$data)
    .bss                                     0x20000000   Section       96  libspace.o(.bss)
    Heap_Mem                                 0x200000b8   Data         512  startup_stm32f10x_md.o(HEAP)
    HEAP                                     0x200000b8   Section      512  startup_stm32f10x_md.o(HEAP)
    Stack_Mem                                0x200002b8   Data        1024  startup_stm32f10x_md.o(STACK)
    STACK                                    0x200002b8   Section     1024  startup_stm32f10x_md.o(STACK)
    __initial_sp                             0x200006b8   Data           0  startup_stm32f10x_md.o(STACK)

    Global Symbols

    Symbol Name                              Value     Ov Type        Size  Object(Section)

    BuildAttributes$$THM_ISAv4$P$D$K$B$S$PE$A:L22UL41UL21$X:L11$S22US41US21$IEEE1$IW$~IW$USESV6$~STKCKD$USESV7$~SHL$OTIME$ROPI$IEEEJ$EBA8$UX$STANDARDLIB$REQ8$PRES8$EABIv2 0x00000000   Number         0  anon$$obj.o ABSOLUTE
    __fp_init_empty                          0x00000000   Number         0  fpinit_empty.o ABSOLUTE
    _printf_flags                            0x00000000   Number         0  printf_stubs.o ABSOLUTE
    _printf_return_value                     0x00000000   Number         0  printf_stubs.o ABSOLUTE
    _printf_sizespec                         0x00000000   Number         0  printf_stubs.o ABSOLUTE
    _printf_widthprec                        0x00000000   Number         0  printf_stubs.o ABSOLUTE
    __ARM_exceptions_init                     - Undefined Weak Reference
    __alloca_initialize                       - Undefined Weak Reference
    __arm_preinit_                            - Undefined Weak Reference
    __arm_relocate_pie_                       - Undefined Weak Reference
    __cpp_initialize__aeabi_                  - Undefined Weak Reference
    __cxa_finalize                            - Undefined Weak Reference
    __sigvec_lookup                           - Undefined Weak Reference
    _atexit_init                              - Undefined Weak Reference
    _call_atexit_fns                          - Undefined Weak Reference
    _clock_init                               - Undefined Weak Reference
    _fp_trap_init                             - Undefined Weak Reference
    _fp_trap_shutdown                         - Undefined Weak Reference
    _get_lc_collate                           - Undefined Weak Reference
    _get_lc_monetary                          - Undefined Weak Reference
    _get_lc_time                              - Undefined Weak Reference
    _getenv_init                              - Undefined Weak Reference
    _handle_redirection                       - Undefined Weak Reference
    _init_alloc                               - Undefined Weak Reference
    _init_user_alloc                          - Undefined Weak Reference
    _initio                                   - Undefined Weak Reference
    _mutex_acquire                            - Undefined Weak Reference
    _mutex_release                            - Undefined Weak Reference
    _printf_mbtowc                            - Undefined Weak Reference
    _printf_wc                                - Undefined Weak Reference
    _rand_init                                - Undefined Weak Reference
    _signal_finish                            - Undefined Weak Reference
    _signal_init                              - Undefined Weak Reference
    _terminate_alloc                          - Undefined Weak Reference
    _terminate_user_alloc                     - Undefined Weak Reference
    _terminateio                              - Undefined Weak Reference
    __Vectors_Size                           0x000000ec   Number         0  startup_stm32f10x_md.o ABSOLUTE
    __Vectors                                0x08000000   Data           4  startup_stm32f10x_md.o(RESET)
    __Vectors_End                            0x080000ec   Data           0  startup_stm32f10x_md.o(RESET)
    __main                                   0x080000ed   Thumb Code     8  __main.o(!!!main)
    __scatterload                            0x080000f5   Thumb Code     0  __scatter.o(!!!scatter)
    __scatterload_rt2                        0x080000f5   Thumb Code    84  __scatter.o(!!!scatter)
    __scatterload_rt2_thumb_only             0x080000f5   Thumb Code     0  __scatter.o(!!!scatter)
    __scatterload_loop                       0x080000ff   Thumb Code     0  __scatter.o(!!!scatter)
    __scatterload_null                       0x08000151   Thumb Code     2  __scatter.o(!!handler_null)
    __scatterload_zeroinit                   0x08000155   Thumb Code    28  __scatter_zi.o(!!handler_zi)
    _printf_n                                0x08000171   Thumb Code     0  _printf_n.o(.ARM.Collect$$_printf_percent$$00000001)
    _printf_percent                          0x08000171   Thumb Code     0  _printf_percent.o(.ARM.Collect$$_printf_percent$$00000000)
    _printf_p                                0x08000177   Thumb Code     0  _printf_p.o(.ARM.Collect$$_printf_percent$$00000002)
    _printf_f                                0x0800017d   Thumb Code     0  _printf_f.o(.ARM.Collect$$_printf_percent$$00000003)
    _printf_e                                0x08000183   Thumb Code     0  _printf_e.o(.ARM.Collect$$_printf_percent$$00000004)
    _printf_g                                0x08000189   Thumb Code     0  _printf_g.o(.ARM.Collect$$_printf_percent$$00000005)
    _printf_a                                0x0800018f   Thumb Code     0  _printf_a.o(.ARM.Collect$$_printf_percent$$00000006)
    _printf_ll                               0x08000195   Thumb Code     0  _printf_ll.o(.ARM.Collect$$_printf_percent$$00000007)
    _printf_i                                0x0800019f   Thumb Code     0  _printf_i.o(.ARM.Collect$$_printf_percent$$00000008)
    _printf_d                                0x080001a5   Thumb Code     0  _printf_d.o(.ARM.Collect$$_printf_percent$$00000009)
    _printf_u                                0x080001ab   Thumb Code     0  _printf_u.o(.ARM.Collect$$_printf_percent$$0000000A)
    _printf_o                                0x080001b1   Thumb Code     0  _printf_o.o(.ARM.Collect$$_printf_percent$$0000000B)
    _printf_x                                0x080001b7   Thumb Code     0  _printf_x.o(.ARM.Collect$$_printf_percent$$0000000C)
    _printf_lli                              0x080001bd   Thumb Code     0  _printf_lli.o(.ARM.Collect$$_printf_percent$$0000000D)
    _printf_lld                              0x080001c3   Thumb Code     0  _printf_lld.o(.ARM.Collect$$_printf_percent$$0000000E)
    _printf_llu                              0x080001c9   Thumb Code     0  _printf_llu.o(.ARM.Collect$$_printf_percent$$0000000F)
    _printf_llo                              0x080001cf   Thumb Code     0  _printf_llo.o(.ARM.Collect$$_printf_percent$$00000010)
    _printf_llx                              0x080001d5   Thumb Code     0  _printf_llx.o(.ARM.Collect$$_printf_percent$$00000011)
    _printf_l                                0x080001db   Thumb Code     0  _printf_l.o(.ARM.Collect$$_printf_percent$$00000012)
    _printf_c                                0x080001e5   Thumb Code     0  _printf_c.o(.ARM.Collect$$_printf_percent$$00000013)
    _printf_s                                0x080001eb   Thumb Code     0  _printf_s.o(.ARM.Collect$$_printf_percent$$00000014)
    _printf_lc                               0x080001f1   Thumb Code     0  _printf_lc.o(.ARM.Collect$$_printf_percent$$00000015)
    _printf_ls                               0x080001f7   Thumb Code     0  _printf_ls.o(.ARM.Collect$$_printf_percent$$00000016)
    _printf_percent_end                      0x080001fd   Thumb Code     0  _printf_percent_end.o(.ARM.Collect$$_printf_percent$$00000017)
    __rt_lib_init                            0x08000201   Thumb Code     0  libinit.o(.ARM.Collect$$libinit$$00000000)
    __rt_lib_init_fp_1                       0x08000203   Thumb Code     0  libinit2.o(.ARM.Collect$$libinit$$00000002)
    __rt_lib_init_heap_1                     0x08000203   Thumb Code     0  libinit2.o(.ARM.Collect$$libinit$$0000000C)
    __rt_lib_init_lc_common                  0x08000203   Thumb Code     0  libinit2.o(.ARM.Collect$$libinit$$00000011)
    __rt_lib_init_preinit_1                  0x08000203   Thumb Code     0  libinit2.o(.ARM.Collect$$libinit$$00000006)
    __rt_lib_init_rand_1                     0x08000203   Thumb Code     0  libinit2.o(.ARM.Collect$$libinit$$00000010)
    __rt_lib_init_relocate_pie_1             0x08000203   Thumb Code     0  libinit2.o(.ARM.Collect$$libinit$$00000004)
    __rt_lib_init_user_alloc_1               0x08000203   Thumb Code     0  libinit2.o(.ARM.Collect$$libinit$$0000000E)
    __rt_lib_init_lc_collate_1               0x08000209   Thumb Code     0  libinit2.o(.ARM.Collect$$libinit$$00000013)
    __rt_lib_init_lc_ctype_2                 0x08000209   Thumb Code     0  libinit2.o(.ARM.Collect$$libinit$$00000014)
    __rt_lib_init_lc_ctype_1                 0x08000215   Thumb Code     0  libinit2.o(.ARM.Collect$$libinit$$00000015)
    __rt_lib_init_lc_monetary_1              0x08000215   Thumb Code     0  libinit2.o(.ARM.Collect$$libinit$$00000017)
    __rt_lib_init_lc_numeric_2               0x08000215   Thumb Code     0  libinit2.o(.ARM.Collect$$libinit$$00000018)
    __rt_lib_init_alloca_1                   0x0800021f   Thumb Code     0  libinit2.o(.ARM.Collect$$libinit$$00000030)
    __rt_lib_init_argv_1                     0x0800021f   Thumb Code     0  libinit2.o(.ARM.Collect$$libinit$$0000002E)
    __rt_lib_init_atexit_1                   0x0800021f   Thumb Code     0  libinit2.o(.ARM.Collect$$libinit$$0000001D)
    __rt_lib_init_clock_1                    0x0800021f   Thumb Code     0  libinit2.o(.ARM.Collect$$libinit$$00000023)
    __rt_lib_init_cpp_1                      0x0800021f   Thumb Code     0  libinit2.o(.ARM.Collect$$libinit$$00000034)
    __rt_lib_init_exceptions_1               0x0800021f   Thumb Code     0  libinit2.o(.ARM.Collect$$libinit$$00000032)
    __rt_lib_init_fp_trap_1                  0x0800021f   Thumb Code     0  libinit2.o(.ARM.Collect$$libinit$$00000021)
    __rt_lib_init_getenv_1                   0x0800021f   Thumb Code     0  libinit2.o(.ARM.Collect$$libinit$$00000025)
    __rt_lib_init_lc_numeric_1               0x0800021f   Thumb Code     0  libinit2.o(.ARM.Collect$$libinit$$00000019)
    __rt_lib_init_lc_time_1                  0x0800021f   Thumb Code     0  libinit2.o(.ARM.Collect$$libinit$$0000001B)
    __rt_lib_init_return                     0x0800021f   Thumb Code     0  libinit2.o(.ARM.Collect$$libinit$$00000035)
    __rt_lib_init_signal_1                   0x0800021f   Thumb Code     0  libinit2.o(.ARM.Collect$$libinit$$0000001F)
    __rt_lib_init_stdio_1                    0x0800021f   Thumb Code     0  libinit2.o(.ARM.Collect$$libinit$$00000027)
    __rt_lib_shutdown                        0x08000221   Thumb Code     0  libshutdown.o(.ARM.Collect$$libshutdown$$00000000)
    __rt_lib_shutdown_cpp_1                  0x08000223   Thumb Code     0  libshutdown2.o(.ARM.Collect$$libshutdown$$00000002)
    __rt_lib_shutdown_fp_trap_1              0x08000223   Thumb Code     0  libshutdown2.o(.ARM.Collect$$libshutdown$$00000007)
    __rt_lib_shutdown_heap_1                 0x08000223   Thumb Code     0  libshutdown2.o(.ARM.Collect$$libshutdown$$0000000F)
    __rt_lib_shutdown_return                 0x08000223   Thumb Code     0  libshutdown2.o(.ARM.Collect$$libshutdown$$00000010)
    __rt_lib_shutdown_signal_1               0x08000223   Thumb Code     0  libshutdown2.o(.ARM.Collect$$libshutdown$$0000000A)
    __rt_lib_shutdown_stdio_1                0x08000223   Thumb Code     0  libshutdown2.o(.ARM.Collect$$libshutdown$$00000004)
    __rt_lib_shutdown_user_alloc_1           0x08000223   Thumb Code     0  libshutdown2.o(.ARM.Collect$$libshutdown$$0000000C)
    __rt_entry                               0x08000225   Thumb Code     0  __rtentry.o(.ARM.Collect$$rtentry$$00000000)
    __rt_entry_presh_1                       0x08000225   Thumb Code     0  __rtentry2.o(.ARM.Collect$$rtentry$$00000002)
    __rt_entry_sh                            0x08000225   Thumb Code     0  __rtentry4.o(.ARM.Collect$$rtentry$$00000004)
    __rt_entry_li                            0x0800022b   Thumb Code     0  __rtentry2.o(.ARM.Collect$$rtentry$$0000000A)
    __rt_entry_postsh_1                      0x0800022b   Thumb Code     0  __rtentry2.o(.ARM.Collect$$rtentry$$00000009)
    __rt_entry_main                          0x0800022f   Thumb Code     0  __rtentry2.o(.ARM.Collect$$rtentry$$0000000D)
    __rt_entry_postli_1                      0x0800022f   Thumb Code     0  __rtentry2.o(.ARM.Collect$$rtentry$$0000000C)
    __rt_exit                                0x08000237   Thumb Code     0  rtexit.o(.ARM.Collect$$rtexit$$00000000)
    __rt_exit_ls                             0x08000239   Thumb Code     0  rtexit2.o(.ARM.Collect$$rtexit$$00000003)
    __rt_exit_prels_1                        0x08000239   Thumb Code     0  rtexit2.o(.ARM.Collect$$rtexit$$00000002)
    __rt_exit_exit                           0x0800023d   Thumb Code     0  rtexit2.o(.ARM.Collect$$rtexit$$00000004)
    Reset_Handler                            0x08000245   Thumb Code     8  startup_stm32f10x_md.o(.text)
    NMI_Handler                              0x0800024d   Thumb Code     2  startup_stm32f10x_md.o(.text)
    HardFault_Handler                        0x0800024f   Thumb Code     2  startup_stm32f10x_md.o(.text)
    MemManage_Handler                        0x08000251   Thumb Code     2  startup_stm32f10x_md.o(.text)
    BusFault_Handler                         0x08000253   Thumb Code     2  startup_stm32f10x_md.o(.text)
    UsageFault_Handler                       0x08000255   Thumb Code     2  startup_stm32f10x_md.o(.text)
    SVC_Handler                              0x08000257   Thumb Code     2  startup_stm32f10x_md.o(.text)
    DebugMon_Handler                         0x08000259   Thumb Code     2  startup_stm32f10x_md.o(.text)
    PendSV_Handler                           0x0800025b   Thumb Code     2  startup_stm32f10x_md.o(.text)
    SysTick_Handler                          0x0800025d   Thumb Code     2  startup_stm32f10x_md.o(.text)
    ADC1_2_IRQHandler                        0x0800025f   Thumb Code     0  startup_stm32f10x_md.o(.text)
    CAN1_RX1_IRQHandler                      0x0800025f   Thumb Code     0  startup_stm32f10x_md.o(.text)
    CAN1_SCE_IRQHandler                      0x0800025f   Thumb Code     0  startup_stm32f10x_md.o(.text)
    DMA1_Channel1_IRQHandler                 0x0800025f   Thumb Code     0  startup_stm32f10x_md.o(.text)
    DMA1_Channel2_IRQHandler                 0x0800025f   Thumb Code     0  startup_stm32f10x_md.o(.text)
    DMA1_Channel3_IRQHandler                 0x0800025f   Thumb Code     0  startup_stm32f10x_md.o(.text)
    DMA1_Channel4_IRQHandler                 0x0800025f   Thumb Code     0  startup_stm32f10x_md.o(.text)
    DMA1_Channel5_IRQHandler                 0x0800025f   Thumb Code     0  startup_stm32f10x_md.o(.text)
    DMA1_Channel6_IRQHandler                 0x0800025f   Thumb Code     0  startup_stm32f10x_md.o(.text)
    DMA1_Channel7_IRQHandler                 0x0800025f   Thumb Code     0  startup_stm32f10x_md.o(.text)
    EXTI0_IRQHandler                         0x0800025f   Thumb Code     0  startup_stm32f10x_md.o(.text)
    EXTI15_10_IRQHandler                     0x0800025f   Thumb Code     0  startup_stm32f10x_md.o(.text)
    EXTI1_IRQHandler                         0x0800025f   Thumb Code     0  startup_stm32f10x_md.o(.text)
    EXTI2_IRQHandler                         0x0800025f   Thumb Code     0  startup_stm32f10x_md.o(.text)
    EXTI3_IRQHandler                         0x0800025f   Thumb Code     0  startup_stm32f10x_md.o(.text)
    EXTI4_IRQHandler                         0x0800025f   Thumb Code     0  startup_stm32f10x_md.o(.text)
    EXTI9_5_IRQHandler                       0x0800025f   Thumb Code     0  startup_stm32f10x_md.o(.text)
    FLASH_IRQHandler                         0x0800025f   Thumb Code     0  startup_stm32f10x_md.o(.text)
    I2C1_ER_IRQHandler                       0x0800025f   Thumb Code     0  startup_stm32f10x_md.o(.text)
    I2C1_EV_IRQHandler                       0x0800025f   Thumb Code     0  startup_stm32f10x_md.o(.text)
    I2C2_ER_IRQHandler                       0x0800025f   Thumb Code     0  startup_stm32f10x_md.o(.text)
    I2C2_EV_IRQHandler                       0x0800025f   Thumb Code     0  startup_stm32f10x_md.o(.text)
    PVD_IRQHandler                           0x0800025f   Thumb Code     0  startup_stm32f10x_md.o(.text)
    RCC_IRQHandler                           0x0800025f   Thumb Code     0  startup_stm32f10x_md.o(.text)
    RTCAlarm_IRQHandler                      0x0800025f   Thumb Code     0  startup_stm32f10x_md.o(.text)
    RTC_IRQHandler                           0x0800025f   Thumb Code     0  startup_stm32f10x_md.o(.text)
    SPI1_IRQHandler                          0x0800025f   Thumb Code     0  startup_stm32f10x_md.o(.text)
    SPI2_IRQHandler                          0x0800025f   Thumb Code     0  startup_stm32f10x_md.o(.text)
    TAMPER_IRQHandler                        0x0800025f   Thumb Code     0  startup_stm32f10x_md.o(.text)
    TIM1_BRK_IRQHandler                      0x0800025f   Thumb Code     0  startup_stm32f10x_md.o(.text)
    TIM1_CC_IRQHandler                       0x0800025f   Thumb Code     0  startup_stm32f10x_md.o(.text)
    TIM1_TRG_COM_IRQHandler                  0x0800025f   Thumb Code     0  startup_stm32f10x_md.o(.text)
    TIM1_UP_IRQHandler                       0x0800025f   Thumb Code     0  startup_stm32f10x_md.o(.text)
    TIM2_IRQHandler                          0x0800025f   Thumb Code     0  startup_stm32f10x_md.o(.text)
    TIM3_IRQHandler                          0x0800025f   Thumb Code     0  startup_stm32f10x_md.o(.text)
    TIM4_IRQHandler                          0x0800025f   Thumb Code     0  startup_stm32f10x_md.o(.text)
    USART1_IRQHandler                        0x0800025f   Thumb Code     0  startup_stm32f10x_md.o(.text)
    USART2_IRQHandler                        0x0800025f   Thumb Code     0  startup_stm32f10x_md.o(.text)
    USART3_IRQHandler                        0x0800025f   Thumb Code     0  startup_stm32f10x_md.o(.text)
    USBWakeUp_IRQHandler                     0x0800025f   Thumb Code     0  startup_stm32f10x_md.o(.text)
    USB_HP_CAN1_TX_IRQHandler                0x0800025f   Thumb Code     0  startup_stm32f10x_md.o(.text)
    USB_LP_CAN1_RX0_IRQHandler               0x0800025f   Thumb Code     0  startup_stm32f10x_md.o(.text)
    WWDG_IRQHandler                          0x0800025f   Thumb Code     0  startup_stm32f10x_md.o(.text)
    __user_initial_stackheap                 0x08000261   Thumb Code     0  startup_stm32f10x_md.o(.text)
    printf                                   0x08000285   Thumb Code    20  printf.o(.text)
    __use_two_region_memory                  0x0800029d   Thumb Code     2  heapauxi.o(.text)
    __rt_heap_escrow$2region                 0x0800029f   Thumb Code     2  heapauxi.o(.text)
    __rt_heap_expand$2region                 0x080002a1   Thumb Code     2  heapauxi.o(.text)
    _printf_pre_padding                      0x080002a3   Thumb Code    44  _printf_pad.o(.text)
    _printf_post_padding                     0x080002cf   Thumb Code    34  _printf_pad.o(.text)
    _printf_truncate_signed                  0x080002f1   Thumb Code    18  _printf_truncate.o(.text)
    _printf_truncate_unsigned                0x08000303   Thumb Code    18  _printf_truncate.o(.text)
    _printf_str                              0x08000315   Thumb Code    82  _printf_str.o(.text)
    _printf_int_dec                          0x08000369   Thumb Code   104  _printf_dec.o(.text)
    _printf_charcount                        0x080003e1   Thumb Code    40  _printf_charcount.o(.text)
    _printf_char_file                        0x08000409   Thumb Code    32  _printf_char_file.o(.text)
    _printf_wctomb                           0x0800042d   Thumb Code   182  _printf_wctomb.o(.text)
    _printf_longlong_dec                     0x080004e9   Thumb Code   108  _printf_longlong_dec.o(.text)
    _printf_longlong_oct                     0x08000565   Thumb Code    68  _printf_oct_int_ll.o(.text)
    _printf_int_oct                          0x080005a9   Thumb Code    24  _printf_oct_int_ll.o(.text)
    _printf_ll_oct                           0x080005c1   Thumb Code    12  _printf_oct_int_ll.o(.text)
    _printf_longlong_hex                     0x080005d5   Thumb Code    86  _printf_hex_int_ll_ptr.o(.text)
    _printf_int_hex                          0x0800062b   Thumb Code    28  _printf_hex_int_ll_ptr.o(.text)
    _printf_ll_hex                           0x08000647   Thumb Code    12  _printf_hex_int_ll_ptr.o(.text)
    _printf_hex_ptr                          0x08000653   Thumb Code    18  _printf_hex_int_ll_ptr.o(.text)
    __printf                                 0x08000669   Thumb Code   388  __printf_flags_ss_wp.o(.text)
    _ll_udiv10                               0x080007f1   Thumb Code   138  lludiv10.o(.text)
    _printf_int_common                       0x0800087b   Thumb Code   178  _printf_intcommon.o(.text)
    _printf_fp_dec_real                      0x08000add   Thumb Code   620  _printf_fp_dec.o(.text)
    _printf_fp_hex_real                      0x08000d49   Thumb Code   756  _printf_fp_hex.o(.text)
    _printf_char_common                      0x0800104f   Thumb Code    32  _printf_char_common.o(.text)
    _printf_cs_common                        0x08001075   Thumb Code    20  _printf_char.o(.text)
    _printf_char                             0x08001089   Thumb Code    16  _printf_char.o(.text)
    _printf_string                           0x08001099   Thumb Code     8  _printf_char.o(.text)
    _printf_lcs_common                       0x080010a1   Thumb Code    20  _printf_wchar.o(.text)
    _printf_wchar                            0x080010b5   Thumb Code    16  _printf_wchar.o(.text)
    _printf_wstring                          0x080010c5   Thumb Code     8  _printf_wchar.o(.text)
    ferror                                   0x080010cd   Thumb Code     8  ferror.o(.text)
    _c16rtomb                                0x080010d5   Thumb Code    72  _c16rtomb.o(.text)
    _wcrtomb                                 0x080010d5   Thumb Code     0  _c16rtomb.o(.text)
    __user_setup_stackheap                   0x0800111d   Thumb Code    74  sys_stackheap_outer.o(.text)
    __rt_ctype_table                         0x08001169   Thumb Code    16  rt_ctype_table.o(.text)
    __rt_locale                              0x08001179   Thumb Code     8  rt_locale_intlibspace.o(.text)
    _printf_fp_infnan                        0x08001181   Thumb Code   112  _printf_fp_infnan.o(.text)
    _btod_etento                             0x08001201   Thumb Code   224  bigflt0.o(.text)
    exit                                     0x080012e5   Thumb Code    18  exit.o(.text)
    __user_libspace                          0x080012f9   Thumb Code     8  libspace.o(.text)
    __user_perproc_libspace                  0x080012f9   Thumb Code     0  libspace.o(.text)
    __user_perthread_libspace                0x080012f9   Thumb Code     0  libspace.o(.text)
    strcmp                                   0x08001301   Thumb Code   128  strcmpv7m.o(.text)
    _sys_exit                                0x08001381   Thumb Code     8  sys_exit.o(.text)
    __I$use$semihosting                      0x0800138d   Thumb Code     0  use_no_semi.o(.text)
    __use_no_semihosting_swi                 0x0800138d   Thumb Code     2  use_no_semi.o(.text)
    __semihosting_library_function           0x0800138f   Thumb Code     0  indicate_semi.o(.text)
    Delay_us                                 0x08001391   Thumb Code    40  main.o(.text.Delay_us)
    GPIO_Init                                0x080013b9   Thumb Code   390  stm32f10x_gpio.o(.text.GPIO_Init)
    I2C_CheckEvent                           0x08001541   Thumb Code    84  stm32f10x_i2c.o(.text.I2C_CheckEvent)
    I2C_Cmd                                  0x08001595   Thumb Code    44  stm32f10x_i2c.o(.text.I2C_Cmd)
    I2C_Config                               0x080015c1   Thumb Code   128  main.o(.text.I2C_Config)
    I2C_GenerateSTART                        0x08001641   Thumb Code    44  stm32f10x_i2c.o(.text.I2C_GenerateSTART)
    I2C_GenerateSTOP                         0x0800166d   Thumb Code    44  stm32f10x_i2c.o(.text.I2C_GenerateSTOP)
    I2C_Init                                 0x08001699   Thumb Code   426  stm32f10x_i2c.o(.text.I2C_Init)
    I2C_RECEIVE                              0x08001845   Thumb Code    42  main.o(.text.I2C_RECEIVE)
    I2C_ReadLight                            0x08001871   Thumb Code    76  main.o(.text.I2C_ReadLight)
    I2C_ReceiveData                          0x080018bd   Thumb Code    14  stm32f10x_i2c.o(.text.I2C_ReceiveData)
    I2C_SENDADDRESS                          0x080018cd   Thumb Code   140  main.o(.text.I2C_SENDADDRESS)
    I2C_SENDBYTE                             0x08001959   Thumb Code    54  main.o(.text.I2C_SENDBYTE)
    I2C_START                                0x08001991   Thumb Code    44  main.o(.text.I2C_START)
    I2C_STOP                                 0x080019bd   Thumb Code    18  main.o(.text.I2C_STOP)
    I2C_Send7bitAddress                      0x080019d1   Thumb Code    60  stm32f10x_i2c.o(.text.I2C_Send7bitAddress)
    I2C_SendData                             0x08001a0d   Thumb Code    20  stm32f10x_i2c.o(.text.I2C_SendData)
    RCC_APB1PeriphClockCmd                   0x08001a21   Thumb Code    56  stm32f10x_rcc.o(.text.RCC_APB1PeriphClockCmd)
    RCC_APB2PeriphClockCmd                   0x08001a59   Thumb Code    56  stm32f10x_rcc.o(.text.RCC_APB2PeriphClockCmd)
    RCC_GetClocksFreq                        0x08001a91   Thumb Code   370  stm32f10x_rcc.o(.text.RCC_GetClocksFreq)
    SystemInit                               0x08001d31   Thumb Code   102  system_stm32f10x.o(.text.SystemInit)
    TIM_Cmd                                  0x08001d99   Thumb Code    44  stm32f10x_tim.o(.text.TIM_Cmd)
    TIM_GetCounter                           0x08001dc5   Thumb Code    12  stm32f10x_tim.o(.text.TIM_GetCounter)
    TIM_SetCounter                           0x08001dd1   Thumb Code    20  stm32f10x_tim.o(.text.TIM_SetCounter)
    TIM_TimeBaseInit                         0x08001de5   Thumb Code   322  stm32f10x_tim.o(.text.TIM_TimeBaseInit)
    Timer_Init                               0x08001f29   Thumb Code    60  main.o(.text.Timer_Init)
    UART_Init                                0x08001f65   Thumb Code   152  main.o(.text.UART_Init)
    USART_Cmd                                0x08001ffd   Thumb Code    44  stm32f10x_usart.o(.text.USART_Cmd)
    USART_GetFlagStatus                      0x08002029   Thumb Code    68  stm32f10x_usart.o(.text.USART_GetFlagStatus)
    USART_Init                               0x0800206d   Thumb Code   348  stm32f10x_usart.o(.text.USART_Init)
    USART_SendData                           0x080021c9   Thumb Code    24  stm32f10x_usart.o(.text.USART_SendData)
    delay_ms                                 0x080021e1   Thumb Code    32  main.o(.text.delay_ms)
    fputc                                    0x08002201   Thumb Code    22  main.o(.text.fputc)
    main                                     0x08002219   Thumb Code    84  main.o(.text.main)
    usart_sendchar                           0x0800226d   Thumb Code    50  main.o(.text.usart_sendchar)
    _btod_d2e                                0x0800229f   Thumb Code    62  btod.o(CL$$btod_d2e)
    _d2e_denorm_low                          0x080022dd   Thumb Code    70  btod.o(CL$$btod_d2e_denorm_low)
    _d2e_norm_op1                            0x08002323   Thumb Code    96  btod.o(CL$$btod_d2e_norm_op1)
    __btod_div_common                        0x08002385   Thumb Code   696  btod.o(CL$$btod_div_common)
    _e2e                                     0x080026bd   Thumb Code   220  btod.o(CL$$btod_e2e)
    _btod_ediv                               0x08002799   Thumb Code    42  btod.o(CL$$btod_ediv)
    _btod_emul                               0x080027c3   Thumb Code    42  btod.o(CL$$btod_emul)
    __btod_mult_common                       0x080027ed   Thumb Code   580  btod.o(CL$$btod_mult_common)
    __ARM_fpclassify                         0x08002a31   Thumb Code    40  fpclassify.o(i.__ARM_fpclassify)
    _is_digit                                0x08002a59   Thumb Code    14  __printf_wp.o(i._is_digit)
    _get_lc_numeric                          0x08002a69   Thumb Code    44  lc_numeric_c.o(locale$$code)
    _get_lc_ctype                            0x08002a95   Thumb Code    44  lc_ctype_c.o(locale$$code)
    __aeabi_ddiv                             0x08002ac1   Thumb Code     0  ddiv.o(x$fpl$ddiv)
    _ddiv                                    0x08002ac1   Thumb Code   556  ddiv.o(x$fpl$ddiv)
    __fpl_dnaninf                            0x08002d75   Thumb Code   156  dnaninf.o(x$fpl$dnaninf)
    __fpl_dretinf                            0x08002e11   Thumb Code    12  dretinf.o(x$fpl$dretinf)
    __aeabi_f2d                              0x08002e1d   Thumb Code     0  f2d.o(x$fpl$f2d)
    _f2d                                     0x08002e1d   Thumb Code    86  f2d.o(x$fpl$f2d)
    __aeabi_ui2f                             0x08002e75   Thumb Code     0  fflt_clz.o(x$fpl$ffltu)
    _ffltu                                   0x08002e75   Thumb Code    38  fflt_clz.o(x$fpl$ffltu)
    __fpl_fnaninf                            0x08002e9b   Thumb Code   140  fnaninf.o(x$fpl$fnaninf)
    _printf_fp_dec                           0x08002f27   Thumb Code     4  printf1.o(x$fpl$printf1)
    _printf_fp_hex                           0x08002f2b   Thumb Code     4  printf2.o(x$fpl$printf2)
    __I$use$fp                               0x08002f2e   Number         0  usenofp.o(x$fpl$usenofp)
    Region$$Table$$Base                      0x0800305c   Number         0  anon$$obj.o(Region$$Table)
    Region$$Table$$Limit                     0x0800306c   Number         0  anon$$obj.o(Region$$Table)
    __ctype                                  0x08003095   Data           0  lc_ctype_c.o(locale$$data)
    __libspace_start                         0x20000000   Data          96  libspace.o(.bss)
    __stdout                                 0x20000060   Data          84  main.o(.bss.__stdout)
    __temporary_stack_top$libspace           0x20000060   Data           0  libspace.o(.bss)



==============================================================================

Memory Map of the image

  Image Entry point : 0x08000245

  Load Region LR_1 (Base: 0x08000000, Size: 0x00003198, Max: 0xffffffff, ABSOLUTE)

    Execution Region ER_RO (Exec base: 0x08000000, Load base: 0x08000000, Size: 0x00003198, Max: 0xffffffff, ABSOLUTE)

    Exec Addr    Load Addr    Size         Type   Attr      Idx    E Section Name        Object

    0x08000000   0x08000000   0x000000ec   Data   RO          247    RESET               startup_stm32f10x_md.o
    0x080000ec   0x080000ec   0x00000008   Code   RO          531  * !!!main             c_w.l(__main.o)
    0x080000f4   0x080000f4   0x0000005c   Code   RO          890    !!!scatter          c_w.l(__scatter.o)
    0x08000150   0x08000150   0x00000002   Code   RO          891    !!handler_null      c_w.l(__scatter.o)
    0x08000152   0x08000152   0x00000002   PAD
    0x08000154   0x08000154   0x0000001c   Code   RO          894    !!handler_zi        c_w.l(__scatter_zi.o)
    0x08000170   0x08000170   0x00000000   Code   RO          625    .ARM.Collect$$_printf_percent$$00000000  c_w.l(_printf_percent.o)
    0x08000170   0x08000170   0x00000006   Code   RO          614    .ARM.Collect$$_printf_percent$$00000001  c_w.l(_printf_n.o)
    0x08000176   0x08000176   0x00000006   Code   RO          616    .ARM.Collect$$_printf_percent$$00000002  c_w.l(_printf_p.o)
    0x0800017c   0x0800017c   0x00000006   Code   RO          621    .ARM.Collect$$_printf_percent$$00000003  c_w.l(_printf_f.o)
    0x08000182   0x08000182   0x00000006   Code   RO          622    .ARM.Collect$$_printf_percent$$00000004  c_w.l(_printf_e.o)
    0x08000188   0x08000188   0x00000006   Code   RO          623    .ARM.Collect$$_printf_percent$$00000005  c_w.l(_printf_g.o)
    0x0800018e   0x0800018e   0x00000006   Code   RO          624    .ARM.Collect$$_printf_percent$$00000006  c_w.l(_printf_a.o)
    0x08000194   0x08000194   0x0000000a   Code   RO          629    .ARM.Collect$$_printf_percent$$00000007  c_w.l(_printf_ll.o)
    0x0800019e   0x0800019e   0x00000006   Code   RO          618    .ARM.Collect$$_printf_percent$$00000008  c_w.l(_printf_i.o)
    0x080001a4   0x080001a4   0x00000006   Code   RO          619    .ARM.Collect$$_printf_percent$$00000009  c_w.l(_printf_d.o)
    0x080001aa   0x080001aa   0x00000006   Code   RO          620    .ARM.Collect$$_printf_percent$$0000000A  c_w.l(_printf_u.o)
    0x080001b0   0x080001b0   0x00000006   Code   RO          617    .ARM.Collect$$_printf_percent$$0000000B  c_w.l(_printf_o.o)
    0x080001b6   0x080001b6   0x00000006   Code   RO          615    .ARM.Collect$$_printf_percent$$0000000C  c_w.l(_printf_x.o)
    0x080001bc   0x080001bc   0x00000006   Code   RO          626    .ARM.Collect$$_printf_percent$$0000000D  c_w.l(_printf_lli.o)
    0x080001c2   0x080001c2   0x00000006   Code   RO          627    .ARM.Collect$$_printf_percent$$0000000E  c_w.l(_printf_lld.o)
    0x080001c8   0x080001c8   0x00000006   Code   RO          628    .ARM.Collect$$_printf_percent$$0000000F  c_w.l(_printf_llu.o)
    0x080001ce   0x080001ce   0x00000006   Code   RO          633    .ARM.Collect$$_printf_percent$$00000010  c_w.l(_printf_llo.o)
    0x080001d4   0x080001d4   0x00000006   Code   RO          634    .ARM.Collect$$_printf_percent$$00000011  c_w.l(_printf_llx.o)
    0x080001da   0x080001da   0x0000000a   Code   RO          630    .ARM.Collect$$_printf_percent$$00000012  c_w.l(_printf_l.o)
    0x080001e4   0x080001e4   0x00000006   Code   RO          612    .ARM.Collect$$_printf_percent$$00000013  c_w.l(_printf_c.o)
    0x080001ea   0x080001ea   0x00000006   Code   RO          613    .ARM.Collect$$_printf_percent$$00000014  c_w.l(_printf_s.o)
    0x080001f0   0x080001f0   0x00000006   Code   RO          631    .ARM.Collect$$_printf_percent$$00000015  c_w.l(_printf_lc.o)
    0x080001f6   0x080001f6   0x00000006   Code   RO          632    .ARM.Collect$$_printf_percent$$00000016  c_w.l(_printf_ls.o)
    0x080001fc   0x080001fc   0x00000004   Code   RO          682    .ARM.Collect$$_printf_percent$$00000017  c_w.l(_printf_percent_end.o)
    0x08000200   0x08000200   0x00000002   Code   RO          739    .ARM.Collect$$libinit$$00000000  c_w.l(libinit.o)
    0x08000202   0x08000202   0x00000000   Code   RO          757    .ARM.Collect$$libinit$$00000002  c_w.l(libinit2.o)
    0x08000202   0x08000202   0x00000000   Code   RO          759    .ARM.Collect$$libinit$$00000004  c_w.l(libinit2.o)
    0x08000202   0x08000202   0x00000000   Code   RO          761    .ARM.Collect$$libinit$$00000006  c_w.l(libinit2.o)
    0x08000202   0x08000202   0x00000000   Code   RO          764    .ARM.Collect$$libinit$$0000000C  c_w.l(libinit2.o)
    0x08000202   0x08000202   0x00000000   Code   RO          766    .ARM.Collect$$libinit$$0000000E  c_w.l(libinit2.o)
    0x08000202   0x08000202   0x00000000   Code   RO          768    .ARM.Collect$$libinit$$00000010  c_w.l(libinit2.o)
    0x08000202   0x08000202   0x00000006   Code   RO          769    .ARM.Collect$$libinit$$00000011  c_w.l(libinit2.o)
    0x08000208   0x08000208   0x00000000   Code   RO          771    .ARM.Collect$$libinit$$00000013  c_w.l(libinit2.o)
    0x08000208   0x08000208   0x0000000c   Code   RO          772    .ARM.Collect$$libinit$$00000014  c_w.l(libinit2.o)
    0x08000214   0x08000214   0x00000000   Code   RO          773    .ARM.Collect$$libinit$$00000015  c_w.l(libinit2.o)
    0x08000214   0x08000214   0x00000000   Code   RO          775    .ARM.Collect$$libinit$$00000017  c_w.l(libinit2.o)
    0x08000214   0x08000214   0x0000000a   Code   RO          776    .ARM.Collect$$libinit$$00000018  c_w.l(libinit2.o)
    0x0800021e   0x0800021e   0x00000000   Code   RO          777    .ARM.Collect$$libinit$$00000019  c_w.l(libinit2.o)
    0x0800021e   0x0800021e   0x00000000   Code   RO          779    .ARM.Collect$$libinit$$0000001B  c_w.l(libinit2.o)
    0x0800021e   0x0800021e   0x00000000   Code   RO          781    .ARM.Collect$$libinit$$0000001D  c_w.l(libinit2.o)
    0x0800021e   0x0800021e   0x00000000   Code   RO          783    .ARM.Collect$$libinit$$0000001F  c_w.l(libinit2.o)
    0x0800021e   0x0800021e   0x00000000   Code   RO          785    .ARM.Collect$$libinit$$00000021  c_w.l(libinit2.o)
    0x0800021e   0x0800021e   0x00000000   Code   RO          787    .ARM.Collect$$libinit$$00000023  c_w.l(libinit2.o)
    0x0800021e   0x0800021e   0x00000000   Code   RO          789    .ARM.Collect$$libinit$$00000025  c_w.l(libinit2.o)
    0x0800021e   0x0800021e   0x00000000   Code   RO          791    .ARM.Collect$$libinit$$00000027  c_w.l(libinit2.o)
    0x0800021e   0x0800021e   0x00000000   Code   RO          795    .ARM.Collect$$libinit$$0000002E  c_w.l(libinit2.o)
    0x0800021e   0x0800021e   0x00000000   Code   RO          797    .ARM.Collect$$libinit$$00000030  c_w.l(libinit2.o)
    0x0800021e   0x0800021e   0x00000000   Code   RO          799    .ARM.Collect$$libinit$$00000032  c_w.l(libinit2.o)
    0x0800021e   0x0800021e   0x00000000   Code   RO          801    .ARM.Collect$$libinit$$00000034  c_w.l(libinit2.o)
    0x0800021e   0x0800021e   0x00000002   Code   RO          802    .ARM.Collect$$libinit$$00000035  c_w.l(libinit2.o)
    0x08000220   0x08000220   0x00000002   Code   RO          826    .ARM.Collect$$libshutdown$$00000000  c_w.l(libshutdown.o)
    0x08000222   0x08000222   0x00000000   Code   RO          841    .ARM.Collect$$libshutdown$$00000002  c_w.l(libshutdown2.o)
    0x08000222   0x08000222   0x00000000   Code   RO          843    .ARM.Collect$$libshutdown$$00000004  c_w.l(libshutdown2.o)
    0x08000222   0x08000222   0x00000000   Code   RO          846    .ARM.Collect$$libshutdown$$00000007  c_w.l(libshutdown2.o)
    0x08000222   0x08000222   0x00000000   Code   RO          849    .ARM.Collect$$libshutdown$$0000000A  c_w.l(libshutdown2.o)
    0x08000222   0x08000222   0x00000000   Code   RO          851    .ARM.Collect$$libshutdown$$0000000C  c_w.l(libshutdown2.o)
    0x08000222   0x08000222   0x00000000   Code   RO          854    .ARM.Collect$$libshutdown$$0000000F  c_w.l(libshutdown2.o)
    0x08000222   0x08000222   0x00000002   Code   RO          855    .ARM.Collect$$libshutdown$$00000010  c_w.l(libshutdown2.o)
    0x08000224   0x08000224   0x00000000   Code   RO          545    .ARM.Collect$$rtentry$$00000000  c_w.l(__rtentry.o)
    0x08000224   0x08000224   0x00000000   Code   RO          651    .ARM.Collect$$rtentry$$00000002  c_w.l(__rtentry2.o)
    0x08000224   0x08000224   0x00000006   Code   RO          663    .ARM.Collect$$rtentry$$00000004  c_w.l(__rtentry4.o)
    0x0800022a   0x0800022a   0x00000000   Code   RO          653    .ARM.Collect$$rtentry$$00000009  c_w.l(__rtentry2.o)
    0x0800022a   0x0800022a   0x00000004   Code   RO          654    .ARM.Collect$$rtentry$$0000000A  c_w.l(__rtentry2.o)
    0x0800022e   0x0800022e   0x00000000   Code   RO          656    .ARM.Collect$$rtentry$$0000000C  c_w.l(__rtentry2.o)
    0x0800022e   0x0800022e   0x00000008   Code   RO          657    .ARM.Collect$$rtentry$$0000000D  c_w.l(__rtentry2.o)
    0x08000236   0x08000236   0x00000002   Code   RO          747    .ARM.Collect$$rtexit$$00000000  c_w.l(rtexit.o)
    0x08000238   0x08000238   0x00000000   Code   RO          804    .ARM.Collect$$rtexit$$00000002  c_w.l(rtexit2.o)
    0x08000238   0x08000238   0x00000004   Code   RO          805    .ARM.Collect$$rtexit$$00000003  c_w.l(rtexit2.o)
    0x0800023c   0x0800023c   0x00000006   Code   RO          806    .ARM.Collect$$rtexit$$00000004  c_w.l(rtexit2.o)
    0x08000242   0x08000242   0x00000002   PAD
    0x08000244   0x08000244   0x00000040   Code   RO          248  * .text               startup_stm32f10x_md.o
    0x08000284   0x08000284   0x00000018   Code   RO          527    .text               c_w.l(printf.o)
    0x0800029c   0x0800029c   0x00000006   Code   RO          529    .text               c_w.l(heapauxi.o)
    0x080002a2   0x080002a2   0x0000004e   Code   RO          548    .text               c_w.l(_printf_pad.o)
    0x080002f0   0x080002f0   0x00000024   Code   RO          550    .text               c_w.l(_printf_truncate.o)
    0x08000314   0x08000314   0x00000052   Code   RO          552    .text               c_w.l(_printf_str.o)
    0x08000366   0x08000366   0x00000002   PAD
    0x08000368   0x08000368   0x00000078   Code   RO          554    .text               c_w.l(_printf_dec.o)
    0x080003e0   0x080003e0   0x00000028   Code   RO          556    .text               c_w.l(_printf_charcount.o)
    0x08000408   0x08000408   0x00000024   Code   RO          558    .text               c_w.l(_printf_char_file.o)
    0x0800042c   0x0800042c   0x000000bc   Code   RO          560    .text               c_w.l(_printf_wctomb.o)
    0x080004e8   0x080004e8   0x0000007c   Code   RO          563    .text               c_w.l(_printf_longlong_dec.o)
    0x08000564   0x08000564   0x00000070   Code   RO          569    .text               c_w.l(_printf_oct_int_ll.o)
    0x080005d4   0x080005d4   0x00000094   Code   RO          589    .text               c_w.l(_printf_hex_int_ll_ptr.o)
    0x08000668   0x08000668   0x00000188   Code   RO          609    .text               c_w.l(__printf_flags_ss_wp.o)
    0x080007f0   0x080007f0   0x0000008a   Code   RO          665    .text               c_w.l(lludiv10.o)
    0x0800087a   0x0800087a   0x000000b2   Code   RO          667    .text               c_w.l(_printf_intcommon.o)
    0x0800092c   0x0800092c   0x0000041c   Code   RO          669    .text               c_w.l(_printf_fp_dec.o)
    0x08000d48   0x08000d48   0x000002fc   Code   RO          673    .text               c_w.l(_printf_fp_hex.o)
    0x08001044   0x08001044   0x00000030   Code   RO          676    .text               c_w.l(_printf_char_common.o)
    0x08001074   0x08001074   0x0000002c   Code   RO          678    .text               c_w.l(_printf_char.o)
    0x080010a0   0x080010a0   0x0000002c   Code   RO          680    .text               c_w.l(_printf_wchar.o)
    0x080010cc   0x080010cc   0x00000008   Code   RO          683    .text               c_w.l(ferror.o)
    0x080010d4   0x080010d4   0x00000048   Code   RO          687    .text               c_w.l(_c16rtomb.o)
    0x0800111c   0x0800111c   0x0000004a   Code   RO          689    .text               c_w.l(sys_stackheap_outer.o)
    0x08001166   0x08001166   0x00000002   PAD
    0x08001168   0x08001168   0x00000010   Code   RO          691    .text               c_w.l(rt_ctype_table.o)
    0x08001178   0x08001178   0x00000008   Code   RO          696    .text               c_w.l(rt_locale_intlibspace.o)
    0x08001180   0x08001180   0x00000080   Code   RO          698    .text               c_w.l(_printf_fp_infnan.o)
    0x08001200   0x08001200   0x000000e4   Code   RO          702    .text               c_w.l(bigflt0.o)
    0x080012e4   0x080012e4   0x00000012   Code   RO          732    .text               c_w.l(exit.o)
    0x080012f6   0x080012f6   0x00000002   PAD
    0x080012f8   0x080012f8   0x00000008   Code   RO          744    .text               c_w.l(libspace.o)
    0x08001300   0x08001300   0x00000080   Code   RO          754    .text               c_w.l(strcmpv7m.o)
    0x08001380   0x08001380   0x0000000c   Code   RO          816    .text               c_w.l(sys_exit.o)
    0x0800138c   0x0800138c   0x00000002   Code   RO          831    .text               c_w.l(use_no_semi.o)
    0x0800138e   0x0800138e   0x00000000   Code   RO          833    .text               c_w.l(indicate_semi.o)
    0x0800138e   0x0800138e   0x00000002   PAD
    0x08001390   0x08001390   0x00000028   Code   RO            4    .text.Delay_us      main.o
    0x080013b8   0x080013b8   0x00000186   Code   RO           61    .text.GPIO_Init     stm32f10x_gpio.o
    0x0800153e   0x0800153e   0x00000002   PAD
    0x08001540   0x08001540   0x00000054   Code   RO          154    .text.I2C_CheckEvent  stm32f10x_i2c.o
    0x08001594   0x08001594   0x0000002c   Code   RO          106    .text.I2C_Cmd       stm32f10x_i2c.o
    0x080015c0   0x080015c0   0x00000080   Code   RO           10    .text.I2C_Config    main.o
    0x08001640   0x08001640   0x0000002c   Code   RO          112    .text.I2C_GenerateSTART  stm32f10x_i2c.o
    0x0800166c   0x0800166c   0x0000002c   Code   RO          114    .text.I2C_GenerateSTOP  stm32f10x_i2c.o
    0x08001698   0x08001698   0x000001aa   Code   RO          102    .text.I2C_Init      stm32f10x_i2c.o
    0x08001842   0x08001842   0x00000002   PAD
    0x08001844   0x08001844   0x0000002a   Code   RO           24    .text.I2C_RECEIVE   main.o
    0x0800186e   0x0800186e   0x00000002   PAD
    0x08001870   0x08001870   0x0000004c   Code   RO           26    .text.I2C_ReadLight  main.o
    0x080018bc   0x080018bc   0x0000000e   Code   RO          128    .text.I2C_ReceiveData  stm32f10x_i2c.o
    0x080018ca   0x080018ca   0x00000002   PAD
    0x080018cc   0x080018cc   0x0000008c   Code   RO           18    .text.I2C_SENDADDRESS  main.o
    0x08001958   0x08001958   0x00000036   Code   RO           20    .text.I2C_SENDBYTE  main.o
    0x0800198e   0x0800198e   0x00000002   PAD
    0x08001990   0x08001990   0x0000002c   Code   RO           16    .text.I2C_START     main.o
    0x080019bc   0x080019bc   0x00000012   Code   RO           22    .text.I2C_STOP      main.o
    0x080019ce   0x080019ce   0x00000002   PAD
    0x080019d0   0x080019d0   0x0000003c   Code   RO          130    .text.I2C_Send7bitAddress  stm32f10x_i2c.o
    0x08001a0c   0x08001a0c   0x00000014   Code   RO          126    .text.I2C_SendData  stm32f10x_i2c.o
    0x08001a20   0x08001a20   0x00000038   Code   RO          219    .text.RCC_APB1PeriphClockCmd  stm32f10x_rcc.o
    0x08001a58   0x08001a58   0x00000038   Code   RO          217    .text.RCC_APB2PeriphClockCmd  stm32f10x_rcc.o
    0x08001a90   0x08001a90   0x00000172   Code   RO          213    .text.RCC_GetClocksFreq  stm32f10x_rcc.o
    0x08001c02   0x08001c02   0x00000002   PAD
    0x08001c04   0x08001c04   0x00000008   Code   RO          257    .text.SetSysClock   system_stm32f10x.o
    0x08001c0c   0x08001c0c   0x00000122   Code   RO          261    .text.SetSysClockTo72  system_stm32f10x.o
    0x08001d2e   0x08001d2e   0x00000002   PAD
    0x08001d30   0x08001d30   0x00000066   Code   RO          255    .text.SystemInit    system_stm32f10x.o
    0x08001d96   0x08001d96   0x00000002   PAD
    0x08001d98   0x08001d98   0x0000002c   Code   RO          314    .text.TIM_Cmd       stm32f10x_tim.o
    0x08001dc4   0x08001dc4   0x0000000c   Code   RO          442    .text.TIM_GetCounter  stm32f10x_tim.o
    0x08001dd0   0x08001dd0   0x00000014   Code   RO          420    .text.TIM_SetCounter  stm32f10x_tim.o
    0x08001de4   0x08001de4   0x00000142   Code   RO          274    .text.TIM_TimeBaseInit  stm32f10x_tim.o
    0x08001f26   0x08001f26   0x00000002   PAD
    0x08001f28   0x08001f28   0x0000003c   Code   RO            2    .text.Timer_Init    main.o
    0x08001f64   0x08001f64   0x00000098   Code   RO            8    .text.UART_Init     main.o
    0x08001ffc   0x08001ffc   0x0000002c   Code   RO          471    .text.USART_Cmd     stm32f10x_usart.o
    0x08002028   0x08002028   0x00000044   Code   RO          511    .text.USART_GetFlagStatus  stm32f10x_usart.o
    0x0800206c   0x0800206c   0x0000015c   Code   RO          463    .text.USART_Init    stm32f10x_usart.o
    0x080021c8   0x080021c8   0x00000018   Code   RO          487    .text.USART_SendData  stm32f10x_usart.o
    0x080021e0   0x080021e0   0x00000020   Code   RO            6    .text.delay_ms      main.o
    0x08002200   0x08002200   0x00000016   Code   RO           14    .text.fputc         main.o
    0x08002216   0x08002216   0x00000002   PAD
    0x08002218   0x08002218   0x00000054   Code   RO           28    .text.main          main.o
    0x0800226c   0x0800226c   0x00000032   Code   RO           12    .text.usart_sendchar  main.o
    0x0800229e   0x0800229e   0x0000003e   Code   RO          705    CL$$btod_d2e        c_w.l(btod.o)
    0x080022dc   0x080022dc   0x00000046   Code   RO          707    CL$$btod_d2e_denorm_low  c_w.l(btod.o)
    0x08002322   0x08002322   0x00000060   Code   RO          706    CL$$btod_d2e_norm_op1  c_w.l(btod.o)
    0x08002382   0x08002382   0x00000002   PAD
    0x08002384   0x08002384   0x00000338   Code   RO          715    CL$$btod_div_common  c_w.l(btod.o)
    0x080026bc   0x080026bc   0x000000dc   Code   RO          712    CL$$btod_e2e        c_w.l(btod.o)
    0x08002798   0x08002798   0x0000002a   Code   RO          709    CL$$btod_ediv       c_w.l(btod.o)
    0x080027c2   0x080027c2   0x0000002a   Code   RO          708    CL$$btod_emul       c_w.l(btod.o)
    0x080027ec   0x080027ec   0x00000244   Code   RO          714    CL$$btod_mult_common  c_w.l(btod.o)
    0x08002a30   0x08002a30   0x00000028   Code   RO          742    i.__ARM_fpclassify  m_ws.l(fpclassify.o)
    0x08002a58   0x08002a58   0x0000000e   Code   RO          602    i._is_digit         c_w.l(__printf_wp.o)
    0x08002a66   0x08002a66   0x00000002   PAD
    0x08002a68   0x08002a68   0x0000002c   Code   RO          730    locale$$code        c_w.l(lc_numeric_c.o)
    0x08002a94   0x08002a94   0x0000002c   Code   RO          752    locale$$code        c_w.l(lc_ctype_c.o)
    0x08002ac0   0x08002ac0   0x000002b4   Code   RO          534    x$fpl$ddiv          fz_ws.l(ddiv.o)
    0x08002d74   0x08002d74   0x0000009c   Code   RO          635    x$fpl$dnaninf       fz_ws.l(dnaninf.o)
    0x08002e10   0x08002e10   0x0000000c   Code   RO          637    x$fpl$dretinf       fz_ws.l(dretinf.o)
    0x08002e1c   0x08002e1c   0x00000056   Code   RO          537    x$fpl$f2d           fz_ws.l(f2d.o)
    0x08002e72   0x08002e72   0x00000002   PAD
    0x08002e74   0x08002e74   0x00000026   Code   RO          539    x$fpl$ffltu         fz_ws.l(fflt_clz.o)
    0x08002e9a   0x08002e9a   0x0000008c   Code   RO          639    x$fpl$fnaninf       fz_ws.l(fnaninf.o)
    0x08002f26   0x08002f26   0x00000004   Code   RO          641    x$fpl$printf1       fz_ws.l(printf1.o)
    0x08002f2a   0x08002f2a   0x00000004   Code   RO          643    x$fpl$printf2       fz_ws.l(printf2.o)
    0x08002f2e   0x08002f2e   0x00000000   Code   RO          649    x$fpl$usenofp       fz_ws.l(usenofp.o)
    0x08002f2e   0x08002f2e   0x00000002   PAD
    0x08002f30   0x08002f30   0x00000008   Data   RO          561    .constdata          c_w.l(_printf_wctomb.o)
    0x08002f38   0x08002f38   0x00000028   Data   RO          590    .constdata          c_w.l(_printf_hex_int_ll_ptr.o)
    0x08002f60   0x08002f60   0x00000011   Data   RO          610    .constdata          c_w.l(__printf_flags_ss_wp.o)
    0x08002f71   0x08002f71   0x00000026   Data   RO          674    .constdata          c_w.l(_printf_fp_hex.o)
    0x08002f97   0x08002f97   0x00000001   PAD
    0x08002f98   0x08002f98   0x00000094   Data   RO          703    .constdata          c_w.l(bigflt0.o)
    0x0800302c   0x0800302c   0x00000004   Data   RO          238    .rodata.ADCPrescTable  stm32f10x_rcc.o
    0x08003030   0x08003030   0x00000010   Data   RO          237    .rodata.APBAHBPrescTable  stm32f10x_rcc.o
    0x08003040   0x08003040   0x0000001b   Data   RO           30    .rodata.str1.1      main.o
    0x0800305b   0x0800305b   0x00000001   PAD
    0x0800305c   0x0800305c   0x00000010   Data   RO          889    Region$$Table       anon$$obj.o
    0x0800306c   0x0800306c   0x0000001c   Data   RO          729    locale$$data        c_w.l(lc_numeric_c.o)
    0x08003088   0x08003088   0x00000110   Data   RO          751    locale$$data        c_w.l(lc_ctype_c.o)


    Execution Region ER_RW (Exec base: 0x20000000, Load base: 0x08003198, Size: 0x00000000, Max: 0xffffffff, ABSOLUTE)

    **** No section assigned to this execution region ****


    Execution Region ER_ZI (Exec base: 0x20000000, Load base: 0x08003198, Size: 0x000006b8, Max: 0xffffffff, ABSOLUTE)

    Exec Addr    Load Addr    Size         Type   Attr      Idx    E Section Name        Object

    0x20000000        -       0x00000060   Zero   RW          745    .bss                c_w.l(libspace.o)
    0x20000060        -       0x00000054   Zero   RW           31    .bss.__stdout       main.o
    0x200000b4   0x08003198   0x00000004   PAD
    0x200000b8        -       0x00000200   Zero   RW          246    HEAP                startup_stm32f10x_md.o
    0x200002b8        -       0x00000400   Zero   RW          245    STACK               startup_stm32f10x_md.o


==============================================================================

Image component sizes


      Code (inc. data)   RO Data    RW Data    ZI Data      Debug   Object Name

       942          0         27          0         84       5893   main.o
        64         26        236          0       1536        836   startup_stm32f10x_md.o
       390          0          0          0          0       5683   stm32f10x_gpio.o
       736          0          0          0          0       7867   stm32f10x_i2c.o
       482          0         20          0          0       7011   stm32f10x_rcc.o
       398          0          0          0          0      20386   stm32f10x_tim.o
       484          0          0          0          0       7484   stm32f10x_usart.o
       400          0          0          0          0       2862   system_stm32f10x.o

    ----------------------------------------------------------------------
      3918         26        300          0       1624      58022   Object Totals
         0          0         16          0          0          0   (incl. Generated)
        22          0          1          0          4          0   (incl. Padding)

    ----------------------------------------------------------------------

      Code (inc. data)   RO Data    RW Data    ZI Data      Debug   Library Member Name

         8          0          0          0          0         68   __main.o
       392          4         17          0          0         92   __printf_flags_ss_wp.o
        14          0          0          0          0         68   __printf_wp.o
         0          0          0          0          0          0   __rtentry.o
        12          0          0          0          0          0   __rtentry2.o
         6          0          0          0          0          0   __rtentry4.o
        94          8          0          0          0          0   __scatter.o
        28          0          0          0          0          0   __scatter_zi.o
        72          0          0          0          0         96   _c16rtomb.o
         6          0          0          0          0          0   _printf_a.o
         6          0          0          0          0          0   _printf_c.o
        44          0          0          0          0        108   _printf_char.o
        48          6          0          0          0         96   _printf_char_common.o
        36          4          0          0          0         80   _printf_char_file.o
        40          0          0          0          0         68   _printf_charcount.o
         6          0          0          0          0          0   _printf_d.o
       120         16          0          0          0         92   _printf_dec.o
         6          0          0          0          0          0   _printf_e.o
         6          0          0          0          0          0   _printf_f.o
      1052          0          0          0          0        148   _printf_fp_dec.o
       764          8         38          0          0        100   _printf_fp_hex.o
       128         16          0          0          0         84   _printf_fp_infnan.o
         6          0          0          0          0          0   _printf_g.o
       148          4         40          0          0        160   _printf_hex_int_ll_ptr.o
         6          0          0          0          0          0   _printf_i.o
       178          0          0          0          0         88   _printf_intcommon.o
        10          0          0          0          0          0   _printf_l.o
         6          0          0          0          0          0   _printf_lc.o
        10          0          0          0          0          0   _printf_ll.o
         6          0          0          0          0          0   _printf_lld.o
         6          0          0          0          0          0   _printf_lli.o
         6          0          0          0          0          0   _printf_llo.o
         6          0          0          0          0          0   _printf_llu.o
         6          0          0          0          0          0   _printf_llx.o
       124         16          0          0          0         92   _printf_longlong_dec.o
         6          0          0          0          0          0   _printf_ls.o
         6          0          0          0          0          0   _printf_n.o
         6          0          0          0          0          0   _printf_o.o
       112          8          0          0          0        124   _printf_oct_int_ll.o
         6          0          0          0          0          0   _printf_p.o
        78          0          0          0          0        108   _printf_pad.o
         0          0          0          0          0          0   _printf_percent.o
         4          0          0          0          0          0   _printf_percent_end.o
         6          0          0          0          0          0   _printf_s.o
        82          0          0          0          0         80   _printf_str.o
        36          0          0          0          0         84   _printf_truncate.o
         6          0          0          0          0          0   _printf_u.o
        44          0          0          0          0        108   _printf_wchar.o
       188          6          8          0          0         92   _printf_wctomb.o
         6          0          0          0          0          0   _printf_x.o
       228          4        148          0          0         96   bigflt0.o
      1936        128          0          0          0        668   btod.o
        18          0          0          0          0         80   exit.o
         8          0          0          0          0         68   ferror.o
         6          0          0          0          0        152   heapauxi.o
         0          0          0          0          0          0   indicate_semi.o
        44         10        272          0          0         76   lc_ctype_c.o
        44         10         28          0          0         76   lc_numeric_c.o
         2          0          0          0          0          0   libinit.o
        30          0          0          0          0          0   libinit2.o
         2          0          0          0          0          0   libshutdown.o
         2          0          0          0          0          0   libshutdown2.o
         8          4          0          0         96         68   libspace.o
       138          0          0          0          0         80   lludiv10.o
        24          4          0          0          0         84   printf.o
        16          4          0          0          0         76   rt_ctype_table.o
         8          4          0          0          0         68   rt_locale_intlibspace.o
         2          0          0          0          0          0   rtexit.o
        10          0          0          0          0          0   rtexit2.o
       128          0          0          0          0         68   strcmpv7m.o
        12          4          0          0          0         68   sys_exit.o
        74          0          0          0          0         80   sys_stackheap_outer.o
         2          0          0          0          0         68   use_no_semi.o
       692        140          0          0          0        216   ddiv.o
       156          4          0          0          0         92   dnaninf.o
        12          0          0          0          0         68   dretinf.o
        86          4          0          0          0         84   f2d.o
        38          0          0          0          0         68   fflt_clz.o
       140          4          0          0          0         84   fnaninf.o
         4          0          0          0          0         68   printf1.o
         4          0          0          0          0         68   printf2.o
         0          0          0          0          0          0   usenofp.o
        40          0          0          0          0         68   fpclassify.o

    ----------------------------------------------------------------------
      7926        420        552          0         96       4728   Library Totals
        20          0          1          0          0          0   (incl. Padding)

    ----------------------------------------------------------------------

      Code (inc. data)   RO Data    RW Data    ZI Data      Debug   Library Name

      6734        268        551          0         96       3912   c_w.l
      1132        152          0          0          0        748   fz_ws.l
        40          0          0          0          0         68   m_ws.l

    ----------------------------------------------------------------------
      7926        420        552          0         96       4728   Library Totals

    ----------------------------------------------------------------------

==============================================================================


      Code (inc. data)   RO Data    RW Data    ZI Data      Debug   

     11844        446        852          0       1720      60130   Grand Totals
     11844        446        852          0       1720      60130   ELF Image Totals
     11844        446        852          0          0          0   ROM Totals

==============================================================================

    Total RO  Size (Code + RO Data)                12696 (  12.40kB)
    Total RW  Size (RW Data + ZI Data)              1720 (   1.68kB)
    Total ROM Size (Code + RO Data + RW Data)      12696 (  12.40kB)

==============================================================================

