Component: Arm Compiler for Embedded 6.21 Tool: armlink [5ec1fa00]

==============================================================================

Section Cross References

    gpio.o(.text.GPIO_Debug_Init) refers to stm32f10x_rcc.o(.text.RCC_APB2PeriphClockCmd) for RCC_APB2PeriphClockCmd
    gpio.o(.text.GPIO_Debug_Init) refers to stm32f10x_gpio.o(.text.GPIO_Init) for GPIO_Init
    gpio.o(.ARM.exidx.text.GPIO_Debug_Init) refers to gpio.o(.text.GPIO_Debug_Init) for [Anonymous Symbol]
    gpio.o(.text.Debug) refers to tim2.o(.text.Delay_ms) for Delay_ms
    gpio.o(.ARM.exidx.text.Debug) refers to gpio.o(.text.Debug) for [Anonymous Symbol]
    gpio.o(.ARM.exidx.text.Off) refers to gpio.o(.text.Off) for [Anonymous Symbol]
    gpio.o(.ARM.exidx.text.On) refers to gpio.o(.text.On) for [Anonymous Symbol]
    main.o(.text.main) refers to sys.o(.text.Sys_Init) for Sys_Init
    main.o(.text.main) refers to sys.o(.text.Sys_Run) for Sys_Run
    main.o(.ARM.exidx.text.main) refers to main.o(.text.main) for [Anonymous Symbol]
    rfid.o(.text.PinCS_Init) refers to stm32f10x_rcc.o(.text.RCC_APB2PeriphClockCmd) for RCC_APB2PeriphClockCmd
    rfid.o(.text.PinCS_Init) refers to stm32f10x_gpio.o(.text.GPIO_Init) for GPIO_Init
    rfid.o(.text.PinCS_Init) refers to stm32f10x_gpio.o(.text.GPIO_SetBits) for GPIO_SetBits
    rfid.o(.ARM.exidx.text.PinCS_Init) refers to rfid.o(.text.PinCS_Init) for [Anonymous Symbol]
    rfid.o(.text.RFID_WriteReg) refers to stm32f10x_gpio.o(.text.GPIO_ResetBits) for GPIO_ResetBits
    rfid.o(.text.RFID_WriteReg) refers to rfid.o(.text.RFID_SendByte) for RFID_SendByte
    rfid.o(.text.RFID_WriteReg) refers to stm32f10x_gpio.o(.text.GPIO_SetBits) for GPIO_SetBits
    rfid.o(.ARM.exidx.text.RFID_WriteReg) refers to rfid.o(.text.RFID_WriteReg) for [Anonymous Symbol]
    rfid.o(.text.RFID_SendByte) refers to spi.o(.text.SPI_SendByte) for SPI_SendByte
    rfid.o(.ARM.exidx.text.RFID_SendByte) refers to rfid.o(.text.RFID_SendByte) for [Anonymous Symbol]
    rfid.o(.text.RFID_ReadReg) refers to stm32f10x_gpio.o(.text.GPIO_ResetBits) for GPIO_ResetBits
    rfid.o(.text.RFID_ReadReg) refers to rfid.o(.text.RFID_SendByte) for RFID_SendByte
    rfid.o(.text.RFID_ReadReg) refers to spi.o(.text.SPI_SendByte) for SPI_SendByte
    rfid.o(.text.RFID_ReadReg) refers to stm32f10x_gpio.o(.text.GPIO_SetBits) for GPIO_SetBits
    rfid.o(.ARM.exidx.text.RFID_ReadReg) refers to rfid.o(.text.RFID_ReadReg) for [Anonymous Symbol]
    rfid.o(.text.RFID_ReceiveByte) refers to spi.o(.text.SPI_SendByte) for SPI_SendByte
    rfid.o(.ARM.exidx.text.RFID_ReceiveByte) refers to rfid.o(.text.RFID_ReceiveByte) for [Anonymous Symbol]
    rfid.o(.text.RFID_Init) refers to spi.o(.text.SPI_Config) for SPI_Config
    rfid.o(.text.RFID_Init) refers to rfid.o(.text.PinCS_Init) for PinCS_Init
    rfid.o(.text.RFID_Init) refers to rfid.o(.text.RFID_WriteReg) for RFID_WriteReg
    rfid.o(.text.RFID_Init) refers to rfid.o(.text.RFID_AntennaOn) for RFID_AntennaOn
    rfid.o(.ARM.exidx.text.RFID_Init) refers to rfid.o(.text.RFID_Init) for [Anonymous Symbol]
    rfid.o(.text.RFID_AntennaOn) refers to rfid.o(.text.RFID_ReadReg) for RFID_ReadReg
    rfid.o(.text.RFID_AntennaOn) refers to rfid.o(.text.RFID_SetBitMask) for RFID_SetBitMask
    rfid.o(.ARM.exidx.text.RFID_AntennaOn) refers to rfid.o(.text.RFID_AntennaOn) for [Anonymous Symbol]
    rfid.o(.text.RFID_SetBitMask) refers to rfid.o(.text.RFID_ReadReg) for RFID_ReadReg
    rfid.o(.text.RFID_SetBitMask) refers to rfid.o(.text.RFID_WriteReg) for RFID_WriteReg
    rfid.o(.ARM.exidx.text.RFID_SetBitMask) refers to rfid.o(.text.RFID_SetBitMask) for [Anonymous Symbol]
    rfid.o(.text.RFID_ClearBitMask) refers to rfid.o(.text.RFID_ReadReg) for RFID_ReadReg
    rfid.o(.text.RFID_ClearBitMask) refers to rfid.o(.text.RFID_WriteReg) for RFID_WriteReg
    rfid.o(.ARM.exidx.text.RFID_ClearBitMask) refers to rfid.o(.text.RFID_ClearBitMask) for [Anonymous Symbol]
    rfid.o(.text.RFID_AntennaOff) refers to rfid.o(.text.RFID_ClearBitMask) for RFID_ClearBitMask
    rfid.o(.ARM.exidx.text.RFID_AntennaOff) refers to rfid.o(.text.RFID_AntennaOff) for [Anonymous Symbol]
    rfid.o(.text.RFID_Read) refers to stm32f10x_gpio.o(.text.GPIO_ResetBits) for GPIO_ResetBits
    rfid.o(.text.RFID_Read) refers to rfid.o(.text.RFID_ReceiveByte) for RFID_ReceiveByte
    rfid.o(.text.RFID_Read) refers to stm32f10x_gpio.o(.text.GPIO_SetBits) for GPIO_SetBits
    rfid.o(.ARM.exidx.text.RFID_Read) refers to rfid.o(.text.RFID_Read) for [Anonymous Symbol]
    rfid.o(.text.RFID_Write) refers to stm32f10x_gpio.o(.text.GPIO_ResetBits) for GPIO_ResetBits
    rfid.o(.text.RFID_Write) refers to rfid.o(.text.RFID_SendByte) for RFID_SendByte
    rfid.o(.text.RFID_Write) refers to stm32f10x_gpio.o(.text.GPIO_SetBits) for GPIO_SetBits
    rfid.o(.ARM.exidx.text.RFID_Write) refers to rfid.o(.text.RFID_Write) for [Anonymous Symbol]
    rfid.o(.text.RFID_ToCard) refers to rfid.o(.text.RFID_WriteReg) for RFID_WriteReg
[...]
    stm32f10x_rcc.o(.ARM.exidx.text.RCC_HSICmd) refers to stm32f10x_rcc.o(.text.RCC_HSICmd) for [Anonymous Symbol]
    stm32f10x_rcc.o(.ARM.exidx.text.RCC_PLLConfig) refers to stm32f10x_rcc.o(.text.RCC_PLLConfig) for [Anonymous Symbol]
    stm32f10x_rcc.o(.ARM.exidx.text.RCC_PLLCmd) refers to stm32f10x_rcc.o(.text.RCC_PLLCmd) for [Anonymous Symbol]
    stm32f10x_rcc.o(.ARM.exidx.text.RCC_SYSCLKConfig) refers to stm32f10x_rcc.o(.text.RCC_SYSCLKConfig) for [Anonymous Symbol]
    stm32f10x_rcc.o(.ARM.exidx.text.RCC_GetSYSCLKSource) refers to stm32f10x_rcc.o(.text.RCC_GetSYSCLKSource) for [Anonymous Symbol]
    stm32f10x_rcc.o(.ARM.exidx.text.RCC_HCLKConfig) refers to stm32f10x_rcc.o(.text.RCC_HCLKConfig) for [Anonymous Symbol]
    stm32f10x_rcc.o(.ARM.exidx.text.RCC_PCLK1Config) refers to stm32f10x_rcc.o(.text.RCC_PCLK1Config) for [Anonymous Symbol]
    stm32f10x_rcc.o(.ARM.exidx.text.RCC_PCLK2Config) refers to stm32f10x_rcc.o(.text.RCC_PCLK2Config) for [Anonymous Symbol]
    stm32f10x_rcc.o(.ARM.exidx.text.RCC_ITConfig) refers to stm32f10x_rcc.o(.text.RCC_ITConfig) for [Anonymous Symbol]
    stm32f10x_rcc.o(.ARM.exidx.text.RCC_USBCLKConfig) refers to stm32f10x_rcc.o(.text.RCC_USBCLKConfig) for [Anonymous Symbol]
    stm32f10x_rcc.o(.ARM.exidx.text.RCC_ADCCLKConfig) refers to stm32f10x_rcc.o(.text.RCC_ADCCLKConfig) for [Anonymous Symbol]
    stm32f10x_rcc.o(.ARM.exidx.text.RCC_LSEConfig) refers to stm32f10x_rcc.o(.text.RCC_LSEConfig) for [Anonymous Symbol]
    stm32f10x_rcc.o(.ARM.exidx.text.RCC_LSICmd) refers to stm32f10x_rcc.o(.text.RCC_LSICmd) for [Anonymous Symbol]
    stm32f10x_rcc.o(.ARM.exidx.text.RCC_RTCCLKConfig) refers to stm32f10x_rcc.o(.text.RCC_RTCCLKConfig) for [Anonymous Symbol]
    stm32f10x_rcc.o(.ARM.exidx.text.RCC_RTCCLKCmd) refers to stm32f10x_rcc.o(.text.RCC_RTCCLKCmd) for [Anonymous Symbol]
    stm32f10x_rcc.o(.text.RCC_GetClocksFreq) refers to stm32f10x_rcc.o(.rodata.APBAHBPrescTable) for APBAHBPrescTable
    stm32f10x_rcc.o(.text.RCC_GetClocksFreq) refers to stm32f10x_rcc.o(.rodata.ADCPrescTable) for ADCPrescTable
    stm32f10x_rcc.o(.ARM.exidx.text.RCC_GetClocksFreq) refers to stm32f10x_rcc.o(.text.RCC_GetClocksFreq) for [Anonymous Symbol]
    stm32f10x_rcc.o(.ARM.exidx.text.RCC_AHBPeriphClockCmd) refers to stm32f10x_rcc.o(.text.RCC_AHBPeriphClockCmd) for [Anonymous Symbol]
    stm32f10x_rcc.o(.ARM.exidx.text.RCC_APB2PeriphClockCmd) refers to stm32f10x_rcc.o(.text.RCC_APB2PeriphClockCmd) for [Anonymous Symbol]
    stm32f10x_rcc.o(.ARM.exidx.text.RCC_APB1PeriphClockCmd) refers to stm32f10x_rcc.o(.text.RCC_APB1PeriphClockCmd) for [Anonymous Symbol]
    stm32f10x_rcc.o(.ARM.exidx.text.RCC_APB2PeriphResetCmd) refers to stm32f10x_rcc.o(.text.RCC_APB2PeriphResetCmd) for [Anonymous Symbol]
    stm32f10x_rcc.o(.ARM.exidx.text.RCC_APB1PeriphResetCmd) refers to stm32f10x_rcc.o(.text.RCC_APB1PeriphResetCmd) for [Anonymous Symbol]
    stm32f10x_rcc.o(.ARM.exidx.text.RCC_BackupResetCmd) refers to stm32f10x_rcc.o(.text.RCC_BackupResetCmd) for [Anonymous Symbol]
    stm32f10x_rcc.o(.ARM.exidx.text.RCC_ClockSecuritySystemCmd) refers to stm32f10x_rcc.o(.text.RCC_ClockSecuritySystemCmd) for [Anonymous Symbol]
    stm32f10x_rcc.o(.ARM.exidx.text.RCC_MCOConfig) refers to stm32f10x_rcc.o(.text.RCC_MCOConfig) for [Anonymous Symbol]
    stm32f10x_rcc.o(.ARM.exidx.text.RCC_ClearFlag) refers to stm32f10x_rcc.o(.text.RCC_ClearFlag) for [Anonymous Symbol]
    stm32f10x_rcc.o(.ARM.exidx.text.RCC_GetITStatus) refers to stm32f10x_rcc.o(.text.RCC_GetITStatus) for [Anonymous Symbol]
    stm32f10x_rcc.o(.ARM.exidx.text.RCC_ClearITPendingBit) refers to stm32f10x_rcc.o(.text.RCC_ClearITPendingBit) for [Anonymous Symbol]
    stm32f10x_spi.o(.text.SPI_I2S_DeInit) refers to stm32f10x_rcc.o(.text.RCC_APB2PeriphResetCmd) for RCC_APB2PeriphResetCmd
    stm32f10x_spi.o(.text.SPI_I2S_DeInit) refers to stm32f10x_rcc.o(.text.RCC_APB1PeriphResetCmd) for RCC_APB1PeriphResetCmd
    stm32f10x_spi.o(.ARM.exidx.text.SPI_I2S_DeInit) refers to stm32f10x_spi.o(.text.SPI_I2S_DeInit) for [Anonymous Symbol]
    stm32f10x_spi.o(.ARM.exidx.text.SPI_Init) refers to stm32f10x_spi.o(.text.SPI_Init) for [Anonymous Symbol]
    stm32f10x_spi.o(.text.I2S_Init) refers to stm32f10x_rcc.o(.text.RCC_GetClocksFreq) for RCC_GetClocksFreq
    stm32f10x_spi.o(.ARM.exidx.text.I2S_Init) refers to stm32f10x_spi.o(.text.I2S_Init) for [Anonymous Symbol]
    stm32f10x_spi.o(.ARM.exidx.text.SPI_StructInit) refers to stm32f10x_spi.o(.text.SPI_StructInit) for [Anonymous Symbol]
    stm32f10x_spi.o(.ARM.exidx.text.I2S_StructInit) refers to stm32f10x_spi.o(.text.I2S_StructInit) for [Anonymous Symbol]
    stm32f10x_spi.o(.ARM.exidx.text.SPI_Cmd) refers to stm32f10x_spi.o(.text.SPI_Cmd) for [Anonymous Symbol]
    stm32f10x_spi.o(.ARM.exidx.text.I2S_Cmd) refers to stm32f10x_spi.o(.text.I2S_Cmd) for [Anonymous Symbol]
    stm32f10x_spi.o(.ARM.exidx.text.SPI_I2S_ITConfig) refers to stm32f10x_spi.o(.text.SPI_I2S_ITConfig) for [Anonymous Symbol]
    stm32f10x_spi.o(.ARM.exidx.text.SPI_I2S_DMACmd) refers to stm32f10x_spi.o(.text.SPI_I2S_DMACmd) for [Anonymous Symbol]
    stm32f10x_spi.o(.ARM.exidx.text.SPI_I2S_SendData) refers to stm32f10x_spi.o(.text.SPI_I2S_SendData) for [Anonymous Symbol]
    stm32f10x_spi.o(.ARM.exidx.text.SPI_I2S_ReceiveData) refers to stm32f10x_spi.o(.text.SPI_I2S_ReceiveData) for [Anonymous Symbol]
    stm32f10x_spi.o(.ARM.exidx.text.SPI_NSSInternalSoftwareConfig) refers to stm32f10x_spi.o(.text.SPI_NSSInternalSoftwareConfig) for [Anonymous Symbol]
    stm32f10x_spi.o(.ARM.exidx.text.SPI_SSOutputCmd) refers to stm32f10x_spi.o(.text.SPI_SSOutputCmd) for [Anonymous Symbol]
    stm32f10x_spi.o(.ARM.exidx.text.SPI_DataSizeConfig) refers to stm32f10x_spi.o(.text.SPI_DataSizeConfig) for [Anonymous Symbol]
    stm32f10x_spi.o(.ARM.exidx.text.SPI_TransmitCRC) refers to stm32f10x_spi.o(.text.SPI_TransmitCRC) for [Anonymous Symbol]
    stm32f10x_spi.o(.ARM.exidx.text.SPI_CalculateCRC) refers to stm32f10x_spi.o(.text.SPI_CalculateCRC) for [Anonymous Symbol]
    stm32f10x_spi.o(.ARM.exidx.text.SPI_GetCRC) refers to stm32f10x_spi.o(.text.SPI_GetCRC) for [Anonymous Symbol]
    stm32f10x_spi.o(.ARM.exidx.text.SPI_GetCRCPolynomial) refers to stm32f10x_spi.o(.text.SPI_GetCRCPolynomial) for [Anonymous Symbol]
    stm32f10x_spi.o(.ARM.exidx.text.SPI_BiDirectionalLineConfig) refers to stm32f10x_spi.o(.text.SPI_BiDirectionalLineConfig) for [Anonymous Symbol]
    stm32f10x_spi.o(.ARM.exidx.text.SPI_I2S_GetFlagStatus) refers to stm32f10x_spi.o(.text.SPI_I2S_GetFlagStatus) for [Anonymous Symbol]
    stm32f10x_spi.o(.ARM.exidx.text.SPI_I2S_ClearFlag) refers to stm32f10x_spi.o(.text.SPI_I2S_ClearFlag) for [Anonymous Symbol]
    stm32f10x_spi.o(.ARM.exidx.text.SPI_I2S_GetITStatus) refers to stm32f10x_spi.o(.text.SPI_I2S_GetITStatus) for [Anonymous Symbol]
    stm32f10x_spi.o(.ARM.exidx.text.SPI_I2S_ClearITPendingBit) refers to stm32f10x_spi.o(.text.SPI_I2S_ClearITPendingBit) for [Anonymous Symbol]
    startup_stm32f10x_md.o(STACK) refers (Special) to heapauxi.o(.text) for __use_two_region_memory
    startup_stm32f10x_md.o(HEAP) refers (Special) to heapauxi.o(.text) for __use_two_region_memory
    startup_stm32f10x_md.o(RESET) refers (Special) to heapauxi.o(.text) for __use_two_region_memory
    startup_stm32f10x_md.o(RESET) refers to startup_stm32f10x_md.o(STACK) for __initial_sp
    startup_stm32f10x_md.o(RESET) refers to startup_stm32f10x_md.o(.text) for Reset_Handler
    startup_stm32f10x_md.o(RESET) refers to tim2.o(.text.TIM2_IRQHandler) for TIM2_IRQHandler
    startup_stm32f10x_md.o(.text) refers (Special) to heapauxi.o(.text) for __use_two_region_memory
    startup_stm32f10x_md.o(.text) refers to system_stm32f10x.o(.text.SystemInit) for SystemInit
    startup_stm32f10x_md.o(.text) refers to __main.o(!!!main) for __main
    startup_stm32f10x_md.o(.text) refers to startup_stm32f10x_md.o(HEAP) for Heap_Mem
    startup_stm32f10x_md.o(.text) refers to startup_stm32f10x_md.o(STACK) for Stack_Mem
    system_stm32f10x.o(.text.SystemInit) refers to system_stm32f10x.o(.text.SetSysClock) for SetSysClock
    system_stm32f10x.o(.ARM.exidx.text.SystemInit) refers to system_stm32f10x.o(.text.SystemInit) for [Anonymous Symbol]
    system_stm32f10x.o(.text.SetSysClock) refers to system_stm32f10x.o(.text.SetSysClockTo72) for SetSysClockTo72
    system_stm32f10x.o(.ARM.exidx.text.SetSysClock) refers to system_stm32f10x.o(.text.SetSysClock) for [Anonymous Symbol]
    system_stm32f10x.o(.text.SystemCoreClockUpdate) refers to system_stm32f10x.o(.data.SystemCoreClock) for SystemCoreClock
    system_stm32f10x.o(.text.SystemCoreClockUpdate) refers to system_stm32f10x.o(.rodata.AHBPrescTable) for AHBPrescTable
    system_stm32f10x.o(.ARM.exidx.text.SystemCoreClockUpdate) refers to system_stm32f10x.o(.text.SystemCoreClockUpdate) for [Anonymous Symbol]
    system_stm32f10x.o(.ARM.exidx.text.SetSysClockTo72) refers to system_stm32f10x.o(.text.SetSysClockTo72) for [Anonymous Symbol]
    __main.o(!!!main) refers to __rtentry.o(.ARM.Collect$$rtentry$$00000000) for __rt_entry
    faddsub_clz.o(x$fpl$fadd) refers (Special) to usenofp.o(x$fpl$usenofp) for __I$use$fp
    faddsub_clz.o(x$fpl$fadd) refers to faddsub_clz.o(x$fpl$fsub) for _fsub1
    faddsub_clz.o(x$fpl$fadd) refers to fretinf.o(x$fpl$fretinf) for __fpl_fretinf
    faddsub_clz.o(x$fpl$fadd) refers to fnaninf.o(x$fpl$fnaninf) for __fpl_fnaninf
    faddsub_clz.o(x$fpl$frsb) refers (Special) to usenofp.o(x$fpl$usenofp) for __I$use$fp
    faddsub_clz.o(x$fpl$frsb) refers to faddsub_clz.o(x$fpl$fadd) for _fadd1
    faddsub_clz.o(x$fpl$frsb) refers to faddsub_clz.o(x$fpl$fsub) for _fsub1
    faddsub_clz.o(x$fpl$fsub) refers (Special) to usenofp.o(x$fpl$usenofp) for __I$use$fp
    faddsub_clz.o(x$fpl$fsub) refers to faddsub_clz.o(x$fpl$fadd) for _fadd1
    faddsub_clz.o(x$fpl$fsub) refers to fnaninf.o(x$fpl$fnaninf) for __fpl_fnaninf
    fcmp.o(x$fpl$fcmp) refers (Special) to usenofp.o(x$fpl$usenofp) for __I$use$fp
    fcmp.o(x$fpl$fcmp) refers to feqf.o(x$fpl$feqf) for _fcmpeq
    fcmp.o(x$fpl$fcmp) refers to fgeqf.o(x$fpl$fgeqf) for _fcmpge
    fcmp.o(x$fpl$fcmp) refers to fleqf.o(x$fpl$fleqf) for _fcmple
    ffix.o(x$fpl$ffix) refers (Special) to usenofp.o(x$fpl$usenofp) for __I$use$fp
    ffix.o(x$fpl$ffix) refers to fnaninf.o(x$fpl$fnaninf) for __fpl_fnaninf
    ffix.o(x$fpl$ffixr) refers (Special) to usenofp.o(x$fpl$usenofp) for __I$use$fp
    ffix.o(x$fpl$ffixr) refers to fnaninf.o(x$fpl$fnaninf) for __fpl_fnaninf
    fflt_clz.o(x$fpl$ffltu) refers (Special) to usenofp.o(x$fpl$usenofp) for __I$use$fp
    fflt_clz.o(x$fpl$fflt) refers (Special) to usenofp.o(x$fpl$usenofp) for __I$use$fp
    fflt_clz.o(x$fpl$ffltn) refers (Special) to usenofp.o(x$fpl$usenofp) for __I$use$fp
    fmul.o(x$fpl$fmul) refers (Special) to usenofp.o(x$fpl$usenofp) for __I$use$fp
    fmul.o(x$fpl$fmul) refers to fretinf.o(x$fpl$fretinf) for __fpl_fretinf
    fmul.o(x$fpl$fmul) refers to fnaninf.o(x$fpl$fnaninf) for __fpl_fnaninf
    __rtentry.o(.ARM.Collect$$rtentry$$00000000) refers (Special) to __rtentry2.o(.ARM.Collect$$rtentry$$0000000A) for __rt_entry_li
    __rtentry.o(.ARM.Collect$$rtentry$$00000000) refers (Special) to __rtentry2.o(.ARM.Collect$$rtentry$$0000000D) for __rt_entry_main
    __rtentry.o(.ARM.Collect$$rtentry$$00000000) refers (Special) to __rtentry2.o(.ARM.Collect$$rtentry$$0000000C) for __rt_entry_postli_1
    __rtentry.o(.ARM.Collect$$rtentry$$00000000) refers (Special) to __rtentry2.o(.ARM.Collect$$rtentry$$00000009) for __rt_entry_postsh_1
    __rtentry.o(.ARM.Collect$$rtentry$$00000000) refers (Special) to __rtentry2.o(.ARM.Collect$$rtentry$$00000002) for __rt_entry_presh_1
    __rtentry.o(.ARM.Collect$$rtentry$$00000000) refers (Special) to __rtentry4.o(.ARM.Collect$$rtentry$$00000004) for __rt_entry_sh
    feqf.o(x$fpl$feqf) refers (Special) to usenofp.o(x$fpl$usenofp) for __I$use$fp
    feqf.o(x$fpl$feqf) refers to fnaninf.o(x$fpl$fnaninf) for __fpl_fnaninf
    feqf.o(x$fpl$feqf) refers to fcmpi.o(x$fpl$fcmpinf) for __fpl_fcmp_Inf
    fgeqf.o(x$fpl$fgeqf) refers (Special) to usenofp.o(x$fpl$usenofp) for __I$use$fp
    fgeqf.o(x$fpl$fgeqf) refers to fnaninf.o(x$fpl$fnaninf) for __fpl_fnaninf
    fgeqf.o(x$fpl$fgeqf) refers to fcmpi.o(x$fpl$fcmpinf) for __fpl_fcmp_Inf
    fleqf.o(x$fpl$fleqf) refers (Special) to usenofp.o(x$fpl$usenofp) for __I$use$fp
    fleqf.o(x$fpl$fleqf) refers to fnaninf.o(x$fpl$fnaninf) for __fpl_fnaninf
    fleqf.o(x$fpl$fleqf) refers to fcmpi.o(x$fpl$fcmpinf) for __fpl_fcmp_Inf
    fnaninf.o(x$fpl$fnaninf) refers (Special) to usenofp.o(x$fpl$usenofp) for __I$use$fp
    fretinf.o(x$fpl$fretinf) refers (Special) to usenofp.o(x$fpl$usenofp) for __I$use$fp
    __rtentry2.o(.ARM.Collect$$rtentry$$00000008) refers to boardinit2.o(.text) for _platform_post_stackheap_init
    __rtentry2.o(.ARM.Collect$$rtentry$$0000000A) refers to libinit.o(.ARM.Collect$$libinit$$00000000) for __rt_lib_init
    __rtentry2.o(.ARM.Collect$$rtentry$$0000000B) refers to boardinit3.o(.text) for _platform_post_lib_init
    __rtentry2.o(.ARM.Collect$$rtentry$$0000000D) refers to main.o(.text.main) for main
    __rtentry2.o(.ARM.Collect$$rtentry$$0000000D) refers to exit.o(.text) for exit
    __rtentry2.o(.ARM.exidx) refers to __rtentry2.o(.ARM.Collect$$rtentry$$00000001) for .ARM.Collect$$rtentry$$00000001
    __rtentry2.o(.ARM.exidx) refers to __rtentry2.o(.ARM.Collect$$rtentry$$00000008) for .ARM.Collect$$rtentry$$00000008
    __rtentry2.o(.ARM.exidx) refers to __rtentry2.o(.ARM.Collect$$rtentry$$0000000A) for .ARM.Collect$$rtentry$$0000000A
    __rtentry2.o(.ARM.exidx) refers to __rtentry2.o(.ARM.Collect$$rtentry$$0000000B) for .ARM.Collect$$rtentry$$0000000B
    __rtentry2.o(.ARM.exidx) refers to __rtentry2.o(.ARM.Collect$$rtentry$$0000000D) for .ARM.Collect$$rtentry$$0000000D
    __rtentry4.o(.ARM.Collect$$rtentry$$00000004) refers to sys_stackheap_outer.o(.text) for __user_setup_stackheap
    __rtentry4.o(.ARM.exidx) refers to __rtentry4.o(.ARM.Collect$$rtentry$$00000004) for .ARM.Collect$$rtentry$$00000004
    fcmpi.o(x$fpl$fcmpinf) refers (Special) to usenofp.o(x$fpl$usenofp) for __I$use$fp
    sys_stackheap_outer.o(.text) refers to libspace.o(.text) for __user_perproc_libspace
    sys_stackheap_outer.o(.text) refers to startup_stm32f10x_md.o(.text) for __user_initial_stackheap
    exit.o(.text) refers to rtexit.o(.ARM.Collect$$rtexit$$00000000) for __rt_exit
    libinit.o(.ARM.Collect$$libinit$$00000000) refers (Special) to libinit2.o(.ARM.Collect$$libinit$$00000030) for __rt_lib_init_alloca_1
    libinit.o(.ARM.Collect$$libinit$$00000000) refers (Special) to libinit2.o(.ARM.Collect$$libinit$$0000002E) for __rt_lib_init_argv_1
    libinit.o(.ARM.Collect$$libinit$$00000000) refers (Special) to libinit2.o(.ARM.Collect$$libinit$$0000001D) for __rt_lib_init_atexit_1
    libinit.o(.ARM.Collect$$libinit$$00000000) refers (Special) to libinit2.o(.ARM.Collect$$libinit$$00000023) for __rt_lib_init_clock_1
    libinit.o(.ARM.Collect$$libinit$$00000000) refers (Special) to libinit2.o(.ARM.Collect$$libinit$$00000034) for __rt_lib_init_cpp_1
    libinit.o(.ARM.Collect$$libinit$$00000000) refers (Special) to libinit2.o(.ARM.Collect$$libinit$$00000032) for __rt_lib_init_exceptions_1
    libinit.o(.ARM.Collect$$libinit$$00000000) refers (Special) to libinit2.o(.ARM.Collect$$libinit$$00000002) for __rt_lib_init_fp_1
    libinit.o(.ARM.Collect$$libinit$$00000000) refers (Special) to libinit2.o(.ARM.Collect$$libinit$$00000021) for __rt_lib_init_fp_trap_1
    libinit.o(.ARM.Collect$$libinit$$00000000) refers (Special) to libinit2.o(.ARM.Collect$$libinit$$00000025) for __rt_lib_init_getenv_1
    libinit.o(.ARM.Collect$$libinit$$00000000) refers (Special) to libinit2.o(.ARM.Collect$$libinit$$0000000C) for __rt_lib_init_heap_1
    libinit.o(.ARM.Collect$$libinit$$00000000) refers (Special) to libinit2.o(.ARM.Collect$$libinit$$00000013) for __rt_lib_init_lc_collate_1
    libinit.o(.ARM.Collect$$libinit$$00000000) refers (Special) to libinit2.o(.ARM.Collect$$libinit$$00000015) for __rt_lib_init_lc_ctype_1
    libinit.o(.ARM.Collect$$libinit$$00000000) refers (Special) to libinit2.o(.ARM.Collect$$libinit$$00000017) for __rt_lib_init_lc_monetary_1
    libinit.o(.ARM.Collect$$libinit$$00000000) refers (Special) to libinit2.o(.ARM.Collect$$libinit$$00000019) for __rt_lib_init_lc_numeric_1
    libinit.o(.ARM.Collect$$libinit$$00000000) refers (Special) to libinit2.o(.ARM.Collect$$libinit$$0000001B) for __rt_lib_init_lc_time_1
    libinit.o(.ARM.Collect$$libinit$$00000000) refers (Special) to libinit2.o(.ARM.Collect$$libinit$$00000006) for __rt_lib_init_preinit_1
    libinit.o(.ARM.Collect$$libinit$$00000000) refers (Special) to libinit2.o(.ARM.Collect$$libinit$$00000010) for __rt_lib_init_rand_1
    libinit.o(.ARM.Collect$$libinit$$00000000) refers (Special) to libinit2.o(.ARM.Collect$$libinit$$00000004) for __rt_lib_init_relocate_pie_1
    libinit.o(.ARM.Collect$$libinit$$00000000) refers (Special) to libinit2.o(.ARM.Collect$$libinit$$00000035) for __rt_lib_init_return
    libinit.o(.ARM.Collect$$libinit$$00000000) refers (Special) to libinit2.o(.ARM.Collect$$libinit$$0000001F) for __rt_lib_init_signal_1
    libinit.o(.ARM.Collect$$libinit$$00000000) refers (Special) to libinit2.o(.ARM.Collect$$libinit$$00000027) for __rt_lib_init_stdio_1
    libinit.o(.ARM.Collect$$libinit$$00000000) refers (Special) to libinit2.o(.ARM.Collect$$libinit$$0000000E) for __rt_lib_init_user_alloc_1
    libspace.o(.text) refers to libspace.o(.bss) for __libspace_start
    rtexit.o(.ARM.Collect$$rtexit$$00000000) refers (Special) to rtexit2.o(.ARM.Collect$$rtexit$$00000004) for __rt_exit_exit
    rtexit.o(.ARM.Collect$$rtexit$$00000000) refers (Special) to rtexit2.o(.ARM.Collect$$rtexit$$00000003) for __rt_exit_ls
    rtexit.o(.ARM.Collect$$rtexit$$00000000) refers (Special) to rtexit2.o(.ARM.Collect$$rtexit$$00000002) for __rt_exit_prels_1
    rtexit.o(.ARM.exidx) refers (Special) to rtexit2.o(.ARM.Collect$$rtexit$$00000004) for __rt_exit_exit
    rtexit.o(.ARM.exidx) refers (Special) to rtexit2.o(.ARM.Collect$$rtexit$$00000003) for __rt_exit_ls
    rtexit.o(.ARM.exidx) refers (Special) to rtexit2.o(.ARM.Collect$$rtexit$$00000002) for __rt_exit_prels_1
    rtexit.o(.ARM.exidx) refers to rtexit.o(.ARM.Collect$$rtexit$$00000000) for .ARM.Collect$$rtexit$$00000000
    libinit2.o(.ARM.Collect$$libinit$$00000012) refers to libinit2.o(.ARM.Collect$$libinit$$00000011) for .ARM.Collect$$libinit$$00000011
    libinit2.o(.ARM.Collect$$libinit$$00000014) refers to libinit2.o(.ARM.Collect$$libinit$$00000011) for .ARM.Collect$$libinit$$00000011
    libinit2.o(.ARM.Collect$$libinit$$00000016) refers to libinit2.o(.ARM.Collect$$libinit$$00000011) for .ARM.Collect$$libinit$$00000011
    libinit2.o(.ARM.Collect$$libinit$$00000018) refers to libinit2.o(.ARM.Collect$$libinit$$00000011) for .ARM.Collect$$libinit$$00000011
    libinit2.o(.ARM.Collect$$libinit$$0000001A) refers to libinit2.o(.ARM.Collect$$libinit$$00000011) for .ARM.Collect$$libinit$$00000011
    libinit2.o(.ARM.Collect$$libinit$$00000028) refers to argv_veneer.o(.emb_text) for __ARM_argv_veneer
    libinit2.o(.ARM.Collect$$libinit$$00000029) refers to argv_veneer.o(.emb_text) for __ARM_argv_veneer
    rtexit2.o(.ARM.Collect$$rtexit$$00000003) refers to libshutdown.o(.ARM.Collect$$libshutdown$$00000000) for __rt_lib_shutdown
    rtexit2.o(.ARM.Collect$$rtexit$$00000004) refers to sys_exit.o(.text) for _sys_exit
    rtexit2.o(.ARM.exidx) refers to rtexit2.o(.ARM.Collect$$rtexit$$00000001) for .ARM.Collect$$rtexit$$00000001
    rtexit2.o(.ARM.exidx) refers to rtexit2.o(.ARM.Collect$$rtexit$$00000003) for .ARM.Collect$$rtexit$$00000003
    rtexit2.o(.ARM.exidx) refers to rtexit2.o(.ARM.Collect$$rtexit$$00000004) for .ARM.Collect$$rtexit$$00000004
    argv_veneer.o(.emb_text) refers to no_argv.o(.text) for __ARM_get_argv
    sys_exit.o(.text) refers (Special) to use_no_semi.o(.text) for __I$use$semihosting
    sys_exit.o(.text) refers (Special) to indicate_semi.o(.text) for __semihosting_library_function
    sys_exit_hlt.o(.text) refers (Special) to use_no_semi.o(.text) for __I$use$semihosting
    sys_exit_hlt.o(.text) refers (Special) to indicate_semi.o(.text) for __semihosting_library_function
    _get_argv_nomalloc.o(.text) refers (Special) to hrguard.o(.text) for __heap_region$guard
    _get_argv_nomalloc.o(.text) refers to defsig_rtmem_outer.o(.text) for __rt_SIGRTMEM
    _get_argv_nomalloc.o(.text) refers to sys_command.o(.text) for _sys_command_string
    libshutdown.o(.ARM.Collect$$libshutdown$$00000000) refers (Special) to libshutdown2.o(.ARM.Collect$$libshutdown$$00000002) for __rt_lib_shutdown_cpp_1
    libshutdown.o(.ARM.Collect$$libshutdown$$00000000) refers (Special) to libshutdown2.o(.ARM.Collect$$libshutdown$$00000007) for __rt_lib_shutdown_fp_trap_1
    libshutdown.o(.ARM.Collect$$libshutdown$$00000000) refers (Special) to libshutdown2.o(.ARM.Collect$$libshutdown$$0000000F) for __rt_lib_shutdown_heap_1
    libshutdown.o(.ARM.Collect$$libshutdown$$00000000) refers (Special) to libshutdown2.o(.ARM.Collect$$libshutdown$$00000010) for __rt_lib_shutdown_return
    libshutdown.o(.ARM.Collect$$libshutdown$$00000000) refers (Special) to libshutdown2.o(.ARM.Collect$$libshutdown$$0000000A) for __rt_lib_shutdown_signal_1
    libshutdown.o(.ARM.Collect$$libshutdown$$00000000) refers (Special) to libshutdown2.o(.ARM.Collect$$libshutdown$$00000004) for __rt_lib_shutdown_stdio_1
    libshutdown.o(.ARM.Collect$$libshutdown$$00000000) refers (Special) to libshutdown2.o(.ARM.Collect$$libshutdown$$0000000C) for __rt_lib_shutdown_user_alloc_1
    sys_command.o(.text) refers (Special) to use_no_semi.o(.text) for __I$use$semihosting
    sys_command.o(.text) refers (Special) to indicate_semi.o(.text) for __semihosting_library_function
    sys_command_hlt.o(.text) refers (Special) to use_no_semi.o(.text) for __I$use$semihosting
    sys_command_hlt.o(.text) refers (Special) to indicate_semi.o(.text) for __semihosting_library_function
    defsig_rtmem_outer.o(.text) refers to defsig_rtmem_inner.o(.text) for __rt_SIGRTMEM_inner
    defsig_rtmem_outer.o(.text) refers to defsig_exit.o(.text) for __sig_exit
    defsig_rtmem_formal.o(.text) refers to rt_raise.o(.text) for __rt_raise
    rt_raise.o(.text) refers to __raise.o(.text) for __raise
    rt_raise.o(.text) refers to sys_exit.o(.text) for _sys_exit
    defsig_exit.o(.text) refers to sys_exit.o(.text) for _sys_exit
    defsig_rtmem_inner.o(.text) refers to defsig_general.o(.text) for __default_signal_display
    __raise.o(.text) refers to defsig.o(CL$$defsig) for __default_signal_handler
    defsig_general.o(.text) refers to sys_wrch.o(.text) for _ttywrch
    sys_wrch.o(.text) refers (Special) to use_no_semi.o(.text) for __I$use$semihosting
    sys_wrch.o(.text) refers (Special) to indicate_semi.o(.text) for __semihosting_library_function
    sys_wrch_hlt.o(.text) refers (Special) to use_no_semi.o(.text) for __I$use$semihosting
    sys_wrch_hlt.o(.text) refers (Special) to indicate_semi.o(.text) for __semihosting_library_function
    defsig.o(CL$$defsig) refers to defsig_rtmem_inner.o(.text) for __rt_SIGRTMEM_inner
    defsig_abrt_inner.o(.text) refers to defsig_general.o(.text) for __default_signal_display
    defsig_fpe_inner.o(.text) refers to defsig_general.o(.text) for __default_signal_display
    defsig_rtred_inner.o(.text) refers to defsig_general.o(.text) for __default_signal_display
    defsig_stak_inner.o(.text) refers to defsig_general.o(.text) for __default_signal_display
    defsig_pvfn_inner.o(.text) refers to defsig_general.o(.text) for __default_signal_display
    defsig_cppl_inner.o(.text) refers to defsig_general.o(.text) for __default_signal_display
    defsig_segv_inner.o(.text) refers to defsig_general.o(.text) for __default_signal_display
    defsig_other.o(.text) refers to defsig_general.o(.text) for __default_signal_display


==============================================================================

Removing Unused input sections from the image.

    Removing gpio.o(.text), (0 bytes).
    Removing gpio.o(.ARM.exidx.text.GPIO_Debug_Init), (8 bytes).
    Removing gpio.o(.ARM.exidx.text.Debug), (8 bytes).
    Removing gpio.o(.ARM.exidx.text.Off), (8 bytes).
    Removing gpio.o(.text.On), (18 bytes).
    Removing gpio.o(.ARM.exidx.text.On), (8 bytes).
    Removing main.o(.text), (0 bytes).
    Removing main.o(.ARM.exidx.text.main), (8 bytes).
    Removing main.o(.ARM.use_no_argv), (4 bytes).
    Removing rfid.o(.text), (0 bytes).
    Removing rfid.o(.ARM.exidx.text.PinCS_Init), (8 bytes).
    Removing rfid.o(.ARM.exidx.text.RFID_WriteReg), (8 bytes).
    Removing rfid.o(.ARM.exidx.text.RFID_SendByte), (8 bytes).
    Removing rfid.o(.ARM.exidx.text.RFID_ReadReg), (8 bytes).
    Removing rfid.o(.text.RFID_ReceiveByte), (10 bytes).
    Removing rfid.o(.ARM.exidx.text.RFID_ReceiveByte), (8 bytes).
    Removing rfid.o(.ARM.exidx.text.RFID_Init), (8 bytes).
    Removing rfid.o(.ARM.exidx.text.RFID_AntennaOn), (8 bytes).
    Removing rfid.o(.ARM.exidx.text.RFID_SetBitMask), (8 bytes).
    Removing rfid.o(.text.RFID_ClearBitMask), (40 bytes).
    Removing rfid.o(.ARM.exidx.text.RFID_ClearBitMask), (8 bytes).
    Removing rfid.o(.text.RFID_AntennaOff), (12 bytes).
    Removing rfid.o(.ARM.exidx.text.RFID_AntennaOff), (8 bytes).
    Removing rfid.o(.text.RFID_Read), (106 bytes).
    Removing rfid.o(.ARM.exidx.text.RFID_Read), (8 bytes).
    Removing rfid.o(.text.RFID_Write), (106 bytes).
    Removing rfid.o(.ARM.exidx.text.RFID_Write), (8 bytes).
    Removing rfid.o(.text.RFID_ToCard), (508 bytes).
    Removing rfid.o(.ARM.exidx.text.RFID_ToCard), (8 bytes).
    Removing rfid.o(.text.RFID_Request), (106 bytes).
    Removing rfid.o(.ARM.exidx.text.RFID_Request), (8 bytes).
    Removing rfid.o(.text.RFID_Anticoll), (154 bytes).
    Removing rfid.o(.ARM.exidx.text.RFID_Anticoll), (8 bytes).
    Removing rfid.o(.text.RFID_Halt), (48 bytes).
    Removing rfid.o(.ARM.exidx.text.RFID_Halt), (8 bytes).
    Removing rfid.o(.text.RFID_Debug_ReadCard), (230 bytes).
    Removing rfid.o(.ARM.exidx.text.RFID_Debug_ReadCard), (8 bytes).
    Removing rfid.o(.rodata.str1.1), (53 bytes).
    Removing spi.o(.text), (0 bytes).
    Removing spi.o(.ARM.exidx.text.SPI_Config), (8 bytes).
    Removing spi.o(.ARM.exidx.text.SPI_SendByte), (8 bytes).
    Removing sys.o(.text), (0 bytes).
    Removing sys.o(.ARM.exidx.text.Sys_Init), (8 bytes).
    Removing sys.o(.ARM.exidx.text.Sys_Run), (8 bytes).
    Removing tim2.o(.text), (0 bytes).
    Removing tim2.o(.ARM.exidx.text.Timer2_Init), (8 bytes).
    Removing tim2.o(.ARM.exidx.text.__NVIC_SetPriority), (8 bytes).
    Removing tim2.o(.ARM.exidx.text.__NVIC_EnableIRQ), (8 bytes).
    Removing tim2.o(.ARM.exidx.text.TIM2_IRQHandler), (8 bytes).
    Removing tim2.o(.ARM.exidx.text.millis), (8 bytes).
    Removing tim2.o(.ARM.exidx.text.Delay_ms), (8 bytes).
    Removing tim2.o(.text.Delay_us), (42 bytes).
    Removing tim2.o(.ARM.exidx.text.Delay_us), (8 bytes).
    Removing uart.o(.text), (0 bytes).
    Removing uart.o(.ARM.exidx.text.USART1_Init), (8 bytes).
    Removing uart.o(.text.USART1_Send_Char), (46 bytes).
    Removing uart.o(.ARM.exidx.text.USART1_Send_Char), (8 bytes).
    Removing uart.o(.ARM.exidx.text.USART1_Send_String), (8 bytes).
    Removing uart.o(.text.USART1_Send_Data), (78 bytes).
    Removing uart.o(.ARM.exidx.text.USART1_Send_Data), (8 bytes).
    Removing uart.o(.text.USART1_Send_Number), (192 bytes).
    Removing uart.o(.ARM.exidx.text.USART1_Send_Number), (8 bytes).
    Removing uart.o(.text.USART1_Send_Float), (108 bytes).
    Removing uart.o(.ARM.exidx.text.USART1_Send_Float), (8 bytes).
    Removing uart.o(.text.USART1_Send_Hex), (118 bytes).
    Removing uart.o(.ARM.exidx.text.USART1_Send_Hex), (8 bytes).
    Removing misc.o(.text), (0 bytes).
    Removing misc.o(.text.NVIC_PriorityGroupConfig), (28 bytes).
    Removing misc.o(.ARM.exidx.text.NVIC_PriorityGroupConfig), (8 bytes).
    Removing misc.o(.text.NVIC_Init), (166 bytes).
    Removing misc.o(.ARM.exidx.text.NVIC_Init), (8 bytes).
    Removing misc.o(.text.NVIC_SetVectorTable), (36 bytes).
    Removing misc.o(.ARM.exidx.text.NVIC_SetVectorTable), (8 bytes).
    Removing misc.o(.text.NVIC_SystemLPConfig), (62 bytes).
    Removing misc.o(.ARM.exidx.text.NVIC_SystemLPConfig), (8 bytes).
    Removing misc.o(.text.SysTick_CLKSourceConfig), (52 bytes).
    Removing misc.o(.ARM.exidx.text.SysTick_CLKSourceConfig), (8 bytes).
    Removing stm32f10x_gpio.o(.text), (0 bytes).
    Removing stm32f10x_gpio.o(.text.GPIO_DeInit), (276 bytes).
    Removing stm32f10x_gpio.o(.ARM.exidx.text.GPIO_DeInit), (8 bytes).
    Removing stm32f10x_gpio.o(.text.GPIO_AFIODeInit), (26 bytes).
    Removing stm32f10x_gpio.o(.ARM.exidx.text.GPIO_AFIODeInit), (8 bytes).
    Removing stm32f10x_gpio.o(.ARM.exidx.text.GPIO_Init), (8 bytes).
    Removing stm32f10x_gpio.o(.text.GPIO_StructInit), (28 bytes).
    Removing stm32f10x_gpio.o(.ARM.exidx.text.GPIO_StructInit), (8 bytes).
    Removing stm32f10x_gpio.o(.text.GPIO_ReadInputDataBit), (52 bytes).
    Removing stm32f10x_gpio.o(.ARM.exidx.text.GPIO_ReadInputDataBit), (8 bytes).
    Removing stm32f10x_gpio.o(.text.GPIO_ReadInputData), (14 bytes).
    Removing stm32f10x_gpio.o(.ARM.exidx.text.GPIO_ReadInputData), (8 bytes).
    Removing stm32f10x_gpio.o(.text.GPIO_ReadOutputDataBit), (52 bytes).
    Removing stm32f10x_gpio.o(.ARM.exidx.text.GPIO_ReadOutputDataBit), (8 bytes).
    Removing stm32f10x_gpio.o(.text.GPIO_ReadOutputData), (14 bytes).
    Removing stm32f10x_gpio.o(.ARM.exidx.text.GPIO_ReadOutputData), (8 bytes).
    Removing stm32f10x_gpio.o(.ARM.exidx.text.GPIO_SetBits), (8 bytes).
    Removing stm32f10x_gpio.o(.ARM.exidx.text.GPIO_ResetBits), (8 bytes).
    Removing stm32f10x_gpio.o(.text.GPIO_WriteBit), (44 bytes).
    Removing stm32f10x_gpio.o(.ARM.exidx.text.GPIO_WriteBit), (8 bytes).
    Removing stm32f10x_gpio.o(.text.GPIO_Write), (20 bytes).
    Removing stm32f10x_gpio.o(.ARM.exidx.text.GPIO_Write), (8 bytes).
    Removing stm32f10x_gpio.o(.text.GPIO_PinLockConfig), (60 bytes).
    Removing stm32f10x_gpio.o(.ARM.exidx.text.GPIO_PinLockConfig), (8 bytes).
    Removing stm32f10x_gpio.o(.text.GPIO_EventOutputConfig), (64 bytes).
    Removing stm32f10x_gpio.o(.ARM.exidx.text.GPIO_EventOutputConfig), (8 bytes).
    Removing stm32f10x_gpio.o(.text.GPIO_EventOutputCmd), (22 bytes).
    Removing stm32f10x_gpio.o(.ARM.exidx.text.GPIO_EventOutputCmd), (8 bytes).
    Removing stm32f10x_gpio.o(.text.GPIO_PinRemapConfig), (250 bytes).
    Removing stm32f10x_gpio.o(.ARM.exidx.text.GPIO_PinRemapConfig), (8 bytes).
    Removing stm32f10x_gpio.o(.text.GPIO_EXTILineConfig), (84 bytes).
    Removing stm32f10x_gpio.o(.ARM.exidx.text.GPIO_EXTILineConfig), (8 bytes).
    Removing stm32f10x_gpio.o(.text.GPIO_ETH_MediaInterfaceConfig), (18 bytes).
    Removing stm32f10x_gpio.o(.ARM.exidx.text.GPIO_ETH_MediaInterfaceConfig), (8 bytes).
    Removing stm32f10x_rcc.o(.text), (0 bytes).
    Removing stm32f10x_rcc.o(.text.RCC_DeInit), (82 bytes).
    Removing stm32f10x_rcc.o(.ARM.exidx.text.RCC_DeInit), (8 bytes).
    Removing stm32f10x_rcc.o(.text.RCC_HSEConfig), (92 bytes).
    Removing stm32f10x_rcc.o(.ARM.exidx.text.RCC_HSEConfig), (8 bytes).
    Removing stm32f10x_rcc.o(.text.RCC_WaitForHSEStartUp), (108 bytes).
    Removing stm32f10x_rcc.o(.ARM.exidx.text.RCC_WaitForHSEStartUp), (8 bytes).
    Removing stm32f10x_rcc.o(.text.RCC_GetFlagStatus), (130 bytes).
    Removing stm32f10x_rcc.o(.ARM.exidx.text.RCC_GetFlagStatus), (8 bytes).
    Removing stm32f10x_rcc.o(.text.RCC_AdjustHSICalibrationValue), (50 bytes).
    Removing stm32f10x_rcc.o(.ARM.exidx.text.RCC_AdjustHSICalibrationValue), (8 bytes).
    Removing stm32f10x_rcc.o(.text.RCC_HSICmd), (22 bytes).
    Removing stm32f10x_rcc.o(.ARM.exidx.text.RCC_HSICmd), (8 bytes).
    Removing stm32f10x_rcc.o(.text.RCC_PLLConfig), (50 bytes).
    Removing stm32f10x_rcc.o(.ARM.exidx.text.RCC_PLLConfig), (8 bytes).
    Removing stm32f10x_rcc.o(.text.RCC_PLLCmd), (22 bytes).
    Removing stm32f10x_rcc.o(.ARM.exidx.text.RCC_PLLCmd), (8 bytes).
    Removing stm32f10x_rcc.o(.text.RCC_SYSCLKConfig), (44 bytes).
    Removing stm32f10x_rcc.o(.ARM.exidx.text.RCC_SYSCLKConfig), (8 bytes).
    Removing stm32f10x_rcc.o(.text.RCC_GetSYSCLKSource), (16 bytes).
    Removing stm32f10x_rcc.o(.ARM.exidx.text.RCC_GetSYSCLKSource), (8 bytes).
    Removing stm32f10x_rcc.o(.text.RCC_HCLKConfig), (44 bytes).
    Removing stm32f10x_rcc.o(.ARM.exidx.text.RCC_HCLKConfig), (8 bytes).
    Removing stm32f10x_rcc.o(.text.RCC_PCLK1Config), (44 bytes).
    Removing stm32f10x_rcc.o(.ARM.exidx.text.RCC_PCLK1Config), (8 bytes).
    Removing stm32f10x_rcc.o(.text.RCC_PCLK2Config), (46 bytes).
    Removing stm32f10x_rcc.o(.ARM.exidx.text.RCC_PCLK2Config), (8 bytes).
    Removing stm32f10x_rcc.o(.text.RCC_ITConfig), (62 bytes).
    Removing stm32f10x_rcc.o(.ARM.exidx.text.RCC_ITConfig), (8 bytes).
    Removing stm32f10x_rcc.o(.text.RCC_USBCLKConfig), (18 bytes).
    Removing stm32f10x_rcc.o(.ARM.exidx.text.RCC_USBCLKConfig), (8 bytes).
    Removing stm32f10x_rcc.o(.text.RCC_ADCCLKConfig), (44 bytes).
    Removing stm32f10x_rcc.o(.ARM.exidx.text.RCC_ADCCLKConfig), (8 bytes).
    Removing stm32f10x_rcc.o(.text.RCC_LSEConfig), (76 bytes).
    Removing stm32f10x_rcc.o(.ARM.exidx.text.RCC_LSEConfig), (8 bytes).
    Removing stm32f10x_rcc.o(.text.RCC_LSICmd), (24 bytes).
    Removing stm32f10x_rcc.o(.ARM.exidx.text.RCC_LSICmd), (8 bytes).
    Removing stm32f10x_rcc.o(.text.RCC_RTCCLKConfig), (24 bytes).
    Removing stm32f10x_rcc.o(.ARM.exidx.text.RCC_RTCCLKConfig), (8 bytes).
    Removing stm32f10x_rcc.o(.text.RCC_RTCCLKCmd), (24 bytes).
    Removing stm32f10x_rcc.o(.ARM.exidx.text.RCC_RTCCLKCmd), (8 bytes).
    Removing stm32f10x_rcc.o(.text.RCC_GetClocksFreq), (370 bytes).
    Removing stm32f10x_rcc.o(.ARM.exidx.text.RCC_GetClocksFreq), (8 bytes).
    Removing stm32f10x_rcc.o(.text.RCC_AHBPeriphClockCmd), (56 bytes).
    Removing stm32f10x_rcc.o(.ARM.exidx.text.RCC_AHBPeriphClockCmd), (8 bytes).
    Removing stm32f10x_rcc.o(.ARM.exidx.text.RCC_APB2PeriphClockCmd), (8 bytes).
    Removing stm32f10x_rcc.o(.ARM.exidx.text.RCC_APB1PeriphClockCmd), (8 bytes).
    Removing stm32f10x_rcc.o(.text.RCC_APB2PeriphResetCmd), (56 bytes).
    Removing stm32f10x_rcc.o(.ARM.exidx.text.RCC_APB2PeriphResetCmd), (8 bytes).
    Removing stm32f10x_rcc.o(.text.RCC_APB1PeriphResetCmd), (56 bytes).
    Removing stm32f10x_rcc.o(.ARM.exidx.text.RCC_APB1PeriphResetCmd), (8 bytes).
    Removing stm32f10x_rcc.o(.text.RCC_BackupResetCmd), (24 bytes).
    Removing stm32f10x_rcc.o(.ARM.exidx.text.RCC_BackupResetCmd), (8 bytes).
    Removing stm32f10x_rcc.o(.text.RCC_ClockSecuritySystemCmd), (22 bytes).
    Removing stm32f10x_rcc.o(.ARM.exidx.text.RCC_ClockSecuritySystemCmd), (8 bytes).
    Removing stm32f10x_rcc.o(.text.RCC_MCOConfig), (24 bytes).
    Removing stm32f10x_rcc.o(.ARM.exidx.text.RCC_MCOConfig), (8 bytes).
    Removing stm32f10x_rcc.o(.text.RCC_ClearFlag), (18 bytes).
    Removing stm32f10x_rcc.o(.ARM.exidx.text.RCC_ClearFlag), (8 bytes).
    Removing stm32f10x_rcc.o(.text.RCC_GetITStatus), (56 bytes).
    Removing stm32f10x_rcc.o(.ARM.exidx.text.RCC_GetITStatus), (8 bytes).
    Removing stm32f10x_rcc.o(.text.RCC_ClearITPendingBit), (24 bytes).
    Removing stm32f10x_rcc.o(.ARM.exidx.text.RCC_ClearITPendingBit), (8 bytes).
    Removing stm32f10x_rcc.o(.rodata.APBAHBPrescTable), (16 bytes).
    Removing stm32f10x_rcc.o(.rodata.ADCPrescTable), (4 bytes).
    Removing stm32f10x_spi.o(.text), (0 bytes).
    Removing stm32f10x_spi.o(.text.SPI_I2S_DeInit), (128 bytes).
    Removing stm32f10x_spi.o(.ARM.exidx.text.SPI_I2S_DeInit), (8 bytes).
    Removing stm32f10x_spi.o(.ARM.exidx.text.SPI_Init), (8 bytes).
    Removing stm32f10x_spi.o(.text.I2S_Init), (372 bytes).
    Removing stm32f10x_spi.o(.ARM.exidx.text.I2S_Init), (8 bytes).
    Removing stm32f10x_spi.o(.text.SPI_StructInit), (48 bytes).
    Removing stm32f10x_spi.o(.ARM.exidx.text.SPI_StructInit), (8 bytes).
    Removing stm32f10x_spi.o(.text.I2S_StructInit), (36 bytes).
    Removing stm32f10x_spi.o(.ARM.exidx.text.I2S_StructInit), (8 bytes).
    Removing stm32f10x_spi.o(.ARM.exidx.text.SPI_Cmd), (8 bytes).
    Removing stm32f10x_spi.o(.text.I2S_Cmd), (44 bytes).
    Removing stm32f10x_spi.o(.ARM.exidx.text.I2S_Cmd), (8 bytes).
    Removing stm32f10x_spi.o(.text.SPI_I2S_ITConfig), (84 bytes).
    Removing stm32f10x_spi.o(.ARM.exidx.text.SPI_I2S_ITConfig), (8 bytes).
    Removing stm32f10x_spi.o(.text.SPI_I2S_DMACmd), (52 bytes).
    Removing stm32f10x_spi.o(.ARM.exidx.text.SPI_I2S_DMACmd), (8 bytes).
    Removing stm32f10x_spi.o(.ARM.exidx.text.SPI_I2S_SendData), (8 bytes).
    Removing stm32f10x_spi.o(.ARM.exidx.text.SPI_I2S_ReceiveData), (8 bytes).
    Removing stm32f10x_spi.o(.text.SPI_NSSInternalSoftwareConfig), (50 bytes).
    Removing stm32f10x_spi.o(.ARM.exidx.text.SPI_NSSInternalSoftwareConfig), (8 bytes).
    Removing stm32f10x_spi.o(.text.SPI_SSOutputCmd), (44 bytes).
    Removing stm32f10x_spi.o(.ARM.exidx.text.SPI_SSOutputCmd), (8 bytes).
    Removing stm32f10x_spi.o(.text.SPI_DataSizeConfig), (34 bytes).
    Removing stm32f10x_spi.o(.ARM.exidx.text.SPI_DataSizeConfig), (8 bytes).
    Removing stm32f10x_spi.o(.text.SPI_TransmitCRC), (18 bytes).
    Removing stm32f10x_spi.o(.ARM.exidx.text.SPI_TransmitCRC), (8 bytes).
    Removing stm32f10x_spi.o(.text.SPI_CalculateCRC), (44 bytes).
    Removing stm32f10x_spi.o(.ARM.exidx.text.SPI_CalculateCRC), (8 bytes).
    Removing stm32f10x_spi.o(.text.SPI_GetCRC), (52 bytes).
    Removing stm32f10x_spi.o(.ARM.exidx.text.SPI_GetCRC), (8 bytes).
    Removing stm32f10x_spi.o(.text.SPI_GetCRCPolynomial), (12 bytes).
    Removing stm32f10x_spi.o(.ARM.exidx.text.SPI_GetCRCPolynomial), (8 bytes).
    Removing stm32f10x_spi.o(.text.SPI_BiDirectionalLineConfig), (48 bytes).
    Removing stm32f10x_spi.o(.ARM.exidx.text.SPI_BiDirectionalLineConfig), (8 bytes).
    Removing stm32f10x_spi.o(.ARM.exidx.text.SPI_I2S_GetFlagStatus), (8 bytes).
    Removing stm32f10x_spi.o(.text.SPI_I2S_ClearFlag), (22 bytes).
    Removing stm32f10x_spi.o(.ARM.exidx.text.SPI_I2S_ClearFlag), (8 bytes).
    Removing stm32f10x_spi.o(.text.SPI_I2S_GetITStatus), (126 bytes).
    Removing stm32f10x_spi.o(.ARM.exidx.text.SPI_I2S_GetITStatus), (8 bytes).
    Removing stm32f10x_spi.o(.text.SPI_I2S_ClearITPendingBit), (44 bytes).
    Removing stm32f10x_spi.o(.ARM.exidx.text.SPI_I2S_ClearITPendingBit), (8 bytes).
    Removing system_stm32f10x.o(.text), (0 bytes).
    Removing system_stm32f10x.o(.ARM.exidx.text.SystemInit), (8 bytes).
    Removing system_stm32f10x.o(.ARM.exidx.text.SetSysClock), (8 bytes).
    Removing system_stm32f10x.o(.text.SystemCoreClockUpdate), (290 bytes).
    Removing system_stm32f10x.o(.ARM.exidx.text.SystemCoreClockUpdate), (8 bytes).
    Removing system_stm32f10x.o(.ARM.exidx.text.SetSysClockTo72), (8 bytes).
    Removing system_stm32f10x.o(.data.SystemCoreClock), (4 bytes).
    Removing system_stm32f10x.o(.rodata.AHBPrescTable), (16 bytes).

226 unused section(s) (total 7639 bytes) removed from the image.

==============================================================================

Image Symbol Table

    Local Symbols

    Symbol Name                              Value     Ov Type        Size  Object(Section)

    ../clib/angel/boardlib.s                 0x00000000   Number         0  boardinit1.o ABSOLUTE
    ../clib/angel/boardlib.s                 0x00000000   Number         0  boardinit2.o ABSOLUTE
    ../clib/angel/boardlib.s                 0x00000000   Number         0  boardinit3.o ABSOLUTE
    ../clib/angel/boardlib.s                 0x00000000   Number         0  boardshut.o ABSOLUTE
    ../clib/angel/handlers.s                 0x00000000   Number         0  __scatter_zi.o ABSOLUTE
    ../clib/angel/kernel.s                   0x00000000   Number         0  __rtentry.o ABSOLUTE
    ../clib/angel/kernel.s                   0x00000000   Number         0  __rtentry2.o ABSOLUTE
    ../clib/angel/kernel.s                   0x00000000   Number         0  __rtentry4.o ABSOLUTE
    ../clib/angel/kernel.s                   0x00000000   Number         0  rtexit.o ABSOLUTE
    ../clib/angel/kernel.s                   0x00000000   Number         0  rtexit2.o ABSOLUTE
    ../clib/angel/rt.s                       0x00000000   Number         0  rt_raise.o ABSOLUTE
    ../clib/angel/scatter.s                  0x00000000   Number         0  __scatter.o ABSOLUTE
    ../clib/angel/startup.s                  0x00000000   Number         0  __main.o ABSOLUTE
    ../clib/angel/sys.s                      0x00000000   Number         0  sys_stackheap_outer.o ABSOLUTE
    ../clib/angel/sys.s                      0x00000000   Number         0  libspace.o ABSOLUTE
    ../clib/angel/sys.s                      0x00000000   Number         0  use_no_semi.o ABSOLUTE
    ../clib/angel/sys.s                      0x00000000   Number         0  indicate_semi.o ABSOLUTE
    ../clib/angel/sysapp.c                   0x00000000   Number         0  sys_exit.o ABSOLUTE
    ../clib/angel/sysapp.c                   0x00000000   Number         0  sys_exit_hlt.o ABSOLUTE
    ../clib/angel/sysapp.c                   0x00000000   Number         0  sys_command.o ABSOLUTE
    ../clib/angel/sysapp.c                   0x00000000   Number         0  sys_command_hlt.o ABSOLUTE
    ../clib/angel/sysapp.c                   0x00000000   Number         0  sys_wrch.o ABSOLUTE
    ../clib/angel/sysapp.c                   0x00000000   Number         0  sys_wrch_hlt.o ABSOLUTE
    ../clib/armsys.c                         0x00000000   Number         0  argv_veneer.o ABSOLUTE
    ../clib/armsys.c                         0x00000000   Number         0  argv_veneer.o ABSOLUTE
    ../clib/armsys.c                         0x00000000   Number         0  _get_argv_nomalloc.o ABSOLUTE
    ../clib/armsys.c                         0x00000000   Number         0  no_argv.o ABSOLUTE
    ../clib/heapalloc.c                      0x00000000   Number         0  hrguard.o ABSOLUTE
    ../clib/heapaux.c                        0x00000000   Number         0  heapauxi.o ABSOLUTE
    ../clib/libinit.s                        0x00000000   Number         0  libinit.o ABSOLUTE
    ../clib/libinit.s                        0x00000000   Number         0  libinit2.o ABSOLUTE
    ../clib/libinit.s                        0x00000000   Number         0  libshutdown.o ABSOLUTE
    ../clib/libinit.s                        0x00000000   Number         0  libshutdown2.o ABSOLUTE
    ../clib/signal.c                         0x00000000   Number         0  defsig_rtmem_outer.o ABSOLUTE
    ../clib/signal.c                         0x00000000   Number         0  defsig_rtmem_formal.o ABSOLUTE
    ../clib/signal.c                         0x00000000   Number         0  defsig_exit.o ABSOLUTE
    ../clib/signal.c                         0x00000000   Number         0  defsig_rtmem_inner.o ABSOLUTE
    ../clib/signal.c                         0x00000000   Number         0  __raise.o ABSOLUTE
    ../clib/signal.c                         0x00000000   Number         0  defsig_general.o ABSOLUTE
    ../clib/signal.c                         0x00000000   Number         0  defsig_abrt_inner.o ABSOLUTE
    ../clib/signal.c                         0x00000000   Number         0  defsig_fpe_inner.o ABSOLUTE
    ../clib/signal.c                         0x00000000   Number         0  defsig_rtred_inner.o ABSOLUTE
    ../clib/signal.c                         0x00000000   Number         0  defsig_stak_inner.o ABSOLUTE
    ../clib/signal.c                         0x00000000   Number         0  defsig_pvfn_inner.o ABSOLUTE
    ../clib/signal.c                         0x00000000   Number         0  defsig_cppl_inner.o ABSOLUTE
    ../clib/signal.c                         0x00000000   Number         0  defsig_segv_inner.o ABSOLUTE
    ../clib/signal.c                         0x00000000   Number         0  defsig_other.o ABSOLUTE
    ../clib/signal.s                         0x00000000   Number         0  defsig.o ABSOLUTE
    ../clib/stdlib.c                         0x00000000   Number         0  exit.o ABSOLUTE
    ../fplib/faddsub.s                       0x00000000   Number         0  faddsub_clz.o ABSOLUTE
    ../fplib/fcmp.s                          0x00000000   Number         0  fcmp.o ABSOLUTE
    ../fplib/fcmpi.s                         0x00000000   Number         0  fcmpi.o ABSOLUTE
    ../fplib/feqf.s                          0x00000000   Number         0  feqf.o ABSOLUTE
    ../fplib/ffix.s                          0x00000000   Number         0  ffix.o ABSOLUTE
    ../fplib/fflt.s                          0x00000000   Number         0  fflt_clz.o ABSOLUTE
    ../fplib/fgeqf.s                         0x00000000   Number         0  fgeqf.o ABSOLUTE
    ../fplib/fleqf.s                         0x00000000   Number         0  fleqf.o ABSOLUTE
    ../fplib/fmul.s                          0x00000000   Number         0  fmul.o ABSOLUTE
    ../fplib/fnaninf.s                       0x00000000   Number         0  fnaninf.o ABSOLUTE
    ../fplib/fpinit.s                        0x00000000   Number         0  fpinit.o ABSOLUTE
    ../fplib/fpinit_empty.s                  0x00000000   Number         0  fpinit_empty.o ABSOLUTE
    ../fplib/fretinf.s                       0x00000000   Number         0  fretinf.o ABSOLUTE
    ../fplib/usenofp.s                       0x00000000   Number         0  usenofp.o ABSOLUTE
    RTE/Device/STM32F103C8/startup_stm32f10x_md.s 0x00000000   Number         0  startup_stm32f10x_md.o ABSOLUTE
    dc.s                                     0x00000000   Number         0  dc.o ABSOLUTE
    gpio.c                                   0x00000000   Number         0  gpio.o ABSOLUTE
    main.c                                   0x00000000   Number         0  main.o ABSOLUTE
    misc.c                                   0x00000000   Number         0  misc.o ABSOLUTE
    rfid.c                                   0x00000000   Number         0  rfid.o ABSOLUTE
    spi.c                                    0x00000000   Number         0  spi.o ABSOLUTE
    stm32f10x_gpio.c                         0x00000000   Number         0  stm32f10x_gpio.o ABSOLUTE
    stm32f10x_rcc.c                          0x00000000   Number         0  stm32f10x_rcc.o ABSOLUTE
    stm32f10x_spi.c                          0x00000000   Number         0  stm32f10x_spi.o ABSOLUTE
    sys.c                                    0x00000000   Number         0  sys.o ABSOLUTE
    system_stm32f10x.c                       0x00000000   Number         0  system_stm32f10x.o ABSOLUTE
    tim2.c                                   0x00000000   Number         0  tim2.o ABSOLUTE
    uart.c                                   0x00000000   Number         0  uart.o ABSOLUTE
    RESET                                    0x08000000   Section      236  startup_stm32f10x_md.o(RESET)
    !!!main                                  0x080000ec   Section        8  __main.o(!!!main)
    !!!scatter                               0x080000f4   Section       92  __scatter.o(!!!scatter)
    !!handler_null                           0x08000150   Section        2  __scatter.o(!!handler_null)
    !!handler_zi                             0x08000154   Section       28  __scatter_zi.o(!!handler_zi)
    .ARM.Collect$$libinit$$00000000          0x08000170   Section        2  libinit.o(.ARM.Collect$$libinit$$00000000)
    .ARM.Collect$$libinit$$00000002          0x08000172   Section        0  libinit2.o(.ARM.Collect$$libinit$$00000002)
    .ARM.Collect$$libinit$$00000004          0x08000172   Section        0  libinit2.o(.ARM.Collect$$libinit$$00000004)
    .ARM.Collect$$libinit$$00000006          0x08000172   Section        0  libinit2.o(.ARM.Collect$$libinit$$00000006)
    .ARM.Collect$$libinit$$0000000C          0x08000172   Section        0  libinit2.o(.ARM.Collect$$libinit$$0000000C)
    .ARM.Collect$$libinit$$0000000E          0x08000172   Section        0  libinit2.o(.ARM.Collect$$libinit$$0000000E)
    .ARM.Collect$$libinit$$00000010          0x08000172   Section        0  libinit2.o(.ARM.Collect$$libinit$$00000010)
    .ARM.Collect$$libinit$$00000013          0x08000172   Section        0  libinit2.o(.ARM.Collect$$libinit$$00000013)
    .ARM.Collect$$libinit$$00000015          0x08000172   Section        0  libinit2.o(.ARM.Collect$$libinit$$00000015)
    .ARM.Collect$$libinit$$00000017          0x08000172   Section        0  libinit2.o(.ARM.Collect$$libinit$$00000017)
    .ARM.Collect$$libinit$$00000019          0x08000172   Section        0  libinit2.o(.ARM.Collect$$libinit$$00000019)
    .ARM.Collect$$libinit$$0000001B          0x08000172   Section        0  libinit2.o(.ARM.Collect$$libinit$$0000001B)
    .ARM.Collect$$libinit$$0000001D          0x08000172   Section        0  libinit2.o(.ARM.Collect$$libinit$$0000001D)
    .ARM.Collect$$libinit$$0000001F          0x08000172   Section        0  libinit2.o(.ARM.Collect$$libinit$$0000001F)
    .ARM.Collect$$libinit$$00000021          0x08000172   Section        0  libinit2.o(.ARM.Collect$$libinit$$00000021)
    .ARM.Collect$$libinit$$00000023          0x08000172   Section        0  libinit2.o(.ARM.Collect$$libinit$$00000023)
    .ARM.Collect$$libinit$$00000025          0x08000172   Section        0  libinit2.o(.ARM.Collect$$libinit$$00000025)
    .ARM.Collect$$libinit$$00000027          0x08000172   Section        0  libinit2.o(.ARM.Collect$$libinit$$00000027)
    .ARM.Collect$$libinit$$0000002E          0x08000172   Section        0  libinit2.o(.ARM.Collect$$libinit$$0000002E)
    .ARM.Collect$$libinit$$00000030          0x08000172   Section        0  libinit2.o(.ARM.Collect$$libinit$$00000030)
    .ARM.Collect$$libinit$$00000032          0x08000172   Section        0  libinit2.o(.ARM.Collect$$libinit$$00000032)
    .ARM.Collect$$libinit$$00000034          0x08000172   Section        0  libinit2.o(.ARM.Collect$$libinit$$00000034)
    .ARM.Collect$$libinit$$00000035          0x08000172   Section        2  libinit2.o(.ARM.Collect$$libinit$$00000035)
    .ARM.Collect$$libshutdown$$00000000      0x08000174   Section        2  libshutdown.o(.ARM.Collect$$libshutdown$$00000000)
    .ARM.Collect$$libshutdown$$00000002      0x08000176   Section        0  libshutdown2.o(.ARM.Collect$$libshutdown$$00000002)
    .ARM.Collect$$libshutdown$$00000004      0x08000176   Section        0  libshutdown2.o(.ARM.Collect$$libshutdown$$00000004)
    .ARM.Collect$$libshutdown$$00000007      0x08000176   Section        0  libshutdown2.o(.ARM.Collect$$libshutdown$$00000007)
    .ARM.Collect$$libshutdown$$0000000A      0x08000176   Section        0  libshutdown2.o(.ARM.Collect$$libshutdown$$0000000A)
    .ARM.Collect$$libshutdown$$0000000C      0x08000176   Section        0  libshutdown2.o(.ARM.Collect$$libshutdown$$0000000C)
    .ARM.Collect$$libshutdown$$0000000F      0x08000176   Section        0  libshutdown2.o(.ARM.Collect$$libshutdown$$0000000F)
    .ARM.Collect$$libshutdown$$00000010      0x08000176   Section        2  libshutdown2.o(.ARM.Collect$$libshutdown$$00000010)
    .ARM.Collect$$rtentry$$00000000          0x08000178   Section        0  __rtentry.o(.ARM.Collect$$rtentry$$00000000)
    .ARM.Collect$$rtentry$$00000002          0x08000178   Section        0  __rtentry2.o(.ARM.Collect$$rtentry$$00000002)
    .ARM.Collect$$rtentry$$00000004          0x08000178   Section        6  __rtentry4.o(.ARM.Collect$$rtentry$$00000004)
    .ARM.Collect$$rtentry$$00000009          0x0800017e   Section        0  __rtentry2.o(.ARM.Collect$$rtentry$$00000009)
    .ARM.Collect$$rtentry$$0000000A          0x0800017e   Section        4  __rtentry2.o(.ARM.Collect$$rtentry$$0000000A)
    .ARM.Collect$$rtentry$$0000000C          0x08000182   Section        0  __rtentry2.o(.ARM.Collect$$rtentry$$0000000C)
    .ARM.Collect$$rtentry$$0000000D          0x08000182   Section        8  __rtentry2.o(.ARM.Collect$$rtentry$$0000000D)
    .ARM.Collect$$rtexit$$00000000           0x0800018a   Section        2  rtexit.o(.ARM.Collect$$rtexit$$00000000)
    .ARM.Collect$$rtexit$$00000002           0x0800018c   Section        0  rtexit2.o(.ARM.Collect$$rtexit$$00000002)
    .ARM.Collect$$rtexit$$00000003           0x0800018c   Section        4  rtexit2.o(.ARM.Collect$$rtexit$$00000003)
    .ARM.Collect$$rtexit$$00000004           0x08000190   Section        6  rtexit2.o(.ARM.Collect$$rtexit$$00000004)
    .text                                    0x08000198   Section       64  startup_stm32f10x_md.o(.text)
    .text                                    0x080001d8   Section        0  heapauxi.o(.text)
    .text                                    0x080001de   Section       74  sys_stackheap_outer.o(.text)
    .text                                    0x08000228   Section        0  exit.o(.text)
    .text                                    0x0800023c   Section        8  libspace.o(.text)
    .text                                    0x08000244   Section        0  sys_exit.o(.text)
    .text                                    0x08000250   Section        2  use_no_semi.o(.text)
    .text                                    0x08000252   Section        0  indicate_semi.o(.text)
    [Anonymous Symbol]                       0x08000254   Section        0  gpio.o(.text.Debug)
    [Anonymous Symbol]                       0x08000270   Section        0  tim2.o(.text.Delay_ms)
    [Anonymous Symbol]                       0x08000294   Section        0  gpio.o(.text.GPIO_Debug_Init)
    [Anonymous Symbol]                       0x080002c8   Section        0  stm32f10x_gpio.o(.text.GPIO_Init)
    [Anonymous Symbol]                       0x08000450   Section        0  stm32f10x_gpio.o(.text.GPIO_ResetBits)
    [Anonymous Symbol]                       0x08000464   Section        0  stm32f10x_gpio.o(.text.GPIO_SetBits)
    [Anonymous Symbol]                       0x08000478   Section        0  gpio.o(.text.Off)
    [Anonymous Symbol]                       0x0800048c   Section        0  rfid.o(.text.PinCS_Init)
    [Anonymous Symbol]                       0x080004cc   Section        0  stm32f10x_rcc.o(.text.RCC_APB1PeriphClockCmd)
    [Anonymous Symbol]                       0x08000504   Section        0  stm32f10x_rcc.o(.text.RCC_APB2PeriphClockCmd)
    [Anonymous Symbol]                       0x0800053c   Section        0  rfid.o(.text.RFID_AntennaOn)
    [Anonymous Symbol]                       0x0800056c   Section        0  rfid.o(.text.RFID_Init)
    [Anonymous Symbol]                       0x080005bc   Section        0  rfid.o(.text.RFID_ReadReg)
    [Anonymous Symbol]                       0x08000604   Section        0  rfid.o(.text.RFID_SendByte)
    [Anonymous Symbol]                       0x08000618   Section        0  rfid.o(.text.RFID_SetBitMask)
    [Anonymous Symbol]                       0x08000640   Section        0  rfid.o(.text.RFID_WriteReg)
    [Anonymous Symbol]                       0x08000684   Section        0  stm32f10x_spi.o(.text.SPI_Cmd)
    [Anonymous Symbol]                       0x080006b0   Section        0  spi.o(.text.SPI_Config)
    [Anonymous Symbol]                       0x08000760   Section        0  stm32f10x_spi.o(.text.SPI_I2S_GetFlagStatus)
    [Anonymous Symbol]                       0x08000798   Section        0  stm32f10x_spi.o(.text.SPI_I2S_ReceiveData)
    [Anonymous Symbol]                       0x080007a4   Section        0  stm32f10x_spi.o(.text.SPI_I2S_SendData)
    [Anonymous Symbol]                       0x080007b8   Section        0  stm32f10x_spi.o(.text.SPI_Init)
    [Anonymous Symbol]                       0x08000820   Section        0  spi.o(.text.SPI_SendByte)
    SetSysClock                              0x08000879   Thumb Code     8  system_stm32f10x.o(.text.SetSysClock)
    [Anonymous Symbol]                       0x08000878   Section        0  system_stm32f10x.o(.text.SetSysClock)
    SetSysClockTo72                          0x08000881   Thumb Code   290  system_stm32f10x.o(.text.SetSysClockTo72)
    [Anonymous Symbol]                       0x08000880   Section        0  system_stm32f10x.o(.text.SetSysClockTo72)
    [Anonymous Symbol]                       0x080009a4   Section        0  sys.o(.text.Sys_Init)
    [Anonymous Symbol]                       0x080009d4   Section        0  sys.o(.text.Sys_Run)
    [Anonymous Symbol]                       0x080009dc   Section        0  system_stm32f10x.o(.text.SystemInit)
    [Anonymous Symbol]                       0x08000a44   Section        0  tim2.o(.text.TIM2_IRQHandler)
    [Anonymous Symbol]                       0x08000a74   Section        0  tim2.o(.text.Timer2_Init)
    [Anonymous Symbol]                       0x08000acc   Section        0  uart.o(.text.USART1_Init)
    [Anonymous Symbol]                       0x08000b38   Section        0  uart.o(.text.USART1_Send_String)
    __NVIC_EnableIRQ                         0x08000b75   Thumb Code    48  tim2.o(.text.__NVIC_EnableIRQ)
    [Anonymous Symbol]                       0x08000b74   Section        0  tim2.o(.text.__NVIC_EnableIRQ)
    __NVIC_SetPriority                       0x08000ba5   Thumb Code    66  tim2.o(.text.__NVIC_SetPriority)
    [Anonymous Symbol]                       0x08000ba4   Section        0  tim2.o(.text.__NVIC_SetPriority)
    [Anonymous Symbol]                       0x08000be8   Section        0  main.o(.text.main)
    [Anonymous Symbol]                       0x08000bfc   Section        0  tim2.o(.text.millis)
    .L.str                                   0x08000c08   Data          26  sys.o(.rodata.str1.1)
    [Anonymous Symbol]                       0x08000c08   Section        0  sys.o(.rodata.str1.1)
    .bss                                     0x20000000   Section       96  libspace.o(.bss)
    counter_ms                               0x20000060   Data           4  tim2.o(.bss.counter_ms)
    [Anonymous Symbol]                       0x20000060   Section        0  tim2.o(.bss.counter_ms)
    Heap_Mem                                 0x20000068   Data         512  startup_stm32f10x_md.o(HEAP)
    HEAP                                     0x20000068   Section      512  startup_stm32f10x_md.o(HEAP)
    Stack_Mem                                0x20000268   Data        1024  startup_stm32f10x_md.o(STACK)
    STACK                                    0x20000268   Section     1024  startup_stm32f10x_md.o(STACK)
    __initial_sp                             0x20000668   Data           0  startup_stm32f10x_md.o(STACK)

    Global Symbols

    Symbol Name                              Value     Ov Type        Size  Object(Section)

    BuildAttributes$$THM_ISAv4$P$D$K$B$S$PE$A:L22UL41UL21$X:L11$S22US41US21$IEEE1$IW$~IW$USESV6$~STKCKD$USESV7$~SHL$OSPACE$ROPI$EBA8$UX$STANDARDLIB$REQ8$PRES8$EABIv2 0x00000000   Number         0  anon$$obj.o ABSOLUTE
    __fp_init_empty                          0x00000000   Number         0  fpinit_empty.o ABSOLUTE
    __ARM_exceptions_init                     - Undefined Weak Reference
    __alloca_initialize                       - Undefined Weak Reference
    __arm_preinit_                            - Undefined Weak Reference
    __arm_relocate_pie_                       - Undefined Weak Reference
    __cpp_initialize__aeabi_                  - Undefined Weak Reference
    __cxa_finalize                            - Undefined Weak Reference
    __rt_locale                               - Undefined Weak Reference
    __sigvec_lookup                           - Undefined Weak Reference
    _atexit_init                              - Undefined Weak Reference
    _call_atexit_fns                          - Undefined Weak Reference
    _clock_init                               - Undefined Weak Reference
    _fp_trap_init                             - Undefined Weak Reference
    _fp_trap_shutdown                         - Undefined Weak Reference
    _get_lc_collate                           - Undefined Weak Reference
    _get_lc_ctype                             - Undefined Weak Reference
    _get_lc_monetary                          - Undefined Weak Reference
    _get_lc_numeric                           - Undefined Weak Reference
    _get_lc_time                              - Undefined Weak Reference
    _getenv_init                              - Undefined Weak Reference
    _handle_redirection                       - Undefined Weak Reference
    _init_alloc                               - Undefined Weak Reference
    _init_user_alloc                          - Undefined Weak Reference
    _initio                                   - Undefined Weak Reference
    _rand_init                                - Undefined Weak Reference
    _signal_finish                            - Undefined Weak Reference
    _signal_init                              - Undefined Weak Reference
    _terminate_alloc                          - Undefined Weak Reference
    _terminate_user_alloc                     - Undefined Weak Reference
    _terminateio                              - Undefined Weak Reference
    __Vectors_Size                           0x000000ec   Number         0  startup_stm32f10x_md.o ABSOLUTE
    __Vectors                                0x08000000   Data           4  startup_stm32f10x_md.o(RESET)
    __Vectors_End                            0x080000ec   Data           0  startup_stm32f10x_md.o(RESET)
    __main                                   0x080000ed   Thumb Code     8  __main.o(!!!main)
    __scatterload                            0x080000f5   Thumb Code     0  __scatter.o(!!!scatter)
    __scatterload_rt2                        0x080000f5   Thumb Code    84  __scatter.o(!!!scatter)
    __scatterload_rt2_thumb_only             0x080000f5   Thumb Code     0  __scatter.o(!!!scatter)
    __scatterload_loop                       0x080000ff   Thumb Code     0  __scatter.o(!!!scatter)
    __scatterload_null                       0x08000151   Thumb Code     2  __scatter.o(!!handler_null)
    __scatterload_zeroinit                   0x08000155   Thumb Code    28  __scatter_zi.o(!!handler_zi)
    __rt_lib_init                            0x08000171   Thumb Code     0  libinit.o(.ARM.Collect$$libinit$$00000000)
    __rt_lib_init_alloca_1                   0x08000173   Thumb Code     0  libinit2.o(.ARM.Collect$$libinit$$00000030)
    __rt_lib_init_argv_1                     0x08000173   Thumb Code     0  libinit2.o(.ARM.Collect$$libinit$$0000002E)
    __rt_lib_init_atexit_1                   0x08000173   Thumb Code     0  libinit2.o(.ARM.Collect$$libinit$$0000001D)
    __rt_lib_init_clock_1                    0x08000173   Thumb Code     0  libinit2.o(.ARM.Collect$$libinit$$00000023)
    __rt_lib_init_cpp_1                      0x08000173   Thumb Code     0  libinit2.o(.ARM.Collect$$libinit$$00000034)
    __rt_lib_init_exceptions_1               0x08000173   Thumb Code     0  libinit2.o(.ARM.Collect$$libinit$$00000032)
    __rt_lib_init_fp_1                       0x08000173   Thumb Code     0  libinit2.o(.ARM.Collect$$libinit$$00000002)
    __rt_lib_init_fp_trap_1                  0x08000173   Thumb Code     0  libinit2.o(.ARM.Collect$$libinit$$00000021)
    __rt_lib_init_getenv_1                   0x08000173   Thumb Code     0  libinit2.o(.ARM.Collect$$libinit$$00000025)
    __rt_lib_init_heap_1                     0x08000173   Thumb Code     0  libinit2.o(.ARM.Collect$$libinit$$0000000C)
    __rt_lib_init_lc_collate_1               0x08000173   Thumb Code     0  libinit2.o(.ARM.Collect$$libinit$$00000013)
    __rt_lib_init_lc_ctype_1                 0x08000173   Thumb Code     0  libinit2.o(.ARM.Collect$$libinit$$00000015)
    __rt_lib_init_lc_monetary_1              0x08000173   Thumb Code     0  libinit2.o(.ARM.Collect$$libinit$$00000017)
    __rt_lib_init_lc_numeric_1               0x08000173   Thumb Code     0  libinit2.o(.ARM.Collect$$libinit$$00000019)
    __rt_lib_init_lc_time_1                  0x08000173   Thumb Code     0  libinit2.o(.ARM.Collect$$libinit$$0000001B)
    __rt_lib_init_preinit_1                  0x08000173   Thumb Code     0  libinit2.o(.ARM.Collect$$libinit$$00000006)
    __rt_lib_init_rand_1                     0x08000173   Thumb Code     0  libinit2.o(.ARM.Collect$$libinit$$00000010)
    __rt_lib_init_relocate_pie_1             0x08000173   Thumb Code     0  libinit2.o(.ARM.Collect$$libinit$$00000004)
    __rt_lib_init_return                     0x08000173   Thumb Code     0  libinit2.o(.ARM.Collect$$libinit$$00000035)
    __rt_lib_init_signal_1                   0x08000173   Thumb Code     0  libinit2.o(.ARM.Collect$$libinit$$0000001F)
    __rt_lib_init_stdio_1                    0x08000173   Thumb Code     0  libinit2.o(.ARM.Collect$$libinit$$00000027)
    __rt_lib_init_user_alloc_1               0x08000173   Thumb Code     0  libinit2.o(.ARM.Collect$$libinit$$0000000E)
    __rt_lib_shutdown                        0x08000175   Thumb Code     0  libshutdown.o(.ARM.Collect$$libshutdown$$00000000)
    __rt_lib_shutdown_cpp_1                  0x08000177   Thumb Code     0  libshutdown2.o(.ARM.Collect$$libshutdown$$00000002)
    __rt_lib_shutdown_fp_trap_1              0x08000177   Thumb Code     0  libshutdown2.o(.ARM.Collect$$libshutdown$$00000007)
    __rt_lib_shutdown_heap_1                 0x08000177   Thumb Code     0  libshutdown2.o(.ARM.Collect$$libshutdown$$0000000F)
    __rt_lib_shutdown_return                 0x08000177   Thumb Code     0  libshutdown2.o(.ARM.Collect$$libshutdown$$00000010)
    __rt_lib_shutdown_signal_1               0x08000177   Thumb Code     0  libshutdown2.o(.ARM.Collect$$libshutdown$$0000000A)
    __rt_lib_shutdown_stdio_1                0x08000177   Thumb Code     0  libshutdown2.o(.ARM.Collect$$libshutdown$$00000004)
    __rt_lib_shutdown_user_alloc_1           0x08000177   Thumb Code     0  libshutdown2.o(.ARM.Collect$$libshutdown$$0000000C)
    __rt_entry                               0x08000179   Thumb Code     0  __rtentry.o(.ARM.Collect$$rtentry$$00000000)
    __rt_entry_presh_1                       0x08000179   Thumb Code     0  __rtentry2.o(.ARM.Collect$$rtentry$$00000002)
    __rt_entry_sh                            0x08000179   Thumb Code     0  __rtentry4.o(.ARM.Collect$$rtentry$$00000004)
    __rt_entry_li                            0x0800017f   Thumb Code     0  __rtentry2.o(.ARM.Collect$$rtentry$$0000000A)
    __rt_entry_postsh_1                      0x0800017f   Thumb Code     0  __rtentry2.o(.ARM.Collect$$rtentry$$00000009)
    __rt_entry_main                          0x08000183   Thumb Code     0  __rtentry2.o(.ARM.Collect$$rtentry$$0000000D)
    __rt_entry_postli_1                      0x08000183   Thumb Code     0  __rtentry2.o(.ARM.Collect$$rtentry$$0000000C)
    __rt_exit                                0x0800018b   Thumb Code     0  rtexit.o(.ARM.Collect$$rtexit$$00000000)
    __rt_exit_ls                             0x0800018d   Thumb Code     0  rtexit2.o(.ARM.Collect$$rtexit$$00000003)
    __rt_exit_prels_1                        0x0800018d   Thumb Code     0  rtexit2.o(.ARM.Collect$$rtexit$$00000002)
    __rt_exit_exit                           0x08000191   Thumb Code     0  rtexit2.o(.ARM.Collect$$rtexit$$00000004)
    Reset_Handler                            0x08000199   Thumb Code     8  startup_stm32f10x_md.o(.text)
    NMI_Handler                              0x080001a1   Thumb Code     2  startup_stm32f10x_md.o(.text)
    HardFault_Handler                        0x080001a3   Thumb Code     2  startup_stm32f10x_md.o(.text)
    MemManage_Handler                        0x080001a5   Thumb Code     2  startup_stm32f10x_md.o(.text)
    BusFault_Handler                         0x080001a7   Thumb Code     2  startup_stm32f10x_md.o(.text)
    UsageFault_Handler                       0x080001a9   Thumb Code     2  startup_stm32f10x_md.o(.text)
    SVC_Handler                              0x080001ab   Thumb Code     2  startup_stm32f10x_md.o(.text)
    DebugMon_Handler                         0x080001ad   Thumb Code     2  startup_stm32f10x_md.o(.text)
    PendSV_Handler                           0x080001af   Thumb Code     2  startup_stm32f10x_md.o(.text)
    SysTick_Handler                          0x080001b1   Thumb Code     2  startup_stm32f10x_md.o(.text)
    ADC1_2_IRQHandler                        0x080001b3   Thumb Code     0  startup_stm32f10x_md.o(.text)
    CAN1_RX1_IRQHandler                      0x080001b3   Thumb Code     0  startup_stm32f10x_md.o(.text)
    CAN1_SCE_IRQHandler                      0x080001b3   Thumb Code     0  startup_stm32f10x_md.o(.text)
    DMA1_Channel1_IRQHandler                 0x080001b3   Thumb Code     0  startup_stm32f10x_md.o(.text)
    DMA1_Channel2_IRQHandler                 0x080001b3   Thumb Code     0  startup_stm32f10x_md.o(.text)
    DMA1_Channel3_IRQHandler                 0x080001b3   Thumb Code     0  startup_stm32f10x_md.o(.text)
    DMA1_Channel4_IRQHandler                 0x080001b3   Thumb Code     0  startup_stm32f10x_md.o(.text)
    DMA1_Channel5_IRQHandler                 0x080001b3   Thumb Code     0  startup_stm32f10x_md.o(.text)
    DMA1_Channel6_IRQHandler                 0x080001b3   Thumb Code     0  startup_stm32f10x_md.o(.text)
    DMA1_Channel7_IRQHandler                 0x080001b3   Thumb Code     0  startup_stm32f10x_md.o(.text)
    EXTI0_IRQHandler                         0x080001b3   Thumb Code     0  startup_stm32f10x_md.o(.text)
    EXTI15_10_IRQHandler                     0x080001b3   Thumb Code     0  startup_stm32f10x_md.o(.text)
    EXTI1_IRQHandler                         0x080001b3   Thumb Code     0  startup_stm32f10x_md.o(.text)
    EXTI2_IRQHandler                         0x080001b3   Thumb Code     0  startup_stm32f10x_md.o(.text)
    EXTI3_IRQHandler                         0x080001b3   Thumb Code     0  startup_stm32f10x_md.o(.text)
    EXTI4_IRQHandler                         0x080001b3   Thumb Code     0  startup_stm32f10x_md.o(.text)
    EXTI9_5_IRQHandler                       0x080001b3   Thumb Code     0  startup_stm32f10x_md.o(.text)
    FLASH_IRQHandler                         0x080001b3   Thumb Code     0  startup_stm32f10x_md.o(.text)
    I2C1_ER_IRQHandler                       0x080001b3   Thumb Code     0  startup_stm32f10x_md.o(.text)
    I2C1_EV_IRQHandler                       0x080001b3   Thumb Code     0  startup_stm32f10x_md.o(.text)
    I2C2_ER_IRQHandler                       0x080001b3   Thumb Code     0  startup_stm32f10x_md.o(.text)
    I2C2_EV_IRQHandler                       0x080001b3   Thumb Code     0  startup_stm32f10x_md.o(.text)
    PVD_IRQHandler                           0x080001b3   Thumb Code     0  startup_stm32f10x_md.o(.text)
    RCC_IRQHandler                           0x080001b3   Thumb Code     0  startup_stm32f10x_md.o(.text)
    RTCAlarm_IRQHandler                      0x080001b3   Thumb Code     0  startup_stm32f10x_md.o(.text)
    RTC_IRQHandler                           0x080001b3   Thumb Code     0  startup_stm32f10x_md.o(.text)
    SPI1_IRQHandler                          0x080001b3   Thumb Code     0  startup_stm32f10x_md.o(.text)
    SPI2_IRQHandler                          0x080001b3   Thumb Code     0  startup_stm32f10x_md.o(.text)
    TAMPER_IRQHandler                        0x080001b3   Thumb Code     0  startup_stm32f10x_md.o(.text)
    TIM1_BRK_IRQHandler                      0x080001b3   Thumb Code     0  startup_stm32f10x_md.o(.text)
    TIM1_CC_IRQHandler                       0x080001b3   Thumb Code     0  startup_stm32f10x_md.o(.text)
    TIM1_TRG_COM_IRQHandler                  0x080001b3   Thumb Code     0  startup_stm32f10x_md.o(.text)
    TIM1_UP_IRQHandler                       0x080001b3   Thumb Code     0  startup_stm32f10x_md.o(.text)
    TIM3_IRQHandler                          0x080001b3   Thumb Code     0  startup_stm32f10x_md.o(.text)
    TIM4_IRQHandler                          0x080001b3   Thumb Code     0  startup_stm32f10x_md.o(.text)
    USART1_IRQHandler                        0x080001b3   Thumb Code     0  startup_stm32f10x_md.o(.text)
    USART2_IRQHandler                        0x080001b3   Thumb Code     0  startup_stm32f10x_md.o(.text)
    USART3_IRQHandler                        0x080001b3   Thumb Code     0  startup_stm32f10x_md.o(.text)
    USBWakeUp_IRQHandler                     0x080001b3   Thumb Code     0  startup_stm32f10x_md.o(.text)
    USB_HP_CAN1_TX_IRQHandler                0x080001b3   Thumb Code     0  startup_stm32f10x_md.o(.text)
    USB_LP_CAN1_RX0_IRQHandler               0x080001b3   Thumb Code     0  startup_stm32f10x_md.o(.text)
    WWDG_IRQHandler                          0x080001b3   Thumb Code     0  startup_stm32f10x_md.o(.text)
    __user_initial_stackheap                 0x080001b5   Thumb Code     0  startup_stm32f10x_md.o(.text)
    __use_two_region_memory                  0x080001d9   Thumb Code     2  heapauxi.o(.text)
    __rt_heap_escrow$2region                 0x080001db   Thumb Code     2  heapauxi.o(.text)
    __rt_heap_expand$2region                 0x080001dd   Thumb Code     2  heapauxi.o(.text)
    __user_setup_stackheap                   0x080001df   Thumb Code    74  sys_stackheap_outer.o(.text)
    exit                                     0x08000229   Thumb Code    18  exit.o(.text)
    __user_libspace                          0x0800023d   Thumb Code     8  libspace.o(.text)
    __user_perproc_libspace                  0x0800023d   Thumb Code     0  libspace.o(.text)
    __user_perthread_libspace                0x0800023d   Thumb Code     0  libspace.o(.text)
    _sys_exit                                0x08000245   Thumb Code     8  sys_exit.o(.text)
    __I$use$semihosting                      0x08000251   Thumb Code     0  use_no_semi.o(.text)
    __use_no_semihosting_swi                 0x08000251   Thumb Code     2  use_no_semi.o(.text)
    __semihosting_library_function           0x08000253   Thumb Code     0  indicate_semi.o(.text)
    Debug                                    0x08000255   Thumb Code    28  gpio.o(.text.Debug)
    Delay_ms                                 0x08000271   Thumb Code    36  tim2.o(.text.Delay_ms)
    GPIO_Debug_Init                          0x08000295   Thumb Code    52  gpio.o(.text.GPIO_Debug_Init)
    GPIO_Init                                0x080002c9   Thumb Code   390  stm32f10x_gpio.o(.text.GPIO_Init)
    GPIO_ResetBits                           0x08000451   Thumb Code    20  stm32f10x_gpio.o(.text.GPIO_ResetBits)
    GPIO_SetBits                             0x08000465   Thumb Code    20  stm32f10x_gpio.o(.text.GPIO_SetBits)
    Off                                      0x08000479   Thumb Code    18  gpio.o(.text.Off)
    PinCS_Init                               0x0800048d   Thumb Code    62  rfid.o(.text.PinCS_Init)
    RCC_APB1PeriphClockCmd                   0x080004cd   Thumb Code    56  stm32f10x_rcc.o(.text.RCC_APB1PeriphClockCmd)
    RCC_APB2PeriphClockCmd                   0x08000505   Thumb Code    56  stm32f10x_rcc.o(.text.RCC_APB2PeriphClockCmd)
    RFID_AntennaOn                           0x0800053d   Thumb Code    48  rfid.o(.text.RFID_AntennaOn)
    RFID_Init                                0x0800056d   Thumb Code    80  rfid.o(.text.RFID_Init)
    RFID_ReadReg                             0x080005bd   Thumb Code    70  rfid.o(.text.RFID_ReadReg)
    RFID_SendByte                            0x08000605   Thumb Code    20  rfid.o(.text.RFID_SendByte)
    RFID_SetBitMask                          0x08000619   Thumb Code    40  rfid.o(.text.RFID_SetBitMask)
    RFID_WriteReg                            0x08000641   Thumb Code    66  rfid.o(.text.RFID_WriteReg)
    SPI_Cmd                                  0x08000685   Thumb Code    44  stm32f10x_spi.o(.text.SPI_Cmd)
    SPI_Config                               0x080006b1   Thumb Code   176  spi.o(.text.SPI_Config)
    SPI_I2S_GetFlagStatus                    0x08000761   Thumb Code    54  stm32f10x_spi.o(.text.SPI_I2S_GetFlagStatus)
    SPI_I2S_ReceiveData                      0x08000799   Thumb Code    12  stm32f10x_spi.o(.text.SPI_I2S_ReceiveData)
    SPI_I2S_SendData                         0x080007a5   Thumb Code    20  stm32f10x_spi.o(.text.SPI_I2S_SendData)
    SPI_Init                                 0x080007b9   Thumb Code   104  stm32f10x_spi.o(.text.SPI_Init)
    SPI_SendByte                             0x08000821   Thumb Code    86  spi.o(.text.SPI_SendByte)
    Sys_Init                                 0x080009a5   Thumb Code    46  sys.o(.text.Sys_Init)
    Sys_Run                                  0x080009d5   Thumb Code     8  sys.o(.text.Sys_Run)
    SystemInit                               0x080009dd   Thumb Code   102  system_stm32f10x.o(.text.SystemInit)
    TIM2_IRQHandler                          0x08000a45   Thumb Code    46  tim2.o(.text.TIM2_IRQHandler)
    Timer2_Init                              0x08000a75   Thumb Code    88  tim2.o(.text.Timer2_Init)
    USART1_Init                              0x08000acd   Thumb Code   108  uart.o(.text.USART1_Init)
    USART1_Send_String                       0x08000b39   Thumb Code    60  uart.o(.text.USART1_Send_String)
    main                                     0x08000be9   Thumb Code    20  main.o(.text.main)
    millis                                   0x08000bfd   Thumb Code    12  tim2.o(.text.millis)
    Region$$Table$$Base                      0x08000c24   Number         0  anon$$obj.o(Region$$Table)
    Region$$Table$$Limit                     0x08000c34   Number         0  anon$$obj.o(Region$$Table)
    __libspace_start                         0x20000000   Data          96  libspace.o(.bss)
    __temporary_stack_top$libspace           0x20000060   Data           0  libspace.o(.bss)



==============================================================================

Memory Map of the image

  Image Entry point : 0x08000199

  Load Region LR_1 (Base: 0x08000000, Size: 0x00000c34, Max: 0xffffffff, ABSOLUTE)

    Execution Region ER_RO (Exec base: 0x08000000, Load base: 0x08000000, Size: 0x00000c34, Max: 0xffffffff, ABSOLUTE)

    Exec Addr    Load Addr    Size         Type   Attr      Idx    E Section Name        Object

    0x08000000   0x08000000   0x000000ec   Data   RO          321    RESET               startup_stm32f10x_md.o
    0x080000ec   0x080000ec   0x00000008   Code   RO          349  * !!!main             c_w.l(__main.o)
    0x080000f4   0x080000f4   0x0000005c   Code   RO          547    !!!scatter          c_w.l(__scatter.o)
    0x08000150   0x08000150   0x00000002   Code   RO          548    !!handler_null      c_w.l(__scatter.o)
    0x08000152   0x08000152   0x00000002   PAD
    0x08000154   0x08000154   0x0000001c   Code   RO          551    !!handler_zi        c_w.l(__scatter_zi.o)
    0x08000170   0x08000170   0x00000002   Code   RO          409    .ARM.Collect$$libinit$$00000000  c_w.l(libinit.o)
    0x08000172   0x08000172   0x00000000   Code   RO          416    .ARM.Collect$$libinit$$00000002  c_w.l(libinit2.o)
    0x08000172   0x08000172   0x00000000   Code   RO          418    .ARM.Collect$$libinit$$00000004  c_w.l(libinit2.o)
    0x08000172   0x08000172   0x00000000   Code   RO          420    .ARM.Collect$$libinit$$00000006  c_w.l(libinit2.o)
    0x08000172   0x08000172   0x00000000   Code   RO          423    .ARM.Collect$$libinit$$0000000C  c_w.l(libinit2.o)
    0x08000172   0x08000172   0x00000000   Code   RO          425    .ARM.Collect$$libinit$$0000000E  c_w.l(libinit2.o)
    0x08000172   0x08000172   0x00000000   Code   RO          427    .ARM.Collect$$libinit$$00000010  c_w.l(libinit2.o)
    0x08000172   0x08000172   0x00000000   Code   RO          430    .ARM.Collect$$libinit$$00000013  c_w.l(libinit2.o)
    0x08000172   0x08000172   0x00000000   Code   RO          432    .ARM.Collect$$libinit$$00000015  c_w.l(libinit2.o)
    0x08000172   0x08000172   0x00000000   Code   RO          434    .ARM.Collect$$libinit$$00000017  c_w.l(libinit2.o)
    0x08000172   0x08000172   0x00000000   Code   RO          436    .ARM.Collect$$libinit$$00000019  c_w.l(libinit2.o)
    0x08000172   0x08000172   0x00000000   Code   RO          438    .ARM.Collect$$libinit$$0000001B  c_w.l(libinit2.o)
    0x08000172   0x08000172   0x00000000   Code   RO          440    .ARM.Collect$$libinit$$0000001D  c_w.l(libinit2.o)
    0x08000172   0x08000172   0x00000000   Code   RO          442    .ARM.Collect$$libinit$$0000001F  c_w.l(libinit2.o)
    0x08000172   0x08000172   0x00000000   Code   RO          444    .ARM.Collect$$libinit$$00000021  c_w.l(libinit2.o)
    0x08000172   0x08000172   0x00000000   Code   RO          446    .ARM.Collect$$libinit$$00000023  c_w.l(libinit2.o)
    0x08000172   0x08000172   0x00000000   Code   RO          448    .ARM.Collect$$libinit$$00000025  c_w.l(libinit2.o)
    0x08000172   0x08000172   0x00000000   Code   RO          450    .ARM.Collect$$libinit$$00000027  c_w.l(libinit2.o)
    0x08000172   0x08000172   0x00000000   Code   RO          454    .ARM.Collect$$libinit$$0000002E  c_w.l(libinit2.o)
    0x08000172   0x08000172   0x00000000   Code   RO          456    .ARM.Collect$$libinit$$00000030  c_w.l(libinit2.o)
    0x08000172   0x08000172   0x00000000   Code   RO          458    .ARM.Collect$$libinit$$00000032  c_w.l(libinit2.o)
    0x08000172   0x08000172   0x00000000   Code   RO          460    .ARM.Collect$$libinit$$00000034  c_w.l(libinit2.o)
    0x08000172   0x08000172   0x00000002   Code   RO          461    .ARM.Collect$$libinit$$00000035  c_w.l(libinit2.o)
    0x08000174   0x08000174   0x00000002   Code   RO          483    .ARM.Collect$$libshutdown$$00000000  c_w.l(libshutdown.o)
    0x08000176   0x08000176   0x00000000   Code   RO          498    .ARM.Collect$$libshutdown$$00000002  c_w.l(libshutdown2.o)
    0x08000176   0x08000176   0x00000000   Code   RO          500    .ARM.Collect$$libshutdown$$00000004  c_w.l(libshutdown2.o)
    0x08000176   0x08000176   0x00000000   Code   RO          503    .ARM.Collect$$libshutdown$$00000007  c_w.l(libshutdown2.o)
    0x08000176   0x08000176   0x00000000   Code   RO          506    .ARM.Collect$$libshutdown$$0000000A  c_w.l(libshutdown2.o)
    0x08000176   0x08000176   0x00000000   Code   RO          508    .ARM.Collect$$libshutdown$$0000000C  c_w.l(libshutdown2.o)
    0x08000176   0x08000176   0x00000000   Code   RO          511    .ARM.Collect$$libshutdown$$0000000F  c_w.l(libshutdown2.o)
    0x08000176   0x08000176   0x00000002   Code   RO          512    .ARM.Collect$$libshutdown$$00000010  c_w.l(libshutdown2.o)
    0x08000178   0x08000178   0x00000000   Code   RO          371    .ARM.Collect$$rtentry$$00000000  c_w.l(__rtentry.o)
    0x08000178   0x08000178   0x00000000   Code   RO          384    .ARM.Collect$$rtentry$$00000002  c_w.l(__rtentry2.o)
    0x08000178   0x08000178   0x00000006   Code   RO          396    .ARM.Collect$$rtentry$$00000004  c_w.l(__rtentry4.o)
    0x0800017e   0x0800017e   0x00000000   Code   RO          386    .ARM.Collect$$rtentry$$00000009  c_w.l(__rtentry2.o)
    0x0800017e   0x0800017e   0x00000004   Code   RO          387    .ARM.Collect$$rtentry$$0000000A  c_w.l(__rtentry2.o)
    0x08000182   0x08000182   0x00000000   Code   RO          389    .ARM.Collect$$rtentry$$0000000C  c_w.l(__rtentry2.o)
    0x08000182   0x08000182   0x00000008   Code   RO          390    .ARM.Collect$$rtentry$$0000000D  c_w.l(__rtentry2.o)
    0x0800018a   0x0800018a   0x00000002   Code   RO          413    .ARM.Collect$$rtexit$$00000000  c_w.l(rtexit.o)
    0x0800018c   0x0800018c   0x00000000   Code   RO          463    .ARM.Collect$$rtexit$$00000002  c_w.l(rtexit2.o)
    0x0800018c   0x0800018c   0x00000004   Code   RO          464    .ARM.Collect$$rtexit$$00000003  c_w.l(rtexit2.o)
    0x08000190   0x08000190   0x00000006   Code   RO          465    .ARM.Collect$$rtexit$$00000004  c_w.l(rtexit2.o)
    0x08000196   0x08000196   0x00000002   PAD
    0x08000198   0x08000198   0x00000040   Code   RO          322  * .text               startup_stm32f10x_md.o
    0x080001d8   0x080001d8   0x00000006   Code   RO          347    .text               c_w.l(heapauxi.o)
    0x080001de   0x080001de   0x0000004a   Code   RO          400    .text               c_w.l(sys_stackheap_outer.o)
    0x08000228   0x08000228   0x00000012   Code   RO          402    .text               c_w.l(exit.o)
    0x0800023a   0x0800023a   0x00000002   PAD
    0x0800023c   0x0800023c   0x00000008   Code   RO          410    .text               c_w.l(libspace.o)
    0x08000244   0x08000244   0x0000000c   Code   RO          473    .text               c_w.l(sys_exit.o)
    0x08000250   0x08000250   0x00000002   Code   RO          488    .text               c_w.l(use_no_semi.o)
    0x08000252   0x08000252   0x00000000   Code   RO          490    .text               c_w.l(indicate_semi.o)
    0x08000252   0x08000252   0x00000002   PAD
    0x08000254   0x08000254   0x0000001c   Code   RO            4    .text.Debug         gpio.o
    0x08000270   0x08000270   0x00000024   Code   RO          101    .text.Delay_ms      tim2.o
    0x08000294   0x08000294   0x00000034   Code   RO            2    .text.GPIO_Debug_Init  gpio.o
    0x080002c8   0x080002c8   0x00000186   Code   RO          155    .text.GPIO_Init     stm32f10x_gpio.o
    0x0800044e   0x0800044e   0x00000002   PAD
    0x08000450   0x08000450   0x00000014   Code   RO          169    .text.GPIO_ResetBits  stm32f10x_gpio.o
    0x08000464   0x08000464   0x00000014   Code   RO          167    .text.GPIO_SetBits  stm32f10x_gpio.o
    0x08000478   0x08000478   0x00000012   Code   RO            6    .text.Off           gpio.o
    0x0800048a   0x0800048a   0x00000002   PAD
    0x0800048c   0x0800048c   0x0000003e   Code   RO           26    .text.PinCS_Init    rfid.o
    0x080004ca   0x080004ca   0x00000002   PAD
    0x080004cc   0x080004cc   0x00000038   Code   RO          240    .text.RCC_APB1PeriphClockCmd  stm32f10x_rcc.o
    0x08000504   0x08000504   0x00000038   Code   RO          238    .text.RCC_APB2PeriphClockCmd  stm32f10x_rcc.o
    0x0800053c   0x0800053c   0x00000030   Code   RO           38    .text.RFID_AntennaOn  rfid.o
    0x0800056c   0x0800056c   0x00000050   Code   RO           36    .text.RFID_Init     rfid.o
    0x080005bc   0x080005bc   0x00000046   Code   RO           32    .text.RFID_ReadReg  rfid.o
    0x08000602   0x08000602   0x00000002   PAD
    0x08000604   0x08000604   0x00000014   Code   RO           30    .text.RFID_SendByte  rfid.o
    0x08000618   0x08000618   0x00000028   Code   RO           40    .text.RFID_SetBitMask  rfid.o
    0x08000640   0x08000640   0x00000042   Code   RO           28    .text.RFID_WriteReg  rfid.o
    0x08000682   0x08000682   0x00000002   PAD
    0x08000684   0x08000684   0x0000002c   Code   RO          277    .text.SPI_Cmd       stm32f10x_spi.o
    0x080006b0   0x080006b0   0x000000b0   Code   RO           68    .text.SPI_Config    spi.o
    0x08000760   0x08000760   0x00000036   Code   RO          305    .text.SPI_I2S_GetFlagStatus  stm32f10x_spi.o
    0x08000796   0x08000796   0x00000002   PAD
    0x08000798   0x08000798   0x0000000c   Code   RO          287    .text.SPI_I2S_ReceiveData  stm32f10x_spi.o
    0x080007a4   0x080007a4   0x00000014   Code   RO          285    .text.SPI_I2S_SendData  stm32f10x_spi.o
    0x080007b8   0x080007b8   0x00000068   Code   RO          269    .text.SPI_Init      stm32f10x_spi.o
    0x08000820   0x08000820   0x00000056   Code   RO           70    .text.SPI_SendByte  spi.o
    0x08000876   0x08000876   0x00000002   PAD
    0x08000878   0x08000878   0x00000008   Code   RO          331    .text.SetSysClock   system_stm32f10x.o
    0x08000880   0x08000880   0x00000122   Code   RO          335    .text.SetSysClockTo72  system_stm32f10x.o
    0x080009a2   0x080009a2   0x00000002   PAD
    0x080009a4   0x080009a4   0x0000002e   Code   RO           79    .text.Sys_Init      sys.o
    0x080009d2   0x080009d2   0x00000002   PAD
    0x080009d4   0x080009d4   0x00000008   Code   RO           81    .text.Sys_Run       sys.o
    0x080009dc   0x080009dc   0x00000066   Code   RO          329    .text.SystemInit    system_stm32f10x.o
    0x08000a42   0x08000a42   0x00000002   PAD
    0x08000a44   0x08000a44   0x0000002e   Code   RO           97    .text.TIM2_IRQHandler  tim2.o
    0x08000a72   0x08000a72   0x00000002   PAD
    0x08000a74   0x08000a74   0x00000058   Code   RO           91    .text.Timer2_Init   tim2.o
    0x08000acc   0x08000acc   0x0000006c   Code   RO          113    .text.USART1_Init   uart.o
    0x08000b38   0x08000b38   0x0000003c   Code   RO          117    .text.USART1_Send_String  uart.o
    0x08000b74   0x08000b74   0x00000030   Code   RO           95    .text.__NVIC_EnableIRQ  tim2.o
    0x08000ba4   0x08000ba4   0x00000042   Code   RO           93    .text.__NVIC_SetPriority  tim2.o
    0x08000be6   0x08000be6   0x00000002   PAD
    0x08000be8   0x08000be8   0x00000014   Code   RO           17    .text.main          main.o
    0x08000bfc   0x08000bfc   0x0000000c   Code   RO           99    .text.millis        tim2.o
    0x08000c08   0x08000c08   0x0000001a   Data   RO           83    .rodata.str1.1      sys.o
    0x08000c22   0x08000c22   0x00000002   PAD
    0x08000c24   0x08000c24   0x00000010   Data   RO          546    Region$$Table       anon$$obj.o


    Execution Region ER_RW (Exec base: 0x20000000, Load base: 0x08000c34, Size: 0x00000000, Max: 0xffffffff, ABSOLUTE)

    **** No section assigned to this execution region ****


    Execution Region ER_ZI (Exec base: 0x20000000, Load base: 0x08000c34, Size: 0x00000668, Max: 0xffffffff, ABSOLUTE)

    Exec Addr    Load Addr    Size         Type   Attr      Idx    E Section Name        Object

    0x20000000        -       0x00000060   Zero   RW          411    .bss                c_w.l(libspace.o)
    0x20000060        -       0x00000004   Zero   RW          105    .bss.counter_ms     tim2.o
    0x20000064   0x08000c34   0x00000004   PAD
    0x20000068        -       0x00000200   Zero   RW          320    HEAP                startup_stm32f10x_md.o
    0x20000268        -       0x00000400   Zero   RW          319    STACK               startup_stm32f10x_md.o


==============================================================================

Image component sizes


      Code (inc. data)   RO Data    RW Data    ZI Data      Debug   Object Name

        98          0          0          0          0       1797   gpio.o
        20          0          0          0          0        387   main.o
       386          0          0          0          0       5306   rfid.o
       262          0          0          0          0       2550   spi.o
        64         26        236          0       1536        836   startup_stm32f10x_md.o
       430          0          0          0          0       5681   stm32f10x_gpio.o
       112          0          0          0          0       7009   stm32f10x_rcc.o
       234          0          0          0          0       6593   stm32f10x_spi.o
        54          0         26          0          0        569   sys.o
       400          0          0          0          0       2860   system_stm32f10x.o
       296          0          0          0          4       4820   tim2.o
       168          0          0          0          0       2898   uart.o

    ----------------------------------------------------------------------
      2548         26        280          0       1544      41306   Object Totals
         0          0         16          0          0          0   (incl. Generated)
        24          0          2          0          4          0   (incl. Padding)

    ----------------------------------------------------------------------

      Code (inc. data)   RO Data    RW Data    ZI Data      Debug   Library Member Name

         8          0          0          0          0         68   __main.o
         0          0          0          0          0          0   __rtentry.o
        12          0          0          0          0          0   __rtentry2.o
         6          0          0          0          0          0   __rtentry4.o
        94          8          0          0          0          0   __scatter.o
        28          0          0          0          0          0   __scatter_zi.o
        18          0          0          0          0         80   exit.o
         6          0          0          0          0        152   heapauxi.o
         0          0          0          0          0          0   indicate_semi.o
         2          0          0          0          0          0   libinit.o
         2          0          0          0          0          0   libinit2.o
         2          0          0          0          0          0   libshutdown.o
         2          0          0          0          0          0   libshutdown2.o
         8          4          0          0         96         68   libspace.o
         2          0          0          0          0          0   rtexit.o
        10          0          0          0          0          0   rtexit2.o
        12          4          0          0          0         68   sys_exit.o
        74          0          0          0          0         80   sys_stackheap_outer.o
         2          0          0          0          0         68   use_no_semi.o

    ----------------------------------------------------------------------
       296         16          0          0         96        584   Library Totals
         8          0          0          0          0          0   (incl. Padding)

    ----------------------------------------------------------------------

      Code (inc. data)   RO Data    RW Data    ZI Data      Debug   Library Name

       288         16          0          0         96        584   c_w.l

    ----------------------------------------------------------------------
       296         16          0          0         96        584   Library Totals

    ----------------------------------------------------------------------

==============================================================================


      Code (inc. data)   RO Data    RW Data    ZI Data      Debug   

      2844         42        280          0       1640      41582   Grand Totals
      2844         42        280          0       1640      41582   ELF Image Totals
      2844         42        280          0          0          0   ROM Totals

==============================================================================

    Total RO  Size (Code + RO Data)                 3124 (   3.05kB)
    Total RW  Size (RW Data + ZI Data)              1640 (   1.60kB)
    Total ROM Size (Code + RO Data + RW Data)       3124 (   3.05kB)

==============================================================================

